******************************************************************************
               TMS320C6x Linker PC v7.4.4                      
******************************************************************************
>> Linked Sat Dec 19 11:51:39 2020

OUTPUT FILE NAME:   <BiLinear_interpolation_dsp.out>
ENTRY POINT SYMBOL: "_c_int00"  address: 00408e40


MEMORY CONFIGURATION

         name            origin    length      used     unused   attr    fill
----------------------  --------  ---------  --------  --------  ----  --------
  IRAM                  00000000   00500000  00409a58  000f65a8  RWIX
  EMIFA_CS0             80000000   10000000  00000000  10000000  RWIX
  EMIFA_CS1             90000000   10000000  00000000  10000000  RWIX
  EMIFA_CS2             a0000000   10000000  00000000  10000000  RWIX
  EMIFA_CS3             b0000000   10000000  00000000  10000000  RWIX


SECTION ALLOCATION MAP

 output                                  attributes/
section   page    origin      length       input sections
--------  ----  ----------  ----------   ----------------
.stack     0    00000000    00200000     UNINITIALIZED
                  00000000    00000008     rts6400.lib : boot.obj (.stack)
                  00000008    001ffff8     --HOLE--

.data      0    00000000    00000000     UNINITIALIZED

.pinit     0    00000000    00000000     UNINITIALIZED

.sysmem    0    00200000    00200000     UNINITIALIZED
                  00200000    00000008     rts6400.lib : memory.obj (.sysmem)
                  00200008    001ffff8     --HOLE--

.text      0    00400000    000091e0     
                  00400000    00000620     rts6400.lib : _printfi.obj (.text:__getarg_diouxp)
                  00400620    000005c0                 : divd.obj (.text:__divd)
                  00400be0    00000580                 : fwrite.obj (.text:_fwrite)
                  00401160    000004e0                 : _printfi.obj (.text:__setfield)
                  00401640    000004c0                 : _printfi.obj (.text:__printfi)
                  00401b00    00000420                 : fputs.obj (.text:_fputs)
                  00401f20    00000400                 : _printfi.obj (.text:_fcvt)
                  00402320    000003e0                 : _printfi.obj (.text:__pproc_fge)
                  00402700    000003e0     main.obj (.text)
                  00402ae0    000003c0     rts6400.lib : _printfi.obj (.text:_ecvt)
                  00402ea0    00000340     imresize.obj (.text)
                  004031e0    00000320     rts6400.lib : _printfi.obj (.text:__pconv_e)
                  00403500    00000300                 : _printfi.obj (.text:__pproc_fwp)
                  00403800    00000300                 : fread.obj (.text:_fread)
                  00403b00    000002e0                 : memory.obj (.text:_free)
                  00403de0    000002c0                 : imath64.obj (.text:__divull)
                  004040a0    000002a0                 : _printfi.obj (.text:__pproc_diouxp)
                  00404340    00000280                 : mpyd.obj (.text:__mpyd)
                  004045c0    00000260                 : frcaddd.obj (.text:__frcaddd)
                  00404820    00000260                 : _printfi.obj (.text:__pproc_str)
                  00404a80    00000260                 : fputc.obj (.text:_fputc)
                  00404ce0    00000240                 : addd.obj (.text:__addd)
                  00404f20    00000240                 : _printfi.obj (.text:__pconv_g)
                  00405160    00000240                 : setvbuf.obj (.text:_setvbuf)
                  004053a0    00000200                 : trgdrv.obj (.text:_HOSTrename)
                  004055a0    00000200                 : _printfi.obj (.text:__mcpy)
                  004057a0    000001e0                 : fopen.obj (.text:__openfile)
                  00405980    000001c0                 : memory.obj (.text:_malloc)
                  00405b40    000001c0                 : lowlev.obj (.text:_open)
                  00405d00    000001a0                 : imath40.obj (.text:__divul)
                  00405ea0    00000180                 : fseek.obj (.text:_fseek)
                  00406020    00000180                 : lowlev.obj (.text:_getdevice)
                  004061a0    00000160                 : _printfi.obj (.text:__ltostr)
                  00406300    00000160                 : _printfi.obj (.text:__pproc_fflags)
                  00406460    00000140                 : fclose.obj (.text:__closefile)
                  004065a0    00000140                 : fopen.obj (.text:__search_fp)
                  004066e0    00000120                 : trgdrv.obj (.text:_HOSTlseek)
                  00406800    00000120                 : _bufread.obj (.text:__buff_read)
                  00406920    00000120                 : frcmpyd.obj (.text:__frcmpyd)
                  00406a40    00000120                 : _io_perm.obj (.text:__wrt_ok)
                  00406b60    00000120                 : atoi.obj (.text:_atoi)
                  00406c80    00000100                 : trgdrv.obj (.text:_HOSTopen)
                  00406d80    00000100                 : trgdrv.obj (.text:_HOSTread)
                  00406e80    00000100                 : trgdrv.obj (.text:_HOSTwrite)
                  00406f80    00000100                 : frcmpyd_div.obj (.text:__frcmpyd_div)
                  00407080    00000100                 : lowlev.obj (.text:_close)
                  00407180    00000100                 : ltoa.obj (.text:_ltoa)
                  00407280    00000100                 : memset.obj (.text:_memset)
                  00407380    000000e0                 : trgdrv.obj (.text:_HOSTunlink)
                  00407460    000000e0                 : autoinit.obj (.text:__auto_init)
                  00407540    000000e0                 : cmpd.obj (.text:__cmpd)
                  00407620    000000e0                 : _printfi.obj (.text:__div)
                  00407700    000000e0                 : fflush.obj (.text:__doflush)
                  004077e0    000000e0                 : _printfi.obj (.text:__pconv_f)
                  004078c0    000000e0                 : memcpy64.obj (.text:_memcpy)
                  004079a0    000000e0                 : memory.obj (.text:_mremove)
                  00407a80    000000e0                 : printf.obj (.text:_printf)
                  00407b60    000000c0                 : trgdrv.obj (.text:_HOSTclose)
                  00407c20    000000c0                 : fopen.obj (.text:__cleanup)
                  00407ce0    000000c0                 : divu.obj (.text:__divu)
                  00407da0    000000c0                 : _printfi.obj (.text:__ecpy)
                  00407e60    000000c0                 : _printfi.obj (.text:__fcpy)
                  00407f20    000000c0                 : _io_perm.obj (.text:__rd_ok)
                  00407fe0    000000c0                 : exit.obj (.text:_exit)
                  004080a0    000000c0                 : lowlev.obj (.text:_lseek)
                  00408160    000000c0                 : memory.obj (.text:_minsert)
                  00408220    000000c0                 : lowlev.obj (.text:_read)
                  004082e0    000000c0                 : lowlev.obj (.text:_write)
                  004083a0    000000a0                 : imath40.obj (.text:__divli)
                  00408440    000000a0                 : fixdi.obj (.text:__fixdi)
                  004084e0    000000a0                 : fixdli.obj (.text:__fixdli)
                  00408580    000000a0                 : renormd.obj (.text:__renormd)
                  00408620    000000a0                 : cpy_tbl.obj (.text:_copy_in)
                  004086c0    000000a0                 : lowlev.obj (.text:_finddevice)
                  00408760    000000a0                 : lowlev.obj (.text:_tabinit)
                  00408800    000000a0     division.obj (.text)
                  004088a0    00000080     rts6400.lib : cpp_init.obj (.text:___TI_cpp_init)
                  00408920    00000080                 : fltlid.obj (.text:__fltlid)
                  004089a0    00000080                 : llshift.obj (.text:__llshl)
                  00408a20    00000080                 : mpyll.obj (.text:__mpyll)
                  00408aa0    00000080                 : fclose.obj (.text:_fclose)
                  00408b20    00000080                 : fopen.obj (.text:_fopen)
                  00408ba0    00000080                 : memccpy.obj (.text:_memccpy)
                  00408c20    00000080                 : trgmsg.obj (.text:_readmsg)
                  00408ca0    00000080                 : lowlev.obj (.text:_unlink)
                  00408d20    00000060                 : llshift.obj (.text:__llshru)
                  00408d80    00000060                 : imath40.obj (.text:__remli)
                  00408de0    00000060                 : imath64.obj (.text:__subcull)
                  00408e40    00000060                 : boot.obj (.text:_c_int00)
                  00408ea0    00000060                 : trgmsg.obj (.text:_writemsg)
                  00408f00    00000060     multiply32.obj (.text)
                  00408f60    00000040     rts6400.lib : isinf.obj (.text:___isinf)
                  00408fa0    00000040                 : _printfi.obj (.text:___isnan)
                  00408fe0    00000040                 : args_main.obj (.text:__args_main)
                  00409020    00000040                 : negd.obj (.text:__negd)
                  00409060    00000040                 : subd.obj (.text:__subd)
                  004090a0    00000040     ceil.obj (.text)
                  004090e0    00000020     rts6400.lib : negll.obj (.text:__negll)
                  00409100    00000020                 : _lock.obj (.text:__nop)
                  00409120    00000020                 : printf.obj (.text:__outc)
                  00409140    00000020                 : printf.obj (.text:__outs)
                  00409160    00000020                 : exit.obj (.text:_abort)
                  00409180    00000020                 : remove.obj (.text:_remove)
                  004091a0    00000020                 : rewind.obj (.text:_rewind)
                  004091c0    00000020     floor.obj (.text)

.far       0    004091e0    00000468     UNINITIALIZED
                  004091e0    00000324     rts6400.lib : defs.obj (.far)
                  00409504    00000004                 : fopen.obj (.far)
                  00409508    0000011c                 : lowlev.obj (.far)
                  00409624    0000000c                 : exit.obj (.far)
                  00409630    00000008                 : _lock.obj (.far)
                  00409638    00000008                 : memory.obj (.far)
                  00409640    00000008                 : trgdrv.obj (.far)

.const     0    00409648    00000188     
                  00409648    00000101     rts6400.lib : ctype.obj (.const:.string:__ctypes_)
                  00409749    00000002                 : fputs.obj (.const:.string)
                  0040974b    00000001     --HOLE-- [fill = 0]
                  0040974c    00000030     main.obj (.const:.string)
                  0040977c    00000023     rts6400.lib : _printfi.obj (.const:.string)
                  0040979f    00000001     --HOLE-- [fill = 0]
                  004097a0    0000000c     main.obj (.const:.string:_iFileName)
                  004097ac    00000004     --HOLE-- [fill = 0]
                  004097b0    0000000c     main.obj (.const:.string:_oFileName)
                  004097bc    00000004     --HOLE-- [fill = 0]
                  004097c0    00000008     rts6400.lib : divd.obj (.const:.string:_initial_approx$1)
                  004097c8    00000008     main.obj (.const:_output_size)

.cinit     0    004097d0    00000164     
                  004097d0    0000005c     rts6400.lib : defs.obj (.cinit)
                  0040982c    00000004     --HOLE-- [fill = 0]
                  00409830    0000005c                 : lowlev.obj (.cinit)
                  0040988c    00000004     --HOLE-- [fill = 0]
                  00409890    0000002c                 : exit.obj (.cinit)
                  004098bc    00000004     --HOLE-- [fill = 0]
                  004098c0    0000002c                 : memory.obj (.cinit)
                  004098ec    00000004     --HOLE-- [fill = 0]
                  004098f0    0000001c                 : _lock.obj (.cinit)
                  0040990c    00000004     --HOLE-- [fill = 0]
                  00409910    0000000c     main.obj (.cinit)
                  0040991c    00000004     --HOLE-- [fill = 0]
                  00409920    0000000c     rts6400.lib : fopen.obj (.cinit)
                  0040992c    00000004     --HOLE-- [fill = 0]
                  00409930    00000004     (.pad.cinit) [fill = 0]

.bss       0    00409934    00000004     UNINITIALIZED
                  00409934    00000004     main.obj (.bss)

.cio       0    00409938    00000120     UNINITIALIZED
                  00409938    00000120     rts6400.lib : trgmsg.obj (.cio)


GLOBAL SYMBOLS: SORTED ALPHABETICALLY BY Name 

address    name
--------   ----
00409934   $bss
00409934   .bss
00000000   .data
00400000   .text
00409160   C$$EXIT
00408ef8   C$$IO$$
00407b60   _HOSTclose
004066e0   _HOSTlseek
00406c80   _HOSTopen
00406d80   _HOSTread
004053a0   _HOSTrename
00407380   _HOSTunlink
00406e80   _HOSTwrite
00409938   __CIOBUF_
00200000   __STACK_END
00200000   __STACK_SIZE
00200000   __SYSMEM_SIZE
00000001   __TI_args_main
004088a0   ___TI_cpp_init
0040962c   ___TI_enable_exit_profile_output
ffffffff   ___TI_pprof_out_hndl
ffffffff   ___TI_prof_data_size
ffffffff   ___TI_prof_data_start
ffffffff   ___binit__
00409934   ___bss__
ffffffff   ___c_args__
004097d0   ___cinit__
00000000   ___data__
00000000   ___edata__
00409938   ___end__
004091e0   ___etext__
00408f60   ___isinf
ffffffff   ___pinit__
00400000   ___text__
00404ce0   __addd
00408fe0   __args_main
00407460   __auto_init
00406800   __buff_read
00407ce0   __c6xabi_divu
00407c20   __cleanup
00409624   __cleanup_ptr
00406460   __closefile
00407540   __cmpd
00409648   __ctypes_
00400620   __divd
004083a0   __divli
00407ce0   __divu
00405d00   __divul
00403de0   __divull
00407700   __doflush
00409628   __dtors_ptr
00408440   __fixdi
004084e0   __fixdli
00408920   __fltlid
004045c0   __frcaddd
00406920   __frcmpyd
00406f80   __frcmpyd_div
00409500   __ft_end
004091e0   __ftable
004089a0   __llshl
00408d20   __llshru
00409630   __lock
00404340   __mpyd
00408a20   __mpyll
00409020   __negd
004090e0   __negll
00409100   __nop
00401640   __printfi
00407f20   __rd_ok
00408d80   __remli
00408580   __renormd
00000000   __stack
00408de0   __subcull
00409060   __subd
00200000   __sys_memory
004093c0   __tmpnams
00409634   __unlock
00406a40   __wrt_ok
00409160   _abort
00406b60   _atoi
00408e40   _c_int00
00407080   _close
00408620   _copy_in
00408800   _division
00407fe0   _exit
00408aa0   _fclose
00408b20   _fopen
00404a80   _fputc
00401b00   _fputs
00403800   _fread
00403b00   _free
00405ea0   _fseek
00400be0   _fwrite
004097a0   _iFileName
00402ea0   _imresize
004080a0   _lseek
00407180   _ltoa
00402700   _main
00405980   _malloc
00408ba0   _memccpy
004078c0   _memcpy
00407280   _memset
00408f00   _multiply32
004090a0   _my_ceil
004091c0   _my_floor
004097b0   _oFileName
00405b40   _open
004097c8   _output_size
00407a80   _printf
00404a80   _putc
00409934   _radix_pos
00408220   _read
00408c20   _readmsg
00409180   _remove
004091a0   _rewind
00405160   _setvbuf
00408ca0   _unlink
004082e0   _write
00408ea0   _writemsg
ffffffff   binit
004097d0   cinit
00000000   edata
00409938   end
004091e0   etext
ffffffff   pinit


GLOBAL SYMBOLS: SORTED BY Symbol Address 

address    name
--------   ----
00000000   .data
00000000   ___data__
00000000   ___edata__
00000000   __stack
00000000   edata
00000001   __TI_args_main
00200000   __STACK_END
00200000   __STACK_SIZE
00200000   __SYSMEM_SIZE
00200000   __sys_memory
00400000   .text
00400000   ___text__
00400620   __divd
00400be0   _fwrite
00401640   __printfi
00401b00   _fputs
00402700   _main
00402ea0   _imresize
00403800   _fread
00403b00   _free
00403de0   __divull
00404340   __mpyd
004045c0   __frcaddd
00404a80   _fputc
00404a80   _putc
00404ce0   __addd
00405160   _setvbuf
004053a0   _HOSTrename
00405980   _malloc
00405b40   _open
00405d00   __divul
00405ea0   _fseek
00406460   __closefile
004066e0   _HOSTlseek
00406800   __buff_read
00406920   __frcmpyd
00406a40   __wrt_ok
00406b60   _atoi
00406c80   _HOSTopen
00406d80   _HOSTread
00406e80   _HOSTwrite
00406f80   __frcmpyd_div
00407080   _close
00407180   _ltoa
00407280   _memset
00407380   _HOSTunlink
00407460   __auto_init
00407540   __cmpd
00407700   __doflush
004078c0   _memcpy
00407a80   _printf
00407b60   _HOSTclose
00407c20   __cleanup
00407ce0   __c6xabi_divu
00407ce0   __divu
00407f20   __rd_ok
00407fe0   _exit
004080a0   _lseek
00408220   _read
004082e0   _write
004083a0   __divli
00408440   __fixdi
004084e0   __fixdli
00408580   __renormd
00408620   _copy_in
00408800   _division
004088a0   ___TI_cpp_init
00408920   __fltlid
004089a0   __llshl
00408a20   __mpyll
00408aa0   _fclose
00408b20   _fopen
00408ba0   _memccpy
00408c20   _readmsg
00408ca0   _unlink
00408d20   __llshru
00408d80   __remli
00408de0   __subcull
00408e40   _c_int00
00408ea0   _writemsg
00408ef8   C$$IO$$
00408f00   _multiply32
00408f60   ___isinf
00408fe0   __args_main
00409020   __negd
00409060   __subd
004090a0   _my_ceil
004090e0   __negll
00409100   __nop
00409160   C$$EXIT
00409160   _abort
00409180   _remove
004091a0   _rewind
004091c0   _my_floor
004091e0   ___etext__
004091e0   __ftable
004091e0   etext
004093c0   __tmpnams
00409500   __ft_end
00409624   __cleanup_ptr
00409628   __dtors_ptr
0040962c   ___TI_enable_exit_profile_output
00409630   __lock
00409634   __unlock
00409648   __ctypes_
004097a0   _iFileName
004097b0   _oFileName
004097c8   _output_size
004097d0   ___cinit__
004097d0   cinit
00409934   $bss
00409934   .bss
00409934   ___bss__
00409934   _radix_pos
00409938   __CIOBUF_
00409938   ___end__
00409938   end
ffffffff   ___TI_pprof_out_hndl
ffffffff   ___TI_prof_data_size
ffffffff   ___TI_prof_data_start
ffffffff   ___binit__
ffffffff   ___c_args__
ffffffff   ___pinit__
ffffffff   binit
ffffffff   pinit

[125 symbols]
