******************************************************************************
               TMS320C6x Linker PC v7.4.4                      
******************************************************************************
>> Linked Fri Dec 18 22:16:47 2020

OUTPUT FILE NAME:   <BiLinear_interpolation_dsp.out>
ENTRY POINT SYMBOL: "_c_int00"  address: 0040a960


MEMORY CONFIGURATION

         name            origin    length      used     unused   attr    fill
----------------------  --------  ---------  --------  --------  ----  --------
  IRAM                  00000000   00500000  0040b848  000f47b8  RWIX
  EMIFA_CS0             80000000   10000000  00000000  10000000  RWIX
  EMIFA_CS1             90000000   10000000  00000000  10000000  RWIX
  EMIFA_CS2             a0000000   10000000  00000000  10000000  RWIX
  EMIFA_CS3             b0000000   10000000  00000000  10000000  RWIX


SECTION ALLOCATION MAP

 output                                  attributes/
section   page    origin      length       input sections
--------  ----  ----------  ----------   ----------------
.stack     0    00000000    00200000     UNINITIALIZED
                  00000000    00000008     rts6400.lib : boot.obj (.stack)
                  00000008    001ffff8     --HOLE--

.bss       0    00000000    00000000     UNINITIALIZED

.data      0    00000000    00000000     UNINITIALIZED

.pinit     0    00000000    00000000     UNINITIALIZED

.sysmem    0    00200000    00200000     UNINITIALIZED
                  00200000    00000008     rts6400.lib : memory.obj (.sysmem)
                  00200008    001ffff8     --HOLE--

.text      0    00400000    0000ad20     
                  00400000    00000c60     rts6400.lib : pow.obj (.text:_pow)
                  00400c60    000006e0     main.obj (.text)
                  00401340    00000620     rts6400.lib : _printfi.obj (.text:__getarg_diouxp)
                  00401960    000005c0                 : divd.obj (.text:__divd)
                  00401f20    00000580                 : fwrite.obj (.text:_fwrite)
                  004024a0    000004e0                 : _printfi.obj (.text:__setfield)
                  00402980    000004c0                 : _printfi.obj (.text:__printfi)
                  00402e40    00000420                 : fputs.obj (.text:_fputs)
                  00403260    00000400                 : _printfi.obj (.text:_fcvt)
                  00403660    000003e0                 : _printfi.obj (.text:__pproc_fge)
                  00403a40    000003c0                 : _printfi.obj (.text:_ecvt)
                  00403e00    00000380                 : addf.obj (.text:__addf)
                  00404180    00000340     imresize.obj (.text)
                  004044c0    00000320     rts6400.lib : _printfi.obj (.text:__pconv_e)
                  004047e0    00000300                 : _printfi.obj (.text:__pproc_fwp)
                  00404ae0    00000300                 : fread.obj (.text:_fread)
                  00404de0    000002e0                 : memory.obj (.text:_free)
                  004050c0    000002c0                 : imath64.obj (.text:__divull)
                  00405380    000002a0                 : _printfi.obj (.text:__pproc_diouxp)
                  00405620    00000280                 : mpyd.obj (.text:__mpyd)
                  004058a0    00000260                 : frcaddd.obj (.text:__frcaddd)
                  00405b00    00000260                 : _printfi.obj (.text:__pproc_str)
                  00405d60    00000260                 : fputc.obj (.text:_fputc)
                  00405fc0    00000240                 : addd.obj (.text:__addd)
                  00406200    00000240                 : _printfi.obj (.text:__pconv_g)
                  00406440    00000240                 : ldexp.obj (.text:_ldexp)
                  00406680    00000240                 : setvbuf.obj (.text:_setvbuf)
                  004068c0    00000200                 : trgdrv.obj (.text:_HOSTrename)
                  00406ac0    00000200                 : _printfi.obj (.text:__mcpy)
                  00406cc0    000001e0                 : fopen.obj (.text:__openfile)
                  00406ea0    000001e0                 : frexp.obj (.text:_frexp)
                  00407080    000001c0                 : memory.obj (.text:_malloc)
                  00407240    000001c0                 : lowlev.obj (.text:_open)
                  00407400    000001a0                 : imath40.obj (.text:__divul)
                  004075a0    00000180                 : fseek.obj (.text:_fseek)
                  00407720    00000180                 : lowlev.obj (.text:_getdevice)
                  004078a0    00000160                 : _printfi.obj (.text:__ltostr)
                  00407a00    00000160                 : round.obj (.text:__nround)
                  00407b60    00000160                 : _printfi.obj (.text:__pproc_fflags)
                  00407cc0    00000140                 : fclose.obj (.text:__closefile)
                  00407e00    00000140                 : fopen.obj (.text:__search_fp)
                  00407f40    00000120                 : trgdrv.obj (.text:_HOSTlseek)
                  00408060    00000120                 : _bufread.obj (.text:__buff_read)
                  00408180    00000120                 : frcmpyd.obj (.text:__frcmpyd)
                  004082a0    00000120                 : _io_perm.obj (.text:__wrt_ok)
                  004083c0    00000120                 : atoi.obj (.text:_atoi)
                  004084e0    00000100                 : trgdrv.obj (.text:_HOSTopen)
                  004085e0    00000100                 : trgdrv.obj (.text:_HOSTread)
                  004086e0    00000100                 : trgdrv.obj (.text:_HOSTwrite)
                  004087e0    00000100                 : frcmpyd_div.obj (.text:__frcmpyd_div)
                  004088e0    00000100                 : lowlev.obj (.text:_close)
                  004089e0    00000100                 : ltoa.obj (.text:_ltoa)
                  00408ae0    00000100                 : memset.obj (.text:_memset)
                  00408be0    000000e0                 : trgdrv.obj (.text:_HOSTunlink)
                  00408cc0    000000e0                 : autoinit.obj (.text:__auto_init)
                  00408da0    000000e0                 : cmpd.obj (.text:__cmpd)
                  00408e80    000000e0                 : _printfi.obj (.text:__div)
                  00408f60    000000e0                 : fflush.obj (.text:__doflush)
                  00409040    000000e0                 : _printfi.obj (.text:__pconv_f)
                  00409120    000000e0                 : memcpy64.obj (.text:_memcpy)
                  00409200    000000e0                 : modf.obj (.text:_modf)
                  004092e0    000000e0                 : memory.obj (.text:_mremove)
                  004093c0    000000e0                 : printf.obj (.text:_printf)
                  004094a0    000000c0                 : trgdrv.obj (.text:_HOSTclose)
                  00409560    000000c0                 : fopen.obj (.text:__cleanup)
                  00409620    000000c0                 : cvtdf.obj (.text:__cvtdf)
                  004096e0    000000c0                 : divu.obj (.text:__divu)
                  004097a0    000000c0                 : _printfi.obj (.text:__ecpy)
                  00409860    000000c0                 : _printfi.obj (.text:__fcpy)
                  00409920    000000c0                 : _io_perm.obj (.text:__rd_ok)
                  004099e0    000000c0                 : exit.obj (.text:_exit)
                  00409aa0    000000c0                 : lowlev.obj (.text:_lseek)
                  00409b60    000000c0                 : memory.obj (.text:_minsert)
                  00409c20    000000c0                 : lowlev.obj (.text:_read)
                  00409ce0    000000c0                 : lowlev.obj (.text:_write)
                  00409da0    000000a0                 : imath40.obj (.text:__divli)
                  00409e40    000000a0                 : fixdi.obj (.text:__fixdi)
                  00409ee0    000000a0                 : fixdli.obj (.text:__fixdli)
                  00409f80    000000a0                 : renormd.obj (.text:__renormd)
                  0040a020    000000a0                 : cpy_tbl.obj (.text:_copy_in)
                  0040a0c0    000000a0                 : lowlev.obj (.text:_finddevice)
                  0040a160    000000a0                 : lowlev.obj (.text:_tabinit)
                  0040a200    000000a0     division.obj (.text)
                  0040a2a0    00000080     rts6400.lib : cpp_init.obj (.text:___TI_cpp_init)
                  0040a320    00000080                 : fltlid.obj (.text:__fltlid)
                  0040a3a0    00000080                 : llshift.obj (.text:__llshl)
                  0040a420    00000080                 : mpyll.obj (.text:__mpyll)
                  0040a4a0    00000080                 : fclose.obj (.text:_fclose)
                  0040a520    00000080                 : fopen.obj (.text:_fopen)
                  0040a5a0    00000080                 : memccpy.obj (.text:_memccpy)
                  0040a620    00000080                 : trgmsg.obj (.text:_readmsg)
                  0040a6a0    00000080                 : lowlev.obj (.text:_unlink)
                  0040a720    00000060                 : cvtfd.obj (.text:__cvtfd)
                  0040a780    00000060                 : fltid.obj (.text:__fltid)
                  0040a7e0    00000060                 : fltif.obj (.text:__fltif)
                  0040a840    00000060                 : llshift.obj (.text:__llshru)
                  0040a8a0    00000060                 : imath40.obj (.text:__remli)
                  0040a900    00000060                 : imath64.obj (.text:__subcull)
                  0040a960    00000060                 : boot.obj (.text:_c_int00)
                  0040a9c0    00000060                 : trgmsg.obj (.text:_writemsg)
                  0040aa20    00000060     multiply32.obj (.text)
                  0040aa80    00000040     rts6400.lib : isinf.obj (.text:___isinf)
                  0040aac0    00000040                 : _printfi.obj (.text:___isnan)
                  0040ab00    00000040                 : args_main.obj (.text:__args_main)
                  0040ab40    00000040                 : negd.obj (.text:__negd)
                  0040ab80    00000040                 : subd.obj (.text:__subd)
                  0040abc0    00000040     ceil.obj (.text)
                  0040ac00    00000020     rts6400.lib : negll.obj (.text:__negll)
                  0040ac20    00000020                 : _lock.obj (.text:__nop)
                  0040ac40    00000020                 : printf.obj (.text:__outc)
                  0040ac60    00000020                 : printf.obj (.text:__outs)
                  0040ac80    00000020                 : trunc.obj (.text:__trunc)
                  0040aca0    00000020                 : exit.obj (.text:_abort)
                  0040acc0    00000020                 : remove.obj (.text:_remove)
                  0040ace0    00000020                 : rewind.obj (.text:_rewind)
                  0040ad00    00000020     floor.obj (.text)

.far       0    0040ad20    0000058c     UNINITIALIZED
                  0040ad20    00000324     rts6400.lib : defs.obj (.far)
                  0040b044    00000004                 : errno.obj (.far)
                  0040b048    00000120                 : pow.obj (.far)
                  0040b168    0000011c                 : lowlev.obj (.far)
                  0040b284    0000000c                 : exit.obj (.far)
                  0040b290    00000008                 : _lock.obj (.far)
                  0040b298    00000008                 : memory.obj (.far)
                  0040b2a0    00000008                 : trgdrv.obj (.far)
                  0040b2a8    00000004                 : fopen.obj (.far)

.cinit     0    0040b2b0    000002a4     
                  0040b2b0    00000140     rts6400.lib : pow.obj (.cinit)
                  0040b3f0    0000005c                 : defs.obj (.cinit)
                  0040b44c    00000004     --HOLE-- [fill = 0]
                  0040b450    0000005c                 : lowlev.obj (.cinit)
                  0040b4ac    00000004     --HOLE-- [fill = 0]
                  0040b4b0    0000002c                 : exit.obj (.cinit)
                  0040b4dc    00000004     --HOLE-- [fill = 0]
                  0040b4e0    0000002c                 : memory.obj (.cinit)
                  0040b50c    00000004     --HOLE-- [fill = 0]
                  0040b510    0000001c                 : _lock.obj (.cinit)
                  0040b52c    00000004     --HOLE-- [fill = 0]
                  0040b530    0000000c                 : errno.obj (.cinit)
                  0040b53c    00000004     --HOLE-- [fill = 0]
                  0040b540    0000000c                 : fopen.obj (.cinit)
                  0040b54c    00000004     --HOLE-- [fill = 0]
                  0040b550    00000004     (.pad.cinit) [fill = 0]

.const     0    0040b558    000001d8     
                  0040b558    00000101     rts6400.lib : ctype.obj (.const:.string:__ctypes_)
                  0040b659    00000002                 : fputs.obj (.const:.string)
                  0040b65b    00000001     --HOLE-- [fill = 0]
                  0040b65c    0000003c     main.obj (.const:.string)
                  0040b698    00000023     rts6400.lib : _printfi.obj (.const:.string)
                  0040b6bb    00000005     --HOLE-- [fill = 0]
                  0040b6c0    0000001c     main.obj (.const:_$P$T0$1)
                  0040b6dc    00000004     --HOLE-- [fill = 0]
                  0040b6e0    0000001c     main.obj (.const:_$P$T1$2)
                  0040b6fc    00000004     --HOLE-- [fill = 0]
                  0040b700    0000000c     main.obj (.const:.string:_iFileName)
                  0040b70c    00000004     --HOLE-- [fill = 0]
                  0040b710    0000000c     main.obj (.const:.string:_oFileName)
                  0040b71c    00000004     --HOLE-- [fill = 0]
                  0040b720    00000008     rts6400.lib : divd.obj (.const:.string:_initial_approx$1)
                  0040b728    00000008     main.obj (.const:_output_size)

.cio       0    0040b730    00000120     UNINITIALIZED
                  0040b730    00000120     rts6400.lib : trgmsg.obj (.cio)


GLOBAL SYMBOLS: SORTED ALPHABETICALLY BY Name 

address    name
--------   ----
00000000   $bss
00000000   .bss
00000000   .data
00400000   .text
0040aca0   C$$EXIT
0040aa18   C$$IO$$
004094a0   _HOSTclose
00407f40   _HOSTlseek
004084e0   _HOSTopen
004085e0   _HOSTread
004068c0   _HOSTrename
00408be0   _HOSTunlink
004086e0   _HOSTwrite
0040b730   __CIOBUF_
00200000   __STACK_END
00200000   __STACK_SIZE
00200000   __SYSMEM_SIZE
00000001   __TI_args_main
0040a2a0   ___TI_cpp_init
0040b28c   ___TI_enable_exit_profile_output
ffffffff   ___TI_pprof_out_hndl
ffffffff   ___TI_prof_data_size
ffffffff   ___TI_prof_data_start
ffffffff   ___binit__
00000000   ___bss__
ffffffff   ___c_args__
0040b2b0   ___cinit__
00000000   ___data__
00000000   ___edata__
00000000   ___end__
0040ad20   ___etext__
0040aa80   ___isinf
ffffffff   ___pinit__
00400000   ___text__
00405fc0   __addd
00403e00   __addf
0040ab00   __args_main
00408cc0   __auto_init
00408060   __buff_read
004096e0   __c6xabi_divu
00409560   __cleanup
0040b284   __cleanup_ptr
00407cc0   __closefile
00408da0   __cmpd
0040b558   __ctypes_
00409620   __cvtdf
0040a720   __cvtfd
00401960   __divd
00409da0   __divli
004096e0   __divu
00407400   __divul
004050c0   __divull
00408f60   __doflush
0040b288   __dtors_ptr
00409e40   __fixdi
00409ee0   __fixdli
0040a780   __fltid
0040a7e0   __fltif
0040a320   __fltlid
004058a0   __frcaddd
00408180   __frcmpyd
004087e0   __frcmpyd_div
0040b040   __ft_end
0040ad20   __ftable
0040a3a0   __llshl
0040a840   __llshru
0040b290   __lock
00405620   __mpyd
0040a420   __mpyll
0040ab40   __negd
0040ac00   __negll
0040ac20   __nop
00407a00   __nround
00402980   __printfi
00409920   __rd_ok
0040a8a0   __remli
00409f80   __renormd
00000000   __stack
0040a900   __subcull
0040ab80   __subd
00200000   __sys_memory
0040af00   __tmpnams
0040ac80   __trunc
0040b294   __unlock
004082a0   __wrt_ok
0040aca0   _abort
004083c0   _atoi
0040a960   _c_int00
004088e0   _close
0040a020   _copy_in
0040a200   _division
0040b044   _errno
004099e0   _exit
0040a4a0   _fclose
0040a520   _fopen
00405d60   _fputc
00402e40   _fputs
00404ae0   _fread
00404de0   _free
00406ea0   _frexp
004075a0   _fseek
00401f20   _fwrite
0040b700   _iFileName
00404180   _imresize
00406440   _ldexp
00409aa0   _lseek
004089e0   _ltoa
00400c60   _main
00407080   _malloc
0040a5a0   _memccpy
00409120   _memcpy
00408ae0   _memset
00409200   _modf
0040aa20   _multiply32
0040abc0   _my_ceil
0040ad00   _my_floor
0040b710   _oFileName
00407240   _open
0040b728   _output_size
00400000   _pow
004093c0   _printf
00405d60   _putc
00409c20   _read
0040a620   _readmsg
0040acc0   _remove
0040ace0   _rewind
00406680   _setvbuf
00401220   _show_fix_point
00401034   _test_main
0040a6a0   _unlink
00409ce0   _write
0040a9c0   _writemsg
ffffffff   binit
0040b2b0   cinit
00000000   edata
00000000   end
0040ad20   etext
ffffffff   pinit


GLOBAL SYMBOLS: SORTED BY Symbol Address 

address    name
--------   ----
00000000   $bss
00000000   .bss
00000000   .data
00000000   ___bss__
00000000   ___data__
00000000   ___edata__
00000000   ___end__
00000000   __stack
00000000   edata
00000000   end
00000001   __TI_args_main
00200000   __STACK_END
00200000   __STACK_SIZE
00200000   __SYSMEM_SIZE
00200000   __sys_memory
00400000   .text
00400000   ___text__
00400000   _pow
00400c60   _main
00401034   _test_main
00401220   _show_fix_point
00401960   __divd
00401f20   _fwrite
00402980   __printfi
00402e40   _fputs
00403e00   __addf
00404180   _imresize
00404ae0   _fread
00404de0   _free
004050c0   __divull
00405620   __mpyd
004058a0   __frcaddd
00405d60   _fputc
00405d60   _putc
00405fc0   __addd
00406440   _ldexp
00406680   _setvbuf
004068c0   _HOSTrename
00406ea0   _frexp
00407080   _malloc
00407240   _open
00407400   __divul
004075a0   _fseek
00407a00   __nround
00407cc0   __closefile
00407f40   _HOSTlseek
00408060   __buff_read
00408180   __frcmpyd
004082a0   __wrt_ok
004083c0   _atoi
004084e0   _HOSTopen
004085e0   _HOSTread
004086e0   _HOSTwrite
004087e0   __frcmpyd_div
004088e0   _close
004089e0   _ltoa
00408ae0   _memset
00408be0   _HOSTunlink
00408cc0   __auto_init
00408da0   __cmpd
00408f60   __doflush
00409120   _memcpy
00409200   _modf
004093c0   _printf
004094a0   _HOSTclose
00409560   __cleanup
00409620   __cvtdf
004096e0   __c6xabi_divu
004096e0   __divu
00409920   __rd_ok
004099e0   _exit
00409aa0   _lseek
00409c20   _read
00409ce0   _write
00409da0   __divli
00409e40   __fixdi
00409ee0   __fixdli
00409f80   __renormd
0040a020   _copy_in
0040a200   _division
0040a2a0   ___TI_cpp_init
0040a320   __fltlid
0040a3a0   __llshl
0040a420   __mpyll
0040a4a0   _fclose
0040a520   _fopen
0040a5a0   _memccpy
0040a620   _readmsg
0040a6a0   _unlink
0040a720   __cvtfd
0040a780   __fltid
0040a7e0   __fltif
0040a840   __llshru
0040a8a0   __remli
0040a900   __subcull
0040a960   _c_int00
0040a9c0   _writemsg
0040aa18   C$$IO$$
0040aa20   _multiply32
0040aa80   ___isinf
0040ab00   __args_main
0040ab40   __negd
0040ab80   __subd
0040abc0   _my_ceil
0040ac00   __negll
0040ac20   __nop
0040ac80   __trunc
0040aca0   C$$EXIT
0040aca0   _abort
0040acc0   _remove
0040ace0   _rewind
0040ad00   _my_floor
0040ad20   ___etext__
0040ad20   __ftable
0040ad20   etext
0040af00   __tmpnams
0040b040   __ft_end
0040b044   _errno
0040b284   __cleanup_ptr
0040b288   __dtors_ptr
0040b28c   ___TI_enable_exit_profile_output
0040b290   __lock
0040b294   __unlock
0040b2b0   ___cinit__
0040b2b0   cinit
0040b558   __ctypes_
0040b700   _iFileName
0040b710   _oFileName
0040b728   _output_size
0040b730   __CIOBUF_
ffffffff   ___TI_pprof_out_hndl
ffffffff   ___TI_prof_data_size
ffffffff   ___TI_prof_data_start
ffffffff   ___binit__
ffffffff   ___c_args__
ffffffff   ___pinit__
ffffffff   binit
ffffffff   pinit

[138 symbols]
