<?xml version="1.0"?>
<link_info>
   <banner>TMS320C6x Linker PC v7.4.4</banner>
   <copyright>Copyright (c) 1996-2013 Texas Instruments Incorporated</copyright>
   <link_time>0x5fdc80ed</link_time>
   <output_file>BiLinear_interpolation_dsp.out</output_file>
   <entry_point>
      <name>_c_int00</name>
      <address>0x408d80</address>
   </entry_point>
   <input_file_list>
      <input_file id="fl-2">
         <path>.\</path>
         <kind>object</kind>
         <file>test_division.obj</file>
         <name>test_division.obj</name>
      </input_file>
      <input_file id="fl-3">
         <path>.\</path>
         <kind>object</kind>
         <file>multiply32.obj</file>
         <name>multiply32.obj</name>
      </input_file>
      <input_file id="fl-4">
         <path>.\</path>
         <kind>object</kind>
         <file>main.obj</file>
         <name>main.obj</name>
      </input_file>
      <input_file id="fl-5">
         <path>.\</path>
         <kind>object</kind>
         <file>imresize.obj</file>
         <name>imresize.obj</name>
      </input_file>
      <input_file id="fl-6">
         <path>.\</path>
         <kind>object</kind>
         <file>floor.obj</file>
         <name>floor.obj</name>
      </input_file>
      <input_file id="fl-7">
         <path>.\</path>
         <kind>object</kind>
         <file>division.obj</file>
         <name>division.obj</name>
      </input_file>
      <input_file id="fl-8">
         <path>.\</path>
         <kind>object</kind>
         <file>ceil.obj</file>
         <name>ceil.obj</name>
      </input_file>
      <input_file id="fl-9">
         <path>.\</path>
         <kind>object</kind>
         <file>assmbly.obj</file>
         <name>assmbly.obj</name>
      </input_file>
      <input_file id="fl-84">
         <path>C:\Program Files\ccsv5\tools\compiler\c6000_7.4.4\lib\</path>
         <kind>archive</kind>
         <file>rts6400.lib</file>
         <name>boot.obj</name>
      </input_file>
      <input_file id="fl-85">
         <path>C:\Program Files\ccsv5\tools\compiler\c6000_7.4.4\lib\</path>
         <kind>archive</kind>
         <file>rts6400.lib</file>
         <name>exit.obj</name>
      </input_file>
      <input_file id="fl-86">
         <path>C:\Program Files\ccsv5\tools\compiler\c6000_7.4.4\lib\</path>
         <kind>archive</kind>
         <file>rts6400.lib</file>
         <name>fclose.obj</name>
      </input_file>
      <input_file id="fl-87">
         <path>C:\Program Files\ccsv5\tools\compiler\c6000_7.4.4\lib\</path>
         <kind>archive</kind>
         <file>rts6400.lib</file>
         <name>fflush.obj</name>
      </input_file>
      <input_file id="fl-88">
         <path>C:\Program Files\ccsv5\tools\compiler\c6000_7.4.4\lib\</path>
         <kind>archive</kind>
         <file>rts6400.lib</file>
         <name>fopen.obj</name>
      </input_file>
      <input_file id="fl-89">
         <path>C:\Program Files\ccsv5\tools\compiler\c6000_7.4.4\lib\</path>
         <kind>archive</kind>
         <file>rts6400.lib</file>
         <name>fread.obj</name>
      </input_file>
      <input_file id="fl-8a">
         <path>C:\Program Files\ccsv5\tools\compiler\c6000_7.4.4\lib\</path>
         <kind>archive</kind>
         <file>rts6400.lib</file>
         <name>fwrite.obj</name>
      </input_file>
      <input_file id="fl-8b">
         <path>C:\Program Files\ccsv5\tools\compiler\c6000_7.4.4\lib\</path>
         <kind>archive</kind>
         <file>rts6400.lib</file>
         <name>lowlev.obj</name>
      </input_file>
      <input_file id="fl-8c">
         <path>C:\Program Files\ccsv5\tools\compiler\c6000_7.4.4\lib\</path>
         <kind>archive</kind>
         <file>rts6400.lib</file>
         <name>memcpy64.obj</name>
      </input_file>
      <input_file id="fl-8d">
         <path>C:\Program Files\ccsv5\tools\compiler\c6000_7.4.4\lib\</path>
         <kind>archive</kind>
         <file>rts6400.lib</file>
         <name>memory.obj</name>
      </input_file>
      <input_file id="fl-8e">
         <path>C:\Program Files\ccsv5\tools\compiler\c6000_7.4.4\lib\</path>
         <kind>archive</kind>
         <file>rts6400.lib</file>
         <name>memset.obj</name>
      </input_file>
      <input_file id="fl-8f">
         <path>C:\Program Files\ccsv5\tools\compiler\c6000_7.4.4\lib\</path>
         <kind>archive</kind>
         <file>rts6400.lib</file>
         <name>printf.obj</name>
      </input_file>
      <input_file id="fl-90">
         <path>C:\Program Files\ccsv5\tools\compiler\c6000_7.4.4\lib\</path>
         <kind>archive</kind>
         <file>rts6400.lib</file>
         <name>remove.obj</name>
      </input_file>
      <input_file id="fl-91">
         <path>C:\Program Files\ccsv5\tools\compiler\c6000_7.4.4\lib\</path>
         <kind>archive</kind>
         <file>rts6400.lib</file>
         <name>rewind.obj</name>
      </input_file>
      <input_file id="fl-92">
         <path>C:\Program Files\ccsv5\tools\compiler\c6000_7.4.4\lib\</path>
         <kind>archive</kind>
         <file>rts6400.lib</file>
         <name>trgdrv.obj</name>
      </input_file>
      <input_file id="fl-93">
         <path>C:\Program Files\ccsv5\tools\compiler\c6000_7.4.4\lib\</path>
         <kind>archive</kind>
         <file>rts6400.lib</file>
         <name>trgmsg.obj</name>
      </input_file>
      <input_file id="fl-94">
         <path>C:\Program Files\ccsv5\tools\compiler\c6000_7.4.4\lib\</path>
         <kind>archive</kind>
         <file>rts6400.lib</file>
         <name>_bufread.obj</name>
      </input_file>
      <input_file id="fl-95">
         <path>C:\Program Files\ccsv5\tools\compiler\c6000_7.4.4\lib\</path>
         <kind>archive</kind>
         <file>rts6400.lib</file>
         <name>_io_perm.obj</name>
      </input_file>
      <input_file id="fl-96">
         <path>C:\Program Files\ccsv5\tools\compiler\c6000_7.4.4\lib\</path>
         <kind>archive</kind>
         <file>rts6400.lib</file>
         <name>_lock.obj</name>
      </input_file>
      <input_file id="fl-97">
         <path>C:\Program Files\ccsv5\tools\compiler\c6000_7.4.4\lib\</path>
         <kind>archive</kind>
         <file>rts6400.lib</file>
         <name>_printfi.obj</name>
      </input_file>
      <input_file id="fl-98">
         <path>C:\Program Files\ccsv5\tools\compiler\c6000_7.4.4\lib\</path>
         <kind>archive</kind>
         <file>rts6400.lib</file>
         <name>args_main.obj</name>
      </input_file>
      <input_file id="fl-99">
         <path>C:\Program Files\ccsv5\tools\compiler\c6000_7.4.4\lib\</path>
         <kind>archive</kind>
         <file>rts6400.lib</file>
         <name>atoi.obj</name>
      </input_file>
      <input_file id="fl-9a">
         <path>C:\Program Files\ccsv5\tools\compiler\c6000_7.4.4\lib\</path>
         <kind>archive</kind>
         <file>rts6400.lib</file>
         <name>autoinit.obj</name>
      </input_file>
      <input_file id="fl-9b">
         <path>C:\Program Files\ccsv5\tools\compiler\c6000_7.4.4\lib\</path>
         <kind>archive</kind>
         <file>rts6400.lib</file>
         <name>cmpd.obj</name>
      </input_file>
      <input_file id="fl-9c">
         <path>C:\Program Files\ccsv5\tools\compiler\c6000_7.4.4\lib\</path>
         <kind>archive</kind>
         <file>rts6400.lib</file>
         <name>cpp_init.obj</name>
      </input_file>
      <input_file id="fl-9d">
         <path>C:\Program Files\ccsv5\tools\compiler\c6000_7.4.4\lib\</path>
         <kind>archive</kind>
         <file>rts6400.lib</file>
         <name>cpy_tbl.obj</name>
      </input_file>
      <input_file id="fl-9e">
         <path>C:\Program Files\ccsv5\tools\compiler\c6000_7.4.4\lib\</path>
         <kind>archive</kind>
         <file>rts6400.lib</file>
         <name>ctype.obj</name>
      </input_file>
      <input_file id="fl-9f">
         <path>C:\Program Files\ccsv5\tools\compiler\c6000_7.4.4\lib\</path>
         <kind>archive</kind>
         <file>rts6400.lib</file>
         <name>defs.obj</name>
      </input_file>
      <input_file id="fl-a0">
         <path>C:\Program Files\ccsv5\tools\compiler\c6000_7.4.4\lib\</path>
         <kind>archive</kind>
         <file>rts6400.lib</file>
         <name>divd.obj</name>
      </input_file>
      <input_file id="fl-a1">
         <path>C:\Program Files\ccsv5\tools\compiler\c6000_7.4.4\lib\</path>
         <kind>archive</kind>
         <file>rts6400.lib</file>
         <name>divu.obj</name>
      </input_file>
      <input_file id="fl-a2">
         <path>C:\Program Files\ccsv5\tools\compiler\c6000_7.4.4\lib\</path>
         <kind>archive</kind>
         <file>rts6400.lib</file>
         <name>fixdi.obj</name>
      </input_file>
      <input_file id="fl-a3">
         <path>C:\Program Files\ccsv5\tools\compiler\c6000_7.4.4\lib\</path>
         <kind>archive</kind>
         <file>rts6400.lib</file>
         <name>fixdli.obj</name>
      </input_file>
      <input_file id="fl-a4">
         <path>C:\Program Files\ccsv5\tools\compiler\c6000_7.4.4\lib\</path>
         <kind>archive</kind>
         <file>rts6400.lib</file>
         <name>fltlid.obj</name>
      </input_file>
      <input_file id="fl-a5">
         <path>C:\Program Files\ccsv5\tools\compiler\c6000_7.4.4\lib\</path>
         <kind>archive</kind>
         <file>rts6400.lib</file>
         <name>fputc.obj</name>
      </input_file>
      <input_file id="fl-a6">
         <path>C:\Program Files\ccsv5\tools\compiler\c6000_7.4.4\lib\</path>
         <kind>archive</kind>
         <file>rts6400.lib</file>
         <name>fputs.obj</name>
      </input_file>
      <input_file id="fl-a7">
         <path>C:\Program Files\ccsv5\tools\compiler\c6000_7.4.4\lib\</path>
         <kind>archive</kind>
         <file>rts6400.lib</file>
         <name>frcmpyd_div.obj</name>
      </input_file>
      <input_file id="fl-a8">
         <path>C:\Program Files\ccsv5\tools\compiler\c6000_7.4.4\lib\</path>
         <kind>archive</kind>
         <file>rts6400.lib</file>
         <name>fseek.obj</name>
      </input_file>
      <input_file id="fl-a9">
         <path>C:\Program Files\ccsv5\tools\compiler\c6000_7.4.4\lib\</path>
         <kind>archive</kind>
         <file>rts6400.lib</file>
         <name>imath40.obj</name>
      </input_file>
      <input_file id="fl-aa">
         <path>C:\Program Files\ccsv5\tools\compiler\c6000_7.4.4\lib\</path>
         <kind>archive</kind>
         <file>rts6400.lib</file>
         <name>imath64.obj</name>
      </input_file>
      <input_file id="fl-ab">
         <path>C:\Program Files\ccsv5\tools\compiler\c6000_7.4.4\lib\</path>
         <kind>archive</kind>
         <file>rts6400.lib</file>
         <name>isinf.obj</name>
      </input_file>
      <input_file id="fl-ac">
         <path>C:\Program Files\ccsv5\tools\compiler\c6000_7.4.4\lib\</path>
         <kind>archive</kind>
         <file>rts6400.lib</file>
         <name>llshift.obj</name>
      </input_file>
      <input_file id="fl-ad">
         <path>C:\Program Files\ccsv5\tools\compiler\c6000_7.4.4\lib\</path>
         <kind>archive</kind>
         <file>rts6400.lib</file>
         <name>ltoa.obj</name>
      </input_file>
      <input_file id="fl-ae">
         <path>C:\Program Files\ccsv5\tools\compiler\c6000_7.4.4\lib\</path>
         <kind>archive</kind>
         <file>rts6400.lib</file>
         <name>memccpy.obj</name>
      </input_file>
      <input_file id="fl-af">
         <path>C:\Program Files\ccsv5\tools\compiler\c6000_7.4.4\lib\</path>
         <kind>archive</kind>
         <file>rts6400.lib</file>
         <name>mpyd.obj</name>
      </input_file>
      <input_file id="fl-b0">
         <path>C:\Program Files\ccsv5\tools\compiler\c6000_7.4.4\lib\</path>
         <kind>archive</kind>
         <file>rts6400.lib</file>
         <name>mpyll.obj</name>
      </input_file>
      <input_file id="fl-b1">
         <path>C:\Program Files\ccsv5\tools\compiler\c6000_7.4.4\lib\</path>
         <kind>archive</kind>
         <file>rts6400.lib</file>
         <name>negd.obj</name>
      </input_file>
      <input_file id="fl-b2">
         <path>C:\Program Files\ccsv5\tools\compiler\c6000_7.4.4\lib\</path>
         <kind>archive</kind>
         <file>rts6400.lib</file>
         <name>negll.obj</name>
      </input_file>
      <input_file id="fl-b3">
         <path>C:\Program Files\ccsv5\tools\compiler\c6000_7.4.4\lib\</path>
         <kind>archive</kind>
         <file>rts6400.lib</file>
         <name>setvbuf.obj</name>
      </input_file>
      <input_file id="fl-b4">
         <path>C:\Program Files\ccsv5\tools\compiler\c6000_7.4.4\lib\</path>
         <kind>archive</kind>
         <file>rts6400.lib</file>
         <name>subd.obj</name>
      </input_file>
      <input_file id="fl-b5">
         <path>C:\Program Files\ccsv5\tools\compiler\c6000_7.4.4\lib\</path>
         <kind>archive</kind>
         <file>rts6400.lib</file>
         <name>abs.obj</name>
      </input_file>
      <input_file id="fl-b6">
         <path>C:\Program Files\ccsv5\tools\compiler\c6000_7.4.4\lib\</path>
         <kind>archive</kind>
         <file>rts6400.lib</file>
         <name>addd.obj</name>
      </input_file>
      <input_file id="fl-b7">
         <path>C:\Program Files\ccsv5\tools\compiler\c6000_7.4.4\lib\</path>
         <kind>archive</kind>
         <file>rts6400.lib</file>
         <name>frcaddd.obj</name>
      </input_file>
      <input_file id="fl-b8">
         <path>C:\Program Files\ccsv5\tools\compiler\c6000_7.4.4\lib\</path>
         <kind>archive</kind>
         <file>rts6400.lib</file>
         <name>frcmpyd.obj</name>
      </input_file>
      <input_file id="fl-b9">
         <path>C:\Program Files\ccsv5\tools\compiler\c6000_7.4.4\lib\</path>
         <kind>archive</kind>
         <file>rts6400.lib</file>
         <name>renormd.obj</name>
      </input_file>
   </input_file_list>
   <object_component_list>
      <object_component id="oc-138">
         <name>.text:__getarg_diouxp</name>
         <load_address>0x400000</load_address>
         <run_address>0x400000</run_address>
         <size>0x620</size>
         <input_file_ref idref="fl-97"/>
      </object_component>
      <object_component id="oc-141">
         <name>.text:__divd</name>
         <load_address>0x400620</load_address>
         <run_address>0x400620</run_address>
         <size>0x5c0</size>
         <input_file_ref idref="fl-a0"/>
      </object_component>
      <object_component id="oc-102">
         <name>.text:_fwrite</name>
         <load_address>0x400be0</load_address>
         <run_address>0x400be0</run_address>
         <size>0x580</size>
         <input_file_ref idref="fl-8a"/>
      </object_component>
      <object_component id="oc-121">
         <name>.text:__setfield</name>
         <load_address>0x401160</load_address>
         <run_address>0x401160</run_address>
         <size>0x4e0</size>
         <input_file_ref idref="fl-97"/>
      </object_component>
      <object_component id="oc-10e">
         <name>.text:__printfi</name>
         <load_address>0x401640</load_address>
         <run_address>0x401640</run_address>
         <size>0x4c0</size>
         <input_file_ref idref="fl-97"/>
      </object_component>
      <object_component id="oc-11e">
         <name>.text:_fputs</name>
         <load_address>0x401b00</load_address>
         <run_address>0x401b00</run_address>
         <size>0x420</size>
         <input_file_ref idref="fl-a6"/>
      </object_component>
      <object_component id="oc-13e">
         <name>.text:_fcvt</name>
         <load_address>0x401f20</load_address>
         <run_address>0x401f20</run_address>
         <size>0x400</size>
         <input_file_ref idref="fl-97"/>
      </object_component>
      <object_component id="oc-12b">
         <name>.text:__pproc_fge</name>
         <load_address>0x402320</load_address>
         <run_address>0x402320</run_address>
         <size>0x3e0</size>
         <input_file_ref idref="fl-97"/>
      </object_component>
      <object_component id="oc-f7">
         <name>.text</name>
         <load_address>0x402700</load_address>
         <run_address>0x402700</run_address>
         <size>0x3e0</size>
         <input_file_ref idref="fl-4"/>
      </object_component>
      <object_component id="oc-13b">
         <name>.text:_ecvt</name>
         <load_address>0x402ae0</load_address>
         <run_address>0x402ae0</run_address>
         <size>0x3c0</size>
         <input_file_ref idref="fl-97"/>
      </object_component>
      <object_component id="oc-137">
         <name>.text:__pconv_e</name>
         <load_address>0x402ea0</load_address>
         <run_address>0x402ea0</run_address>
         <size>0x320</size>
         <input_file_ref idref="fl-97"/>
      </object_component>
      <object_component id="oc-120">
         <name>.text:__pproc_fwp</name>
         <load_address>0x4031c0</load_address>
         <run_address>0x4031c0</run_address>
         <size>0x300</size>
         <input_file_ref idref="fl-97"/>
      </object_component>
      <object_component id="oc-fe">
         <name>.text:_fread</name>
         <load_address>0x4034c0</load_address>
         <run_address>0x4034c0</run_address>
         <size>0x300</size>
         <input_file_ref idref="fl-89"/>
      </object_component>
      <object_component id="oc-125">
         <name>.text:_free</name>
         <load_address>0x4037c0</load_address>
         <run_address>0x4037c0</run_address>
         <size>0x2e0</size>
         <input_file_ref idref="fl-8d"/>
      </object_component>
      <object_component id="oc-14d">
         <name>.text:__divull</name>
         <load_address>0x403aa0</load_address>
         <run_address>0x403aa0</run_address>
         <size>0x2c0</size>
         <input_file_ref idref="fl-aa"/>
      </object_component>
      <object_component id="oc-12c">
         <name>.text:__pproc_diouxp</name>
         <load_address>0x403d60</load_address>
         <run_address>0x403d60</run_address>
         <size>0x2a0</size>
         <input_file_ref idref="fl-97"/>
      </object_component>
      <object_component id="oc-140">
         <name>.text:__mpyd</name>
         <load_address>0x404000</load_address>
         <run_address>0x404000</run_address>
         <size>0x280</size>
         <input_file_ref idref="fl-af"/>
      </object_component>
      <object_component id="oc-105">
         <name>.text</name>
         <load_address>0x404280</load_address>
         <run_address>0x404280</run_address>
         <size>0x280</size>
         <input_file_ref idref="fl-5"/>
      </object_component>
      <object_component id="oc-154">
         <name>.text:__frcaddd</name>
         <load_address>0x404500</load_address>
         <run_address>0x404500</run_address>
         <size>0x260</size>
         <input_file_ref idref="fl-b7"/>
      </object_component>
      <object_component id="oc-122">
         <name>.text:__pproc_str</name>
         <load_address>0x404760</load_address>
         <run_address>0x404760</run_address>
         <size>0x260</size>
         <input_file_ref idref="fl-97"/>
      </object_component>
      <object_component id="oc-123">
         <name>.text:_fputc</name>
         <load_address>0x4049c0</load_address>
         <run_address>0x4049c0</run_address>
         <size>0x260</size>
         <input_file_ref idref="fl-a5"/>
      </object_component>
      <object_component id="oc-150">
         <name>.text:__addd</name>
         <load_address>0x404c20</load_address>
         <run_address>0x404c20</run_address>
         <size>0x240</size>
         <input_file_ref idref="fl-b6"/>
      </object_component>
      <object_component id="oc-135">
         <name>.text:__pconv_g</name>
         <load_address>0x404e60</load_address>
         <run_address>0x404e60</run_address>
         <size>0x240</size>
         <input_file_ref idref="fl-97"/>
      </object_component>
      <object_component id="oc-11d">
         <name>.text:_setvbuf</name>
         <load_address>0x4050a0</load_address>
         <run_address>0x4050a0</run_address>
         <size>0x240</size>
         <input_file_ref idref="fl-b3"/>
      </object_component>
      <object_component id="oc-f2">
         <name>.text:_HOSTrename</name>
         <load_address>0x4052e0</load_address>
         <run_address>0x4052e0</run_address>
         <size>0x200</size>
         <input_file_ref idref="fl-92"/>
      </object_component>
      <object_component id="oc-13d">
         <name>.text:__mcpy</name>
         <load_address>0x4054e0</load_address>
         <run_address>0x4054e0</run_address>
         <size>0x200</size>
         <input_file_ref idref="fl-97"/>
      </object_component>
      <object_component id="oc-108">
         <name>.text:__openfile</name>
         <load_address>0x4056e0</load_address>
         <run_address>0x4056e0</run_address>
         <size>0x1e0</size>
         <input_file_ref idref="fl-88"/>
      </object_component>
      <object_component id="oc-103">
         <name>.text:_malloc</name>
         <load_address>0x4058c0</load_address>
         <run_address>0x4058c0</run_address>
         <size>0x1c0</size>
         <input_file_ref idref="fl-8d"/>
      </object_component>
      <object_component id="oc-11c">
         <name>.text:_open</name>
         <load_address>0x405a80</load_address>
         <run_address>0x405a80</run_address>
         <size>0x1c0</size>
         <input_file_ref idref="fl-8b"/>
      </object_component>
      <object_component id="oc-14c">
         <name>.text:__divul</name>
         <load_address>0x405c40</load_address>
         <run_address>0x405c40</run_address>
         <size>0x1a0</size>
         <input_file_ref idref="fl-a9"/>
      </object_component>
      <object_component id="oc-110">
         <name>.text:_fseek</name>
         <load_address>0x405de0</load_address>
         <run_address>0x405de0</run_address>
         <size>0x180</size>
         <input_file_ref idref="fl-a8"/>
      </object_component>
      <object_component id="oc-129">
         <name>.text:_getdevice</name>
         <load_address>0x405f60</load_address>
         <run_address>0x405f60</run_address>
         <size>0x180</size>
         <input_file_ref idref="fl-8b"/>
      </object_component>
      <object_component id="oc-13a">
         <name>.text:__ltostr</name>
         <load_address>0x4060e0</load_address>
         <run_address>0x4060e0</run_address>
         <size>0x160</size>
         <input_file_ref idref="fl-97"/>
      </object_component>
      <object_component id="oc-11f">
         <name>.text:__pproc_fflags</name>
         <load_address>0x406240</load_address>
         <run_address>0x406240</run_address>
         <size>0x160</size>
         <input_file_ref idref="fl-97"/>
      </object_component>
      <object_component id="oc-11a">
         <name>.text:__closefile</name>
         <load_address>0x4063a0</load_address>
         <run_address>0x4063a0</run_address>
         <size>0x140</size>
         <input_file_ref idref="fl-86"/>
      </object_component>
      <object_component id="oc-107">
         <name>.text:__search_fp</name>
         <load_address>0x4064e0</load_address>
         <run_address>0x4064e0</run_address>
         <size>0x140</size>
         <input_file_ref idref="fl-88"/>
      </object_component>
      <object_component id="oc-f0">
         <name>.text:_HOSTlseek</name>
         <load_address>0x406620</load_address>
         <run_address>0x406620</run_address>
         <size>0x120</size>
         <input_file_ref idref="fl-92"/>
      </object_component>
      <object_component id="oc-10a">
         <name>.text:__buff_read</name>
         <load_address>0x406740</load_address>
         <run_address>0x406740</run_address>
         <size>0x120</size>
         <input_file_ref idref="fl-94"/>
      </object_component>
      <object_component id="oc-149">
         <name>.text:__frcmpyd</name>
         <load_address>0x406860</load_address>
         <run_address>0x406860</run_address>
         <size>0x120</size>
         <input_file_ref idref="fl-b8"/>
      </object_component>
      <object_component id="oc-111">
         <name>.text:__wrt_ok</name>
         <load_address>0x406980</load_address>
         <run_address>0x406980</run_address>
         <size>0x120</size>
         <input_file_ref idref="fl-95"/>
      </object_component>
      <object_component id="oc-12a">
         <name>.text:_atoi</name>
         <load_address>0x406aa0</load_address>
         <run_address>0x406aa0</run_address>
         <size>0x120</size>
         <input_file_ref idref="fl-99"/>
      </object_component>
      <object_component id="oc-ec">
         <name>.text:_HOSTopen</name>
         <load_address>0x406bc0</load_address>
         <run_address>0x406bc0</run_address>
         <size>0x100</size>
         <input_file_ref idref="fl-92"/>
      </object_component>
      <object_component id="oc-ee">
         <name>.text:_HOSTread</name>
         <load_address>0x406cc0</load_address>
         <run_address>0x406cc0</run_address>
         <size>0x100</size>
         <input_file_ref idref="fl-92"/>
      </object_component>
      <object_component id="oc-ef">
         <name>.text:_HOSTwrite</name>
         <load_address>0x406dc0</load_address>
         <run_address>0x406dc0</run_address>
         <size>0x100</size>
         <input_file_ref idref="fl-92"/>
      </object_component>
      <object_component id="oc-14b">
         <name>.text:__frcmpyd_div</name>
         <load_address>0x406ec0</load_address>
         <run_address>0x406ec0</run_address>
         <size>0x100</size>
         <input_file_ref idref="fl-a7"/>
      </object_component>
      <object_component id="oc-126">
         <name>.text:_close</name>
         <load_address>0x406fc0</load_address>
         <run_address>0x406fc0</run_address>
         <size>0x100</size>
         <input_file_ref idref="fl-8b"/>
      </object_component>
      <object_component id="oc-145">
         <name>.text:_ltoa</name>
         <load_address>0x4070c0</load_address>
         <run_address>0x4070c0</run_address>
         <size>0x100</size>
         <input_file_ref idref="fl-ad"/>
      </object_component>
      <object_component id="oc-104">
         <name>.text:_memset</name>
         <load_address>0x4071c0</load_address>
         <run_address>0x4071c0</run_address>
         <size>0x100</size>
         <input_file_ref idref="fl-8e"/>
      </object_component>
      <object_component id="oc-f1">
         <name>.text:_HOSTunlink</name>
         <load_address>0x4072c0</load_address>
         <run_address>0x4072c0</run_address>
         <size>0xe0</size>
         <input_file_ref idref="fl-92"/>
      </object_component>
      <object_component id="oc-e9">
         <name>.text:__auto_init</name>
         <load_address>0x4073a0</load_address>
         <run_address>0x4073a0</run_address>
         <size>0xe0</size>
         <input_file_ref idref="fl-9a"/>
      </object_component>
      <object_component id="oc-133">
         <name>.text:__cmpd</name>
         <load_address>0x407480</load_address>
         <run_address>0x407480</run_address>
         <size>0xe0</size>
         <input_file_ref idref="fl-9b"/>
      </object_component>
      <object_component id="oc-142">
         <name>.text:__div</name>
         <load_address>0x407560</load_address>
         <run_address>0x407560</run_address>
         <size>0xe0</size>
         <input_file_ref idref="fl-97"/>
      </object_component>
      <object_component id="oc-112">
         <name>.text:__doflush</name>
         <load_address>0x407640</load_address>
         <run_address>0x407640</run_address>
         <size>0xe0</size>
         <input_file_ref idref="fl-87"/>
      </object_component>
      <object_component id="oc-136">
         <name>.text:__pconv_f</name>
         <load_address>0x407720</load_address>
         <run_address>0x407720</run_address>
         <size>0xe0</size>
         <input_file_ref idref="fl-97"/>
      </object_component>
      <object_component id="oc-f5">
         <name>.text:_memcpy</name>
         <load_address>0x407800</load_address>
         <run_address>0x407800</run_address>
         <size>0xe0</size>
         <input_file_ref idref="fl-8c"/>
      </object_component>
      <object_component id="oc-114">
         <name>.text:_mremove</name>
         <load_address>0x4078e0</load_address>
         <run_address>0x4078e0</run_address>
         <size>0xe0</size>
         <input_file_ref idref="fl-8d"/>
      </object_component>
      <object_component id="oc-ff">
         <name>.text:_printf</name>
         <load_address>0x4079c0</load_address>
         <run_address>0x4079c0</run_address>
         <size>0xe0</size>
         <input_file_ref idref="fl-8f"/>
      </object_component>
      <object_component id="oc-ed">
         <name>.text:_HOSTclose</name>
         <load_address>0x407aa0</load_address>
         <run_address>0x407aa0</run_address>
         <size>0xc0</size>
         <input_file_ref idref="fl-92"/>
      </object_component>
      <object_component id="oc-11b">
         <name>.text:__cleanup</name>
         <load_address>0x407b60</load_address>
         <run_address>0x407b60</run_address>
         <size>0xc0</size>
         <input_file_ref idref="fl-88"/>
      </object_component>
      <object_component id="oc-10b">
         <name>.text:__divu</name>
         <load_address>0x407c20</load_address>
         <run_address>0x407c20</run_address>
         <size>0xc0</size>
         <input_file_ref idref="fl-a1"/>
      </object_component>
      <object_component id="oc-13c">
         <name>.text:__ecpy</name>
         <load_address>0x407ce0</load_address>
         <run_address>0x407ce0</run_address>
         <size>0xc0</size>
         <input_file_ref idref="fl-97"/>
      </object_component>
      <object_component id="oc-13f">
         <name>.text:__fcpy</name>
         <load_address>0x407da0</load_address>
         <run_address>0x407da0</run_address>
         <size>0xc0</size>
         <input_file_ref idref="fl-97"/>
      </object_component>
      <object_component id="oc-109">
         <name>.text:__rd_ok</name>
         <load_address>0x407e60</load_address>
         <run_address>0x407e60</run_address>
         <size>0xc0</size>
         <input_file_ref idref="fl-95"/>
      </object_component>
      <object_component id="oc-eb">
         <name>.text:_exit</name>
         <load_address>0x407f20</load_address>
         <run_address>0x407f20</run_address>
         <size>0xc0</size>
         <input_file_ref idref="fl-85"/>
      </object_component>
      <object_component id="oc-124">
         <name>.text:_lseek</name>
         <load_address>0x407fe0</load_address>
         <run_address>0x407fe0</run_address>
         <size>0xc0</size>
         <input_file_ref idref="fl-8b"/>
      </object_component>
      <object_component id="oc-115">
         <name>.text:_minsert</name>
         <load_address>0x4080a0</load_address>
         <run_address>0x4080a0</run_address>
         <size>0xc0</size>
         <input_file_ref idref="fl-8d"/>
      </object_component>
      <object_component id="oc-10c">
         <name>.text:_read</name>
         <load_address>0x408160</load_address>
         <run_address>0x408160</run_address>
         <size>0xc0</size>
         <input_file_ref idref="fl-8b"/>
      </object_component>
      <object_component id="oc-113">
         <name>.text:_write</name>
         <load_address>0x408220</load_address>
         <run_address>0x408220</run_address>
         <size>0xc0</size>
         <input_file_ref idref="fl-8b"/>
      </object_component>
      <object_component id="oc-14f">
         <name>.text:__divli</name>
         <load_address>0x4082e0</load_address>
         <run_address>0x4082e0</run_address>
         <size>0xa0</size>
         <input_file_ref idref="fl-a9"/>
      </object_component>
      <object_component id="oc-148">
         <name>.text:__fixdi</name>
         <load_address>0x408380</load_address>
         <run_address>0x408380</run_address>
         <size>0xa0</size>
         <input_file_ref idref="fl-a2"/>
      </object_component>
      <object_component id="oc-144">
         <name>.text:__fixdli</name>
         <load_address>0x408420</load_address>
         <run_address>0x408420</run_address>
         <size>0xa0</size>
         <input_file_ref idref="fl-a3"/>
      </object_component>
      <object_component id="oc-155">
         <name>.text:__renormd</name>
         <load_address>0x4084c0</load_address>
         <run_address>0x4084c0</run_address>
         <size>0xa0</size>
         <input_file_ref idref="fl-b9"/>
      </object_component>
      <object_component id="oc-f4">
         <name>.text:_copy_in</name>
         <load_address>0x408560</load_address>
         <run_address>0x408560</run_address>
         <size>0xa0</size>
         <input_file_ref idref="fl-9d"/>
      </object_component>
      <object_component id="oc-12f">
         <name>.text:_finddevice</name>
         <load_address>0x408600</load_address>
         <run_address>0x408600</run_address>
         <size>0xa0</size>
         <input_file_ref idref="fl-8b"/>
      </object_component>
      <object_component id="oc-128">
         <name>.text:_tabinit</name>
         <load_address>0x4086a0</load_address>
         <run_address>0x4086a0</run_address>
         <size>0xa0</size>
         <input_file_ref idref="fl-8b"/>
      </object_component>
      <object_component id="oc-116">
         <name>.text</name>
         <load_address>0x408740</load_address>
         <run_address>0x408740</run_address>
         <size>0xa0</size>
         <input_file_ref idref="fl-7"/>
      </object_component>
      <object_component id="oc-f6">
         <name>.text:___TI_cpp_init</name>
         <load_address>0x4087e0</load_address>
         <run_address>0x4087e0</run_address>
         <size>0x80</size>
         <input_file_ref idref="fl-9c"/>
      </object_component>
      <object_component id="oc-146">
         <name>.text:__fltlid</name>
         <load_address>0x408860</load_address>
         <run_address>0x408860</run_address>
         <size>0x80</size>
         <input_file_ref idref="fl-a4"/>
      </object_component>
      <object_component id="oc-151">
         <name>.text:__llshl</name>
         <load_address>0x4088e0</load_address>
         <run_address>0x4088e0</run_address>
         <size>0x80</size>
         <input_file_ref idref="fl-ac"/>
      </object_component>
      <object_component id="oc-143">
         <name>.text:__mpyll</name>
         <load_address>0x408960</load_address>
         <run_address>0x408960</run_address>
         <size>0x80</size>
         <input_file_ref idref="fl-b0"/>
      </object_component>
      <object_component id="oc-106">
         <name>.text:_fclose</name>
         <load_address>0x4089e0</load_address>
         <run_address>0x4089e0</run_address>
         <size>0x80</size>
         <input_file_ref idref="fl-86"/>
      </object_component>
      <object_component id="oc-fb">
         <name>.text:_fopen</name>
         <load_address>0x408a60</load_address>
         <run_address>0x408a60</run_address>
         <size>0x80</size>
         <input_file_ref idref="fl-88"/>
      </object_component>
      <object_component id="oc-12d">
         <name>.text:_memccpy</name>
         <load_address>0x408ae0</load_address>
         <run_address>0x408ae0</run_address>
         <size>0x80</size>
         <input_file_ref idref="fl-ae"/>
      </object_component>
      <object_component id="oc-fa">
         <name>.text:_readmsg</name>
         <load_address>0x408b60</load_address>
         <run_address>0x408b60</run_address>
         <size>0x80</size>
         <input_file_ref idref="fl-93"/>
      </object_component>
      <object_component id="oc-12e">
         <name>.text:_unlink</name>
         <load_address>0x408be0</load_address>
         <run_address>0x408be0</run_address>
         <size>0x80</size>
         <input_file_ref idref="fl-8b"/>
      </object_component>
      <object_component id="oc-153">
         <name>.text:__llshru</name>
         <load_address>0x408c60</load_address>
         <run_address>0x408c60</run_address>
         <size>0x60</size>
         <input_file_ref idref="fl-ac"/>
      </object_component>
      <object_component id="oc-14e">
         <name>.text:__remli</name>
         <load_address>0x408cc0</load_address>
         <run_address>0x408cc0</run_address>
         <size>0x60</size>
         <input_file_ref idref="fl-a9"/>
      </object_component>
      <object_component id="oc-152">
         <name>.text:__subcull</name>
         <load_address>0x408d20</load_address>
         <run_address>0x408d20</run_address>
         <size>0x60</size>
         <input_file_ref idref="fl-aa"/>
      </object_component>
      <object_component id="oc-17">
         <name>.text:_c_int00</name>
         <load_address>0x408d80</load_address>
         <run_address>0x408d80</run_address>
         <size>0x60</size>
         <input_file_ref idref="fl-84"/>
      </object_component>
      <object_component id="oc-f9">
         <name>.text:_writemsg</name>
         <load_address>0x408de0</load_address>
         <run_address>0x408de0</run_address>
         <size>0x60</size>
         <input_file_ref idref="fl-93"/>
      </object_component>
      <object_component id="oc-117">
         <name>.text</name>
         <load_address>0x408e40</load_address>
         <run_address>0x408e40</run_address>
         <size>0x60</size>
         <input_file_ref idref="fl-3"/>
      </object_component>
      <object_component id="oc-132">
         <name>.text:___isinf</name>
         <load_address>0x408ea0</load_address>
         <run_address>0x408ea0</run_address>
         <size>0x40</size>
         <input_file_ref idref="fl-ab"/>
      </object_component>
      <object_component id="oc-131">
         <name>.text:___isnan</name>
         <load_address>0x408ee0</load_address>
         <run_address>0x408ee0</run_address>
         <size>0x40</size>
         <input_file_ref idref="fl-97"/>
      </object_component>
      <object_component id="oc-ea">
         <name>.text:__args_main</name>
         <load_address>0x408f20</load_address>
         <run_address>0x408f20</run_address>
         <size>0x40</size>
         <input_file_ref idref="fl-98"/>
      </object_component>
      <object_component id="oc-134">
         <name>.text:__negd</name>
         <load_address>0x408f60</load_address>
         <run_address>0x408f60</run_address>
         <size>0x40</size>
         <input_file_ref idref="fl-b1"/>
      </object_component>
      <object_component id="oc-147">
         <name>.text:__subd</name>
         <load_address>0x408fa0</load_address>
         <run_address>0x408fa0</run_address>
         <size>0x40</size>
         <input_file_ref idref="fl-b4"/>
      </object_component>
      <object_component id="oc-119">
         <name>.text</name>
         <load_address>0x408fe0</load_address>
         <run_address>0x408fe0</run_address>
         <size>0x40</size>
         <input_file_ref idref="fl-8"/>
      </object_component>
      <object_component id="oc-139">
         <name>.text:__negll</name>
         <load_address>0x409020</load_address>
         <run_address>0x409020</run_address>
         <size>0x20</size>
         <input_file_ref idref="fl-b2"/>
      </object_component>
      <object_component id="oc-f3">
         <name>.text:__nop</name>
         <load_address>0x409040</load_address>
         <run_address>0x409040</run_address>
         <size>0x20</size>
         <input_file_ref idref="fl-96"/>
      </object_component>
      <object_component id="oc-10f">
         <name>.text:__outc</name>
         <load_address>0x409060</load_address>
         <run_address>0x409060</run_address>
         <size>0x20</size>
         <input_file_ref idref="fl-8f"/>
      </object_component>
      <object_component id="oc-10d">
         <name>.text:__outs</name>
         <load_address>0x409080</load_address>
         <run_address>0x409080</run_address>
         <size>0x20</size>
         <input_file_ref idref="fl-8f"/>
      </object_component>
      <object_component id="oc-f8">
         <name>.text:_abort</name>
         <load_address>0x4090a0</load_address>
         <run_address>0x4090a0</run_address>
         <size>0x20</size>
         <input_file_ref idref="fl-85"/>
      </object_component>
      <object_component id="oc-127">
         <name>.text:_remove</name>
         <load_address>0x4090c0</load_address>
         <run_address>0x4090c0</run_address>
         <size>0x20</size>
         <input_file_ref idref="fl-90"/>
      </object_component>
      <object_component id="oc-100">
         <name>.text:_rewind</name>
         <load_address>0x4090e0</load_address>
         <run_address>0x4090e0</run_address>
         <size>0x20</size>
         <input_file_ref idref="fl-91"/>
      </object_component>
      <object_component id="oc-118">
         <name>.text</name>
         <load_address>0x409100</load_address>
         <run_address>0x409100</run_address>
         <size>0x20</size>
         <input_file_ref idref="fl-6"/>
      </object_component>
      <object_component id="oc-38">
         <name>.stack</name>
         <uninitialized>true</uninitialized>
         <run_address>0x0</run_address>
         <size>0x8</size>
         <input_file_ref idref="fl-84"/>
      </object_component>
      <object_component id="oc-174">
         <name>.stack</name>
         <uninitialized>true</uninitialized>
         <run_address>0x0</run_address>
         <size>0x0</size>
      </object_component>
      <object_component id="oc-70">
         <name>.cio</name>
         <uninitialized>true</uninitialized>
         <run_address>0x409868</run_address>
         <size>0x120</size>
         <input_file_ref idref="fl-93"/>
      </object_component>
      <object_component id="oc-130">
         <name>.const:.string:__ctypes_</name>
         <load_address>0x409588</load_address>
         <run_address>0x409588</run_address>
         <size>0x101</size>
         <input_file_ref idref="fl-9e"/>
      </object_component>
      <object_component id="oc-ad">
         <name>.const:.string</name>
         <load_address>0x409689</load_address>
         <run_address>0x409689</run_address>
         <size>0x2</size>
         <input_file_ref idref="fl-a6"/>
      </object_component>
      <object_component id="oc-1f">
         <name>.const:.string</name>
         <load_address>0x40968c</load_address>
         <run_address>0x40968c</run_address>
         <size>0x30</size>
         <input_file_ref idref="fl-4"/>
      </object_component>
      <object_component id="oc-7f">
         <name>.const:.string</name>
         <load_address>0x4096bc</load_address>
         <run_address>0x4096bc</run_address>
         <size>0x23</size>
         <input_file_ref idref="fl-97"/>
      </object_component>
      <object_component id="oc-fc">
         <name>.const:.string:_iFileName</name>
         <load_address>0x4096e0</load_address>
         <run_address>0x4096e0</run_address>
         <size>0xc</size>
         <input_file_ref idref="fl-4"/>
      </object_component>
      <object_component id="oc-fd">
         <name>.const:.string:_oFileName</name>
         <load_address>0x4096f0</load_address>
         <run_address>0x4096f0</run_address>
         <size>0xc</size>
         <input_file_ref idref="fl-4"/>
      </object_component>
      <object_component id="oc-14a">
         <name>.const:.string:_initial_approx$1</name>
         <load_address>0x409700</load_address>
         <run_address>0x409700</run_address>
         <size>0x8</size>
         <input_file_ref idref="fl-a0"/>
      </object_component>
      <object_component id="oc-101">
         <name>.const:_output_size</name>
         <load_address>0x409708</load_address>
         <run_address>0x409708</run_address>
         <size>0x8</size>
         <input_file_ref idref="fl-4"/>
      </object_component>
      <object_component id="oc-5c">
         <name>.sysmem</name>
         <uninitialized>true</uninitialized>
         <run_address>0x200000</run_address>
         <size>0x8</size>
         <input_file_ref idref="fl-8d"/>
      </object_component>
      <object_component id="oc-175">
         <name>.sysmem</name>
         <uninitialized>true</uninitialized>
         <run_address>0x200000</run_address>
         <size>0x0</size>
      </object_component>
      <object_component id="oc-3d">
         <name>.far</name>
         <uninitialized>true</uninitialized>
         <run_address>0x409564</run_address>
         <size>0xc</size>
         <input_file_ref idref="fl-85"/>
      </object_component>
      <object_component id="oc-48">
         <name>.far</name>
         <uninitialized>true</uninitialized>
         <run_address>0x409444</run_address>
         <size>0x4</size>
         <input_file_ref idref="fl-88"/>
      </object_component>
      <object_component id="oc-53">
         <name>.far</name>
         <uninitialized>true</uninitialized>
         <run_address>0x409448</run_address>
         <size>0x11c</size>
         <input_file_ref idref="fl-8b"/>
      </object_component>
      <object_component id="oc-5b">
         <name>.far</name>
         <uninitialized>true</uninitialized>
         <run_address>0x409578</run_address>
         <size>0x8</size>
         <input_file_ref idref="fl-8d"/>
      </object_component>
      <object_component id="oc-6c">
         <name>.far</name>
         <uninitialized>true</uninitialized>
         <run_address>0x409580</run_address>
         <size>0x8</size>
         <input_file_ref idref="fl-92"/>
      </object_component>
      <object_component id="oc-7b">
         <name>.far</name>
         <uninitialized>true</uninitialized>
         <run_address>0x409570</run_address>
         <size>0x8</size>
         <input_file_ref idref="fl-96"/>
      </object_component>
      <object_component id="oc-98">
         <name>.far</name>
         <uninitialized>true</uninitialized>
         <run_address>0x409120</run_address>
         <size>0x324</size>
         <input_file_ref idref="fl-9f"/>
      </object_component>
      <object_component id="oc-97">
         <name>.cinit</name>
         <load_address>0x409710</load_address>
         <run_address>0x409710</run_address>
         <size>0x5c</size>
         <input_file_ref idref="fl-9f"/>
      </object_component>
      <object_component id="oc-52">
         <name>.cinit</name>
         <load_address>0x409770</load_address>
         <run_address>0x409770</run_address>
         <size>0x5c</size>
         <input_file_ref idref="fl-8b"/>
      </object_component>
      <object_component id="oc-3c">
         <name>.cinit</name>
         <load_address>0x4097d0</load_address>
         <run_address>0x4097d0</run_address>
         <size>0x2c</size>
         <input_file_ref idref="fl-85"/>
      </object_component>
      <object_component id="oc-5a">
         <name>.cinit</name>
         <load_address>0x409800</load_address>
         <run_address>0x409800</run_address>
         <size>0x2c</size>
         <input_file_ref idref="fl-8d"/>
      </object_component>
      <object_component id="oc-7a">
         <name>.cinit</name>
         <load_address>0x409830</load_address>
         <run_address>0x409830</run_address>
         <size>0x1c</size>
         <input_file_ref idref="fl-96"/>
      </object_component>
      <object_component id="oc-47">
         <name>.cinit</name>
         <load_address>0x409850</load_address>
         <run_address>0x409850</run_address>
         <size>0xc</size>
         <input_file_ref idref="fl-88"/>
      </object_component>
      <object_component id="oc-18">
         <name>.debug_info</name>
         <load_address>0x0</load_address>
         <run_address>0x0</run_address>
         <size>0x5ea</size>
         <input_file_ref idref="fl-2"/>
      </object_component>
      <object_component id="oc-1a">
         <name>.debug_info</name>
         <load_address>0x5ea</load_address>
         <run_address>0x5ea</run_address>
         <size>0x735</size>
         <input_file_ref idref="fl-3"/>
      </object_component>
      <object_component id="oc-1e">
         <name>.debug_info</name>
         <load_address>0xd1f</load_address>
         <run_address>0xd1f</run_address>
         <size>0xda8</size>
         <input_file_ref idref="fl-4"/>
      </object_component>
      <object_component id="oc-23">
         <name>.debug_info</name>
         <load_address>0x1ac7</load_address>
         <run_address>0x1ac7</run_address>
         <size>0xc95</size>
         <input_file_ref idref="fl-5"/>
      </object_component>
      <object_component id="oc-27">
         <name>.debug_info</name>
         <load_address>0x275c</load_address>
         <run_address>0x275c</run_address>
         <size>0x653</size>
         <input_file_ref idref="fl-6"/>
      </object_component>
      <object_component id="oc-2b">
         <name>.debug_info</name>
         <load_address>0x2daf</load_address>
         <run_address>0x2daf</run_address>
         <size>0x7da</size>
         <input_file_ref idref="fl-7"/>
      </object_component>
      <object_component id="oc-2f">
         <name>.debug_info</name>
         <load_address>0x3589</load_address>
         <run_address>0x3589</run_address>
         <size>0x696</size>
         <input_file_ref idref="fl-8"/>
      </object_component>
      <object_component id="oc-33">
         <name>.debug_info</name>
         <load_address>0x3c1f</load_address>
         <run_address>0x3c1f</run_address>
         <size>0x5ea</size>
         <input_file_ref idref="fl-9"/>
      </object_component>
      <object_component id="oc-37">
         <name>.debug_info</name>
         <load_address>0x4209</load_address>
         <run_address>0x4209</run_address>
         <size>0x6f5</size>
         <input_file_ref idref="fl-84"/>
      </object_component>
      <object_component id="oc-3b">
         <name>.debug_info</name>
         <load_address>0x48fe</load_address>
         <run_address>0x48fe</run_address>
         <size>0x7c2</size>
         <input_file_ref idref="fl-85"/>
      </object_component>
      <object_component id="oc-40">
         <name>.debug_info</name>
         <load_address>0x50c0</load_address>
         <run_address>0x50c0</run_address>
         <size>0x86a</size>
         <input_file_ref idref="fl-86"/>
      </object_component>
      <object_component id="oc-43">
         <name>.debug_info</name>
         <load_address>0x592a</load_address>
         <run_address>0x592a</run_address>
         <size>0x76b</size>
         <input_file_ref idref="fl-87"/>
      </object_component>
      <object_component id="oc-46">
         <name>.debug_info</name>
         <load_address>0x6095</load_address>
         <run_address>0x6095</run_address>
         <size>0xa95</size>
         <input_file_ref idref="fl-88"/>
      </object_component>
      <object_component id="oc-4b">
         <name>.debug_info</name>
         <load_address>0x6b2a</load_address>
         <run_address>0x6b2a</run_address>
         <size>0x931</size>
         <input_file_ref idref="fl-89"/>
      </object_component>
      <object_component id="oc-4e">
         <name>.debug_info</name>
         <load_address>0x745b</load_address>
         <run_address>0x745b</run_address>
         <size>0xac9</size>
         <input_file_ref idref="fl-8a"/>
      </object_component>
      <object_component id="oc-51">
         <name>.debug_info</name>
         <load_address>0x7f24</load_address>
         <run_address>0x7f24</run_address>
         <size>0x10c7</size>
         <input_file_ref idref="fl-8b"/>
      </object_component>
      <object_component id="oc-56">
         <name>.debug_info</name>
         <load_address>0x8feb</load_address>
         <run_address>0x8feb</run_address>
         <size>0xcb</size>
         <input_file_ref idref="fl-8c"/>
      </object_component>
      <object_component id="oc-59">
         <name>.debug_info</name>
         <load_address>0x90b6</load_address>
         <run_address>0x90b6</run_address>
         <size>0xac2</size>
         <input_file_ref idref="fl-8d"/>
      </object_component>
      <object_component id="oc-5f">
         <name>.debug_info</name>
         <load_address>0x9b78</load_address>
         <run_address>0x9b78</run_address>
         <size>0x7a0</size>
         <input_file_ref idref="fl-8e"/>
      </object_component>
      <object_component id="oc-62">
         <name>.debug_info</name>
         <load_address>0xa318</load_address>
         <run_address>0xa318</run_address>
         <size>0x8ec</size>
         <input_file_ref idref="fl-8f"/>
      </object_component>
      <object_component id="oc-65">
         <name>.debug_info</name>
         <load_address>0xac04</load_address>
         <run_address>0xac04</run_address>
         <size>0x64e</size>
         <input_file_ref idref="fl-90"/>
      </object_component>
      <object_component id="oc-68">
         <name>.debug_info</name>
         <load_address>0xb252</load_address>
         <run_address>0xb252</run_address>
         <size>0x6ce</size>
         <input_file_ref idref="fl-91"/>
      </object_component>
      <object_component id="oc-6b">
         <name>.debug_info</name>
         <load_address>0xb920</load_address>
         <run_address>0xb920</run_address>
         <size>0xdc6</size>
         <input_file_ref idref="fl-92"/>
      </object_component>
      <object_component id="oc-6f">
         <name>.debug_info</name>
         <load_address>0xc6e6</load_address>
         <run_address>0xc6e6</run_address>
         <size>0x853</size>
         <input_file_ref idref="fl-93"/>
      </object_component>
      <object_component id="oc-73">
         <name>.debug_info</name>
         <load_address>0xcf39</load_address>
         <run_address>0xcf39</run_address>
         <size>0x7d0</size>
         <input_file_ref idref="fl-94"/>
      </object_component>
      <object_component id="oc-76">
         <name>.debug_info</name>
         <load_address>0xd709</load_address>
         <run_address>0xd709</run_address>
         <size>0x7b7</size>
         <input_file_ref idref="fl-95"/>
      </object_component>
      <object_component id="oc-79">
         <name>.debug_info</name>
         <load_address>0xdec0</load_address>
         <run_address>0xdec0</run_address>
         <size>0x636</size>
         <input_file_ref idref="fl-96"/>
      </object_component>
      <object_component id="oc-7e">
         <name>.debug_info</name>
         <load_address>0xe4f6</load_address>
         <run_address>0xe4f6</run_address>
         <size>0x292c</size>
         <input_file_ref idref="fl-97"/>
      </object_component>
      <object_component id="oc-82">
         <name>.debug_info</name>
         <load_address>0x10e22</load_address>
         <run_address>0x10e22</run_address>
         <size>0x6cb</size>
         <input_file_ref idref="fl-98"/>
      </object_component>
      <object_component id="oc-85">
         <name>.debug_info</name>
         <load_address>0x114ed</load_address>
         <run_address>0x114ed</run_address>
         <size>0x6d8</size>
         <input_file_ref idref="fl-99"/>
      </object_component>
      <object_component id="oc-88">
         <name>.debug_info</name>
         <load_address>0x11bc5</load_address>
         <run_address>0x11bc5</run_address>
         <size>0x841</size>
         <input_file_ref idref="fl-9a"/>
      </object_component>
      <object_component id="oc-8b">
         <name>.debug_info</name>
         <load_address>0x12406</load_address>
         <run_address>0x12406</run_address>
         <size>0x68f</size>
         <input_file_ref idref="fl-9b"/>
      </object_component>
      <object_component id="oc-8e">
         <name>.debug_info</name>
         <load_address>0x12a95</load_address>
         <run_address>0x12a95</run_address>
         <size>0x6b9</size>
         <input_file_ref idref="fl-9c"/>
      </object_component>
      <object_component id="oc-91">
         <name>.debug_info</name>
         <load_address>0x1314e</load_address>
         <run_address>0x1314e</run_address>
         <size>0x7af</size>
         <input_file_ref idref="fl-9d"/>
      </object_component>
      <object_component id="oc-94">
         <name>.debug_info</name>
         <load_address>0x138fd</load_address>
         <run_address>0x138fd</run_address>
         <size>0x5e4</size>
         <input_file_ref idref="fl-9e"/>
      </object_component>
      <object_component id="oc-96">
         <name>.debug_info</name>
         <load_address>0x13ee1</load_address>
         <run_address>0x13ee1</run_address>
         <size>0x6d1</size>
         <input_file_ref idref="fl-9f"/>
      </object_component>
      <object_component id="oc-9a">
         <name>.debug_info</name>
         <load_address>0x145b2</load_address>
         <run_address>0x145b2</run_address>
         <size>0x993</size>
         <input_file_ref idref="fl-a0"/>
      </object_component>
      <object_component id="oc-9d">
         <name>.debug_info</name>
         <load_address>0x14f45</load_address>
         <run_address>0x14f45</run_address>
         <size>0xbc</size>
         <input_file_ref idref="fl-a1"/>
      </object_component>
      <object_component id="oc-a0">
         <name>.debug_info</name>
         <load_address>0x15001</load_address>
         <run_address>0x15001</run_address>
         <size>0x67e</size>
         <input_file_ref idref="fl-a2"/>
      </object_component>
      <object_component id="oc-a3">
         <name>.debug_info</name>
         <load_address>0x1567f</load_address>
         <run_address>0x1567f</run_address>
         <size>0x681</size>
         <input_file_ref idref="fl-a3"/>
      </object_component>
      <object_component id="oc-a6">
         <name>.debug_info</name>
         <load_address>0x15d00</load_address>
         <run_address>0x15d00</run_address>
         <size>0x69a</size>
         <input_file_ref idref="fl-a4"/>
      </object_component>
      <object_component id="oc-a9">
         <name>.debug_info</name>
         <load_address>0x1639a</load_address>
         <run_address>0x1639a</run_address>
         <size>0x814</size>
         <input_file_ref idref="fl-a5"/>
      </object_component>
      <object_component id="oc-ac">
         <name>.debug_info</name>
         <load_address>0x16bae</load_address>
         <run_address>0x16bae</run_address>
         <size>0xab3</size>
         <input_file_ref idref="fl-a6"/>
      </object_component>
      <object_component id="oc-b0">
         <name>.debug_info</name>
         <load_address>0x17661</load_address>
         <run_address>0x17661</run_address>
         <size>0x68e</size>
         <input_file_ref idref="fl-a7"/>
      </object_component>
      <object_component id="oc-b3">
         <name>.debug_info</name>
         <load_address>0x17cef</load_address>
         <run_address>0x17cef</run_address>
         <size>0x7a3</size>
         <input_file_ref idref="fl-a8"/>
      </object_component>
      <object_component id="oc-b6">
         <name>.debug_info</name>
         <load_address>0x18492</load_address>
         <run_address>0x18492</run_address>
         <size>0x78d</size>
         <input_file_ref idref="fl-a9"/>
      </object_component>
      <object_component id="oc-b9">
         <name>.debug_info</name>
         <load_address>0x18c1f</load_address>
         <run_address>0x18c1f</run_address>
         <size>0x788</size>
         <input_file_ref idref="fl-aa"/>
      </object_component>
      <object_component id="oc-bc">
         <name>.debug_info</name>
         <load_address>0x193a7</load_address>
         <run_address>0x193a7</run_address>
         <size>0x800</size>
         <input_file_ref idref="fl-ab"/>
      </object_component>
      <object_component id="oc-bf">
         <name>.debug_info</name>
         <load_address>0x19ba7</load_address>
         <run_address>0x19ba7</run_address>
         <size>0x6eb</size>
         <input_file_ref idref="fl-ac"/>
      </object_component>
      <object_component id="oc-c2">
         <name>.debug_info</name>
         <load_address>0x1a292</load_address>
         <run_address>0x1a292</run_address>
         <size>0x719</size>
         <input_file_ref idref="fl-ad"/>
      </object_component>
      <object_component id="oc-c5">
         <name>.debug_info</name>
         <load_address>0x1a9ab</load_address>
         <run_address>0x1a9ab</run_address>
         <size>0x6bc</size>
         <input_file_ref idref="fl-ae"/>
      </object_component>
      <object_component id="oc-c8">
         <name>.debug_info</name>
         <load_address>0x1b067</load_address>
         <run_address>0x1b067</run_address>
         <size>0x6cf</size>
         <input_file_ref idref="fl-af"/>
      </object_component>
      <object_component id="oc-cb">
         <name>.debug_info</name>
         <load_address>0x1b736</load_address>
         <run_address>0x1b736</run_address>
         <size>0x6a1</size>
         <input_file_ref idref="fl-b0"/>
      </object_component>
      <object_component id="oc-ce">
         <name>.debug_info</name>
         <load_address>0x1bdd7</load_address>
         <run_address>0x1bdd7</run_address>
         <size>0x607</size>
         <input_file_ref idref="fl-b1"/>
      </object_component>
      <object_component id="oc-d1">
         <name>.debug_info</name>
         <load_address>0x1c3de</load_address>
         <run_address>0x1c3de</run_address>
         <size>0x602</size>
         <input_file_ref idref="fl-b2"/>
      </object_component>
      <object_component id="oc-d4">
         <name>.debug_info</name>
         <load_address>0x1c9e0</load_address>
         <run_address>0x1c9e0</run_address>
         <size>0x7f6</size>
         <input_file_ref idref="fl-b3"/>
      </object_component>
      <object_component id="oc-d7">
         <name>.debug_info</name>
         <load_address>0x1d1d6</load_address>
         <run_address>0x1d1d6</run_address>
         <size>0x62e</size>
         <input_file_ref idref="fl-b4"/>
      </object_component>
      <object_component id="oc-da">
         <name>.debug_info</name>
         <load_address>0x1d804</load_address>
         <run_address>0x1d804</run_address>
         <size>0x5b6</size>
         <input_file_ref idref="fl-b5"/>
      </object_component>
      <object_component id="oc-dd">
         <name>.debug_info</name>
         <load_address>0x1ddba</load_address>
         <run_address>0x1ddba</run_address>
         <size>0x6d4</size>
         <input_file_ref idref="fl-b6"/>
      </object_component>
      <object_component id="oc-e0">
         <name>.debug_info</name>
         <load_address>0x1e48e</load_address>
         <run_address>0x1e48e</run_address>
         <size>0x6e0</size>
         <input_file_ref idref="fl-b7"/>
      </object_component>
      <object_component id="oc-e3">
         <name>.debug_info</name>
         <load_address>0x1eb6e</load_address>
         <run_address>0x1eb6e</run_address>
         <size>0x71c</size>
         <input_file_ref idref="fl-b8"/>
      </object_component>
      <object_component id="oc-e6">
         <name>.debug_info</name>
         <load_address>0x1f28a</load_address>
         <run_address>0x1f28a</run_address>
         <size>0x6f8</size>
         <input_file_ref idref="fl-b9"/>
      </object_component>
      <object_component id="oc-1bb">
         <name>.debug_info</name>
         <load_address>0x1f982</load_address>
         <run_address>0x1f982</run_address>
         <size>0x6d</size>
      </object_component>
      <object_component id="oc-19">
         <name>.debug_abbrev</name>
         <load_address>0x0</load_address>
         <run_address>0x0</run_address>
         <size>0x34</size>
         <input_file_ref idref="fl-2"/>
      </object_component>
      <object_component id="oc-1d">
         <name>.debug_abbrev</name>
         <load_address>0x34</load_address>
         <run_address>0x34</run_address>
         <size>0x77</size>
         <input_file_ref idref="fl-3"/>
      </object_component>
      <object_component id="oc-22">
         <name>.debug_abbrev</name>
         <load_address>0xab</load_address>
         <run_address>0xab</run_address>
         <size>0x12a</size>
         <input_file_ref idref="fl-4"/>
      </object_component>
      <object_component id="oc-26">
         <name>.debug_abbrev</name>
         <load_address>0x1d5</load_address>
         <run_address>0x1d5</run_address>
         <size>0xb0</size>
         <input_file_ref idref="fl-5"/>
      </object_component>
      <object_component id="oc-2a">
         <name>.debug_abbrev</name>
         <load_address>0x285</load_address>
         <run_address>0x285</run_address>
         <size>0x77</size>
         <input_file_ref idref="fl-6"/>
      </object_component>
      <object_component id="oc-2e">
         <name>.debug_abbrev</name>
         <load_address>0x2fc</load_address>
         <run_address>0x2fc</run_address>
         <size>0x94</size>
         <input_file_ref idref="fl-7"/>
      </object_component>
      <object_component id="oc-32">
         <name>.debug_abbrev</name>
         <load_address>0x390</load_address>
         <run_address>0x390</run_address>
         <size>0x77</size>
         <input_file_ref idref="fl-8"/>
      </object_component>
      <object_component id="oc-36">
         <name>.debug_abbrev</name>
         <load_address>0x407</load_address>
         <run_address>0x407</run_address>
         <size>0x77</size>
         <input_file_ref idref="fl-9"/>
      </object_component>
      <object_component id="oc-3a">
         <name>.debug_abbrev</name>
         <load_address>0x47e</load_address>
         <run_address>0x47e</run_address>
         <size>0xfe</size>
         <input_file_ref idref="fl-84"/>
      </object_component>
      <object_component id="oc-3f">
         <name>.debug_abbrev</name>
         <load_address>0x57c</load_address>
         <run_address>0x57c</run_address>
         <size>0x119</size>
         <input_file_ref idref="fl-85"/>
      </object_component>
      <object_component id="oc-42">
         <name>.debug_abbrev</name>
         <load_address>0x695</load_address>
         <run_address>0x695</run_address>
         <size>0x130</size>
         <input_file_ref idref="fl-86"/>
      </object_component>
      <object_component id="oc-45">
         <name>.debug_abbrev</name>
         <load_address>0x7c5</load_address>
         <run_address>0x7c5</run_address>
         <size>0x12d</size>
         <input_file_ref idref="fl-87"/>
      </object_component>
      <object_component id="oc-4a">
         <name>.debug_abbrev</name>
         <load_address>0x8f2</load_address>
         <run_address>0x8f2</run_address>
         <size>0x1cd</size>
         <input_file_ref idref="fl-88"/>
      </object_component>
      <object_component id="oc-4d">
         <name>.debug_abbrev</name>
         <load_address>0xabf</load_address>
         <run_address>0xabf</run_address>
         <size>0x12e</size>
         <input_file_ref idref="fl-89"/>
      </object_component>
      <object_component id="oc-50">
         <name>.debug_abbrev</name>
         <load_address>0xbed</load_address>
         <run_address>0xbed</run_address>
         <size>0x139</size>
         <input_file_ref idref="fl-8a"/>
      </object_component>
      <object_component id="oc-55">
         <name>.debug_abbrev</name>
         <load_address>0xd26</load_address>
         <run_address>0xd26</run_address>
         <size>0x215</size>
         <input_file_ref idref="fl-8b"/>
      </object_component>
      <object_component id="oc-58">
         <name>.debug_abbrev</name>
         <load_address>0xf3b</load_address>
         <run_address>0xf3b</run_address>
         <size>0x3a</size>
         <input_file_ref idref="fl-8c"/>
      </object_component>
      <object_component id="oc-5e">
         <name>.debug_abbrev</name>
         <load_address>0xf75</load_address>
         <run_address>0xf75</run_address>
         <size>0x1f8</size>
         <input_file_ref idref="fl-8d"/>
      </object_component>
      <object_component id="oc-61">
         <name>.debug_abbrev</name>
         <load_address>0x116d</load_address>
         <run_address>0x116d</run_address>
         <size>0xd0</size>
         <input_file_ref idref="fl-8e"/>
      </object_component>
      <object_component id="oc-64">
         <name>.debug_abbrev</name>
         <load_address>0x123d</load_address>
         <run_address>0x123d</run_address>
         <size>0x161</size>
         <input_file_ref idref="fl-8f"/>
      </object_component>
      <object_component id="oc-67">
         <name>.debug_abbrev</name>
         <load_address>0x139e</load_address>
         <run_address>0x139e</run_address>
         <size>0xab</size>
         <input_file_ref idref="fl-90"/>
      </object_component>
      <object_component id="oc-6a">
         <name>.debug_abbrev</name>
         <load_address>0x1449</load_address>
         <run_address>0x1449</run_address>
         <size>0xc4</size>
         <input_file_ref idref="fl-91"/>
      </object_component>
      <object_component id="oc-6e">
         <name>.debug_abbrev</name>
         <load_address>0x150d</load_address>
         <run_address>0x150d</run_address>
         <size>0x180</size>
         <input_file_ref idref="fl-92"/>
      </object_component>
      <object_component id="oc-72">
         <name>.debug_abbrev</name>
         <load_address>0x168d</load_address>
         <run_address>0x168d</run_address>
         <size>0xd5</size>
         <input_file_ref idref="fl-93"/>
      </object_component>
      <object_component id="oc-75">
         <name>.debug_abbrev</name>
         <load_address>0x1762</load_address>
         <run_address>0x1762</run_address>
         <size>0x10e</size>
         <input_file_ref idref="fl-94"/>
      </object_component>
      <object_component id="oc-78">
         <name>.debug_abbrev</name>
         <load_address>0x1870</load_address>
         <run_address>0x1870</run_address>
         <size>0xd1</size>
         <input_file_ref idref="fl-95"/>
      </object_component>
      <object_component id="oc-7d">
         <name>.debug_abbrev</name>
         <load_address>0x1941</load_address>
         <run_address>0x1941</run_address>
         <size>0x9f</size>
         <input_file_ref idref="fl-96"/>
      </object_component>
      <object_component id="oc-81">
         <name>.debug_abbrev</name>
         <load_address>0x19e0</load_address>
         <run_address>0x19e0</run_address>
         <size>0x1d1</size>
         <input_file_ref idref="fl-97"/>
      </object_component>
      <object_component id="oc-84">
         <name>.debug_abbrev</name>
         <load_address>0x1bb1</load_address>
         <run_address>0x1bb1</run_address>
         <size>0xe1</size>
         <input_file_ref idref="fl-98"/>
      </object_component>
      <object_component id="oc-87">
         <name>.debug_abbrev</name>
         <load_address>0x1c92</load_address>
         <run_address>0x1c92</run_address>
         <size>0xcc</size>
         <input_file_ref idref="fl-99"/>
      </object_component>
      <object_component id="oc-8a">
         <name>.debug_abbrev</name>
         <load_address>0x1d5e</load_address>
         <run_address>0x1d5e</run_address>
         <size>0x13f</size>
         <input_file_ref idref="fl-9a"/>
      </object_component>
      <object_component id="oc-8d">
         <name>.debug_abbrev</name>
         <load_address>0x1e9d</load_address>
         <run_address>0x1e9d</run_address>
         <size>0xac</size>
         <input_file_ref idref="fl-9b"/>
      </object_component>
      <object_component id="oc-90">
         <name>.debug_abbrev</name>
         <load_address>0x1f49</load_address>
         <run_address>0x1f49</run_address>
         <size>0xdd</size>
         <input_file_ref idref="fl-9c"/>
      </object_component>
      <object_component id="oc-93">
         <name>.debug_abbrev</name>
         <load_address>0x2026</load_address>
         <run_address>0x2026</run_address>
         <size>0x10c</size>
         <input_file_ref idref="fl-9d"/>
      </object_component>
      <object_component id="oc-95">
         <name>.debug_abbrev</name>
         <load_address>0x2132</load_address>
         <run_address>0x2132</run_address>
         <size>0x5f</size>
         <input_file_ref idref="fl-9e"/>
      </object_component>
      <object_component id="oc-99">
         <name>.debug_abbrev</name>
         <load_address>0x2191</load_address>
         <run_address>0x2191</run_address>
         <size>0x8e</size>
         <input_file_ref idref="fl-9f"/>
      </object_component>
      <object_component id="oc-9c">
         <name>.debug_abbrev</name>
         <load_address>0x221f</load_address>
         <run_address>0x221f</run_address>
         <size>0x112</size>
         <input_file_ref idref="fl-a0"/>
      </object_component>
      <object_component id="oc-9f">
         <name>.debug_abbrev</name>
         <load_address>0x2331</load_address>
         <run_address>0x2331</run_address>
         <size>0x3a</size>
         <input_file_ref idref="fl-a1"/>
      </object_component>
      <object_component id="oc-a2">
         <name>.debug_abbrev</name>
         <load_address>0x236b</load_address>
         <run_address>0x236b</run_address>
         <size>0xac</size>
         <input_file_ref idref="fl-a2"/>
      </object_component>
      <object_component id="oc-a5">
         <name>.debug_abbrev</name>
         <load_address>0x2417</load_address>
         <run_address>0x2417</run_address>
         <size>0xac</size>
         <input_file_ref idref="fl-a3"/>
      </object_component>
      <object_component id="oc-a8">
         <name>.debug_abbrev</name>
         <load_address>0x24c3</load_address>
         <run_address>0x24c3</run_address>
         <size>0xc3</size>
         <input_file_ref idref="fl-a4"/>
      </object_component>
      <object_component id="oc-ab">
         <name>.debug_abbrev</name>
         <load_address>0x2586</load_address>
         <run_address>0x2586</run_address>
         <size>0x11f</size>
         <input_file_ref idref="fl-a5"/>
      </object_component>
      <object_component id="oc-af">
         <name>.debug_abbrev</name>
         <load_address>0x26a5</load_address>
         <run_address>0x26a5</run_address>
         <size>0x14b</size>
         <input_file_ref idref="fl-a6"/>
      </object_component>
      <object_component id="oc-b2">
         <name>.debug_abbrev</name>
         <load_address>0x27f0</load_address>
         <run_address>0x27f0</run_address>
         <size>0x9a</size>
         <input_file_ref idref="fl-a7"/>
      </object_component>
      <object_component id="oc-b5">
         <name>.debug_abbrev</name>
         <load_address>0x288a</load_address>
         <run_address>0x288a</run_address>
         <size>0xf7</size>
         <input_file_ref idref="fl-a8"/>
      </object_component>
      <object_component id="oc-b8">
         <name>.debug_abbrev</name>
         <load_address>0x2981</load_address>
         <run_address>0x2981</run_address>
         <size>0xc3</size>
         <input_file_ref idref="fl-a9"/>
      </object_component>
      <object_component id="oc-bb">
         <name>.debug_abbrev</name>
         <load_address>0x2a44</load_address>
         <run_address>0x2a44</run_address>
         <size>0xc3</size>
         <input_file_ref idref="fl-aa"/>
      </object_component>
      <object_component id="oc-be">
         <name>.debug_abbrev</name>
         <load_address>0x2b07</load_address>
         <run_address>0x2b07</run_address>
         <size>0xd0</size>
         <input_file_ref idref="fl-ab"/>
      </object_component>
      <object_component id="oc-c1">
         <name>.debug_abbrev</name>
         <load_address>0x2bd7</load_address>
         <run_address>0x2bd7</run_address>
         <size>0xa3</size>
         <input_file_ref idref="fl-ac"/>
      </object_component>
      <object_component id="oc-c4">
         <name>.debug_abbrev</name>
         <load_address>0x2c7a</load_address>
         <run_address>0x2c7a</run_address>
         <size>0xe3</size>
         <input_file_ref idref="fl-ad"/>
      </object_component>
      <object_component id="oc-c7">
         <name>.debug_abbrev</name>
         <load_address>0x2d5d</load_address>
         <run_address>0x2d5d</run_address>
         <size>0xae</size>
         <input_file_ref idref="fl-ae"/>
      </object_component>
      <object_component id="oc-ca">
         <name>.debug_abbrev</name>
         <load_address>0x2e0b</load_address>
         <run_address>0x2e0b</run_address>
         <size>0xda</size>
         <input_file_ref idref="fl-af"/>
      </object_component>
      <object_component id="oc-cd">
         <name>.debug_abbrev</name>
         <load_address>0x2ee5</load_address>
         <run_address>0x2ee5</run_address>
         <size>0xa3</size>
         <input_file_ref idref="fl-b0"/>
      </object_component>
      <object_component id="oc-d0">
         <name>.debug_abbrev</name>
         <load_address>0x2f88</load_address>
         <run_address>0x2f88</run_address>
         <size>0x81</size>
         <input_file_ref idref="fl-b1"/>
      </object_component>
      <object_component id="oc-d3">
         <name>.debug_abbrev</name>
         <load_address>0x3009</load_address>
         <run_address>0x3009</run_address>
         <size>0x71</size>
         <input_file_ref idref="fl-b2"/>
      </object_component>
      <object_component id="oc-d6">
         <name>.debug_abbrev</name>
         <load_address>0x307a</load_address>
         <run_address>0x307a</run_address>
         <size>0x11a</size>
         <input_file_ref idref="fl-b3"/>
      </object_component>
      <object_component id="oc-d9">
[...]
      </memory_area>
      <memory_area>
         <name>EMIFA_CS0</name>
         <page_id>0x0</page_id>
         <origin>0x80000000</origin>
         <length>0x10000000</length>
         <used_space>0x0</used_space>
         <unused_space>0x10000000</unused_space>
         <attributes>RWIX</attributes>
         <usage_details>
         </usage_details>
      </memory_area>
      <memory_area>
         <name>EMIFA_CS1</name>
         <page_id>0x0</page_id>
         <origin>0x90000000</origin>
         <length>0x10000000</length>
         <used_space>0x0</used_space>
         <unused_space>0x10000000</unused_space>
         <attributes>RWIX</attributes>
         <usage_details>
         </usage_details>
      </memory_area>
      <memory_area>
         <name>EMIFA_CS2</name>
         <page_id>0x0</page_id>
         <origin>0xa0000000</origin>
         <length>0x10000000</length>
         <used_space>0x0</used_space>
         <unused_space>0x10000000</unused_space>
         <attributes>RWIX</attributes>
         <usage_details>
         </usage_details>
      </memory_area>
      <memory_area>
         <name>EMIFA_CS3</name>
         <page_id>0x0</page_id>
         <origin>0xb0000000</origin>
         <length>0x10000000</length>
         <used_space>0x0</used_space>
         <unused_space>0x10000000</unused_space>
         <attributes>RWIX</attributes>
         <usage_details>
         </usage_details>
      </memory_area>
   </placement_map>
   <symbol_table>
      <symbol id="sm-0">
         <name>cinit</name>
         <value>0x409710</value>
      </symbol>
      <symbol id="sm-1">
         <name>___cinit__</name>
         <value>0x409710</value>
      </symbol>
      <symbol id="sm-2">
         <name>pinit</name>
         <value>0xffffffff</value>
      </symbol>
      <symbol id="sm-3">
         <name>___pinit__</name>
         <value>0xffffffff</value>
      </symbol>
      <symbol id="sm-4">
         <name>binit</name>
         <value>0xffffffff</value>
      </symbol>
      <symbol id="sm-5">
         <name>___binit__</name>
         <value>0xffffffff</value>
      </symbol>
      <symbol id="sm-6">
         <name>__STACK_SIZE</name>
         <value>0x200000</value>
      </symbol>
      <symbol id="sm-7">
         <name>__STACK_END</name>
         <value>0x200000</value>
      </symbol>
      <symbol id="sm-8">
         <name>__SYSMEM_SIZE</name>
         <value>0x200000</value>
      </symbol>
      <symbol id="sm-9">
         <name>___c_args__</name>
         <value>0xffffffff</value>
      </symbol>
      <symbol id="sm-a">
         <name>.text</name>
         <value>0x400000</value>
      </symbol>
      <symbol id="sm-b">
         <name>___text__</name>
         <value>0x400000</value>
      </symbol>
      <symbol id="sm-c">
         <name>etext</name>
         <value>0x409120</value>
      </symbol>
      <symbol id="sm-d">
         <name>___etext__</name>
         <value>0x409120</value>
      </symbol>
      <symbol id="sm-e">
         <name>.data</name>
         <value>0x0</value>
      </symbol>
      <symbol id="sm-f">
         <name>___data__</name>
         <value>0x0</value>
      </symbol>
      <symbol id="sm-10">
         <name>edata</name>
         <value>0x0</value>
      </symbol>
      <symbol id="sm-11">
         <name>___edata__</name>
         <value>0x0</value>
      </symbol>
      <symbol id="sm-12">
         <name>.bss</name>
         <value>0x0</value>
      </symbol>
      <symbol id="sm-13">
         <name>___bss__</name>
         <value>0x0</value>
      </symbol>
      <symbol id="sm-14">
         <name>end</name>
         <value>0x0</value>
      </symbol>
      <symbol id="sm-15">
         <name>___end__</name>
         <value>0x0</value>
      </symbol>
      <symbol id="sm-16">
         <name>___TI_pprof_out_hndl</name>
         <value>0xffffffff</value>
      </symbol>
      <symbol id="sm-17">
         <name>___TI_prof_data_start</name>
         <value>0xffffffff</value>
      </symbol>
      <symbol id="sm-18">
         <name>___TI_prof_data_size</name>
         <value>0xffffffff</value>
      </symbol>
      <symbol id="sm-19">
         <name>$bss</name>
         <value>0x0</value>
      </symbol>
      <symbol id="sm-58">
         <name>_multiply32</name>
         <value>0x408e40</value>
         <object_component_ref idref="oc-117"/>
      </symbol>
      <symbol id="sm-85">
         <name>_main</name>
         <value>0x402700</value>
         <object_component_ref idref="oc-f7"/>
      </symbol>
      <symbol id="sm-86">
         <name>_iFileName</name>
         <value>0x4096e0</value>
         <object_component_ref idref="oc-fc"/>
      </symbol>
      <symbol id="sm-87">
         <name>_output_size</name>
         <value>0x409708</value>
         <object_component_ref idref="oc-101"/>
      </symbol>
      <symbol id="sm-88">
         <name>_oFileName</name>
         <value>0x4096f0</value>
         <object_component_ref idref="oc-fd"/>
      </symbol>
      <symbol id="sm-92">
         <name>_imresize</name>
         <value>0x404280</value>
         <object_component_ref idref="oc-105"/>
      </symbol>
      <symbol id="sm-9c">
         <name>_floor</name>
         <value>0x409100</value>
         <object_component_ref idref="oc-118"/>
      </symbol>
      <symbol id="sm-a6">
         <name>_division</name>
         <value>0x408740</value>
         <object_component_ref idref="oc-116"/>
      </symbol>
      <symbol id="sm-b0">
         <name>_ceil</name>
         <value>0x408fe0</value>
         <object_component_ref idref="oc-119"/>
      </symbol>
      <symbol id="sm-c3">
         <name>_c_int00</name>
         <value>0x408d80</value>
         <object_component_ref idref="oc-17"/>
      </symbol>
      <symbol id="sm-c4">
         <name>__stack</name>
         <value>0x0</value>
         <object_component_ref idref="oc-38"/>
      </symbol>
      <symbol id="sm-d4">
         <name>C$$EXIT</name>
         <value>0x4090a0</value>
         <object_component_ref idref="oc-f8"/>
      </symbol>
      <symbol id="sm-d5">
         <name>_exit</name>
         <value>0x407f20</value>
         <object_component_ref idref="oc-eb"/>
      </symbol>
      <symbol id="sm-d6">
         <name>___TI_enable_exit_profile_output</name>
         <value>0x40956c</value>
         <object_component_ref idref="oc-3d"/>
      </symbol>
      <symbol id="sm-d7">
         <name>_abort</name>
         <value>0x4090a0</value>
         <object_component_ref idref="oc-f8"/>
      </symbol>
      <symbol id="sm-d8">
         <name>__cleanup_ptr</name>
         <value>0x409564</value>
         <object_component_ref idref="oc-3d"/>
      </symbol>
      <symbol id="sm-d9">
         <name>__dtors_ptr</name>
         <value>0x409568</value>
         <object_component_ref idref="oc-3d"/>
      </symbol>
      <symbol id="sm-e5">
         <name>__closefile</name>
         <value>0x4063a0</value>
         <object_component_ref idref="oc-11a"/>
      </symbol>
      <symbol id="sm-e6">
         <name>_fclose</name>
         <value>0x4089e0</value>
         <object_component_ref idref="oc-106"/>
      </symbol>
      <symbol id="sm-f0">
         <name>__doflush</name>
         <value>0x407640</value>
         <object_component_ref idref="oc-112"/>
      </symbol>
      <symbol id="sm-104">
         <name>__cleanup</name>
         <value>0x407b60</value>
         <object_component_ref idref="oc-11b"/>
      </symbol>
      <symbol id="sm-105">
         <name>_fopen</name>
         <value>0x408a60</value>
         <object_component_ref idref="oc-fb"/>
      </symbol>
      <symbol id="sm-10f">
         <name>_fread</name>
         <value>0x4034c0</value>
         <object_component_ref idref="oc-fe"/>
      </symbol>
      <symbol id="sm-119">
         <name>_fwrite</name>
         <value>0x400be0</value>
         <object_component_ref idref="oc-102"/>
      </symbol>
      <symbol id="sm-137">
         <name>_read</name>
         <value>0x408160</value>
         <object_component_ref idref="oc-10c"/>
      </symbol>
      <symbol id="sm-138">
         <name>_unlink</name>
         <value>0x408be0</value>
         <object_component_ref idref="oc-12e"/>
      </symbol>
      <symbol id="sm-139">
         <name>_open</name>
         <value>0x405a80</value>
         <object_component_ref idref="oc-11c"/>
      </symbol>
      <symbol id="sm-13a">
         <name>_lseek</name>
         <value>0x407fe0</value>
         <object_component_ref idref="oc-124"/>
      </symbol>
      <symbol id="sm-13b">
         <name>_close</name>
         <value>0x406fc0</value>
         <object_component_ref idref="oc-126"/>
      </symbol>
      <symbol id="sm-13c">
         <name>_write</name>
         <value>0x408220</value>
         <object_component_ref idref="oc-113"/>
      </symbol>
      <symbol id="sm-144">
         <name>_memcpy</name>
         <value>0x407800</value>
         <object_component_ref idref="oc-f5"/>
      </symbol>
      <symbol id="sm-15a">
         <name>__sys_memory</name>
         <value>0x200000</value>
         <object_component_ref idref="oc-5c"/>
      </symbol>
      <symbol id="sm-15b">
         <name>_free</name>
         <value>0x4037c0</value>
         <object_component_ref idref="oc-125"/>
      </symbol>
      <symbol id="sm-15c">
         <name>_malloc</name>
         <value>0x4058c0</value>
         <object_component_ref idref="oc-103"/>
      </symbol>
      <symbol id="sm-166">
         <name>_memset</name>
         <value>0x4071c0</value>
         <object_component_ref idref="oc-104"/>
      </symbol>
      <symbol id="sm-174">
         <name>_printf</name>
         <value>0x4079c0</value>
         <object_component_ref idref="oc-ff"/>
      </symbol>
      <symbol id="sm-17e">
         <name>_remove</name>
         <value>0x4090c0</value>
         <object_component_ref idref="oc-127"/>
      </symbol>
      <symbol id="sm-188">
         <name>_rewind</name>
         <value>0x4090e0</value>
         <object_component_ref idref="oc-100"/>
      </symbol>
      <symbol id="sm-1a0">
         <name>_HOSTopen</name>
         <value>0x406bc0</value>
         <object_component_ref idref="oc-ec"/>
      </symbol>
      <symbol id="sm-1a1">
         <name>_HOSTread</name>
         <value>0x406cc0</value>
         <object_component_ref idref="oc-ee"/>
      </symbol>
      <symbol id="sm-1a2">
         <name>_HOSTrename</name>
         <value>0x4052e0</value>
         <object_component_ref idref="oc-f2"/>
      </symbol>
      <symbol id="sm-1a3">
         <name>_HOSTwrite</name>
         <value>0x406dc0</value>
         <object_component_ref idref="oc-ef"/>
      </symbol>
      <symbol id="sm-1a4">
         <name>_HOSTlseek</name>
         <value>0x406620</value>
         <object_component_ref idref="oc-f0"/>
      </symbol>
      <symbol id="sm-1a5">
         <name>_HOSTunlink</name>
         <value>0x4072c0</value>
         <object_component_ref idref="oc-f1"/>
      </symbol>
      <symbol id="sm-1a6">
         <name>_HOSTclose</name>
         <value>0x407aa0</value>
         <object_component_ref idref="oc-ed"/>
      </symbol>
      <symbol id="sm-1b4">
         <name>C$$IO$$</name>
         <value>0x408e38</value>
         <object_component_ref idref="oc-f9"/>
      </symbol>
      <symbol id="sm-1b5">
         <name>__CIOBUF_</name>
         <value>0x409868</value>
         <object_component_ref idref="oc-70"/>
      </symbol>
      <symbol id="sm-1b6">
         <name>_readmsg</name>
         <value>0x408b60</value>
         <object_component_ref idref="oc-fa"/>
      </symbol>
      <symbol id="sm-1b7">
         <name>_writemsg</name>
         <value>0x408de0</value>
         <object_component_ref idref="oc-f9"/>
      </symbol>
      <symbol id="sm-1c1">
         <name>__buff_read</name>
         <value>0x406740</value>
         <object_component_ref idref="oc-10a"/>
      </symbol>
      <symbol id="sm-1cd">
         <name>__rd_ok</name>
         <value>0x407e60</value>
         <object_component_ref idref="oc-109"/>
      </symbol>
      <symbol id="sm-1ce">
         <name>__wrt_ok</name>
         <value>0x406980</value>
         <object_component_ref idref="oc-111"/>
      </symbol>
      <symbol id="sm-1dc">
         <name>__unlock</name>
         <value>0x409574</value>
         <object_component_ref idref="oc-7b"/>
      </symbol>
      <symbol id="sm-1dd">
         <name>__lock</name>
         <value>0x409570</value>
         <object_component_ref idref="oc-7b"/>
      </symbol>
      <symbol id="sm-1de">
         <name>__nop</name>
         <value>0x409040</value>
         <object_component_ref idref="oc-f3"/>
      </symbol>
      <symbol id="sm-20e">
         <name>__printfi</name>
         <value>0x401640</value>
         <object_component_ref idref="oc-10e"/>
      </symbol>
      <symbol id="sm-218">
         <name>__args_main</name>
         <value>0x408f20</value>
         <object_component_ref idref="oc-ea"/>
      </symbol>
      <symbol id="sm-219">
         <name>__TI_args_main</name>
         <value>0x1</value>
      </symbol>
      <symbol id="sm-223">
         <name>_atoi</name>
         <value>0x406aa0</value>
         <object_component_ref idref="oc-12a"/>
      </symbol>
      <symbol id="sm-22d">
         <name>__auto_init</name>
         <value>0x4073a0</value>
         <object_component_ref idref="oc-e9"/>
      </symbol>
      <symbol id="sm-237">
         <name>__cmpd</name>
         <value>0x407480</value>
         <object_component_ref idref="oc-133"/>
      </symbol>
      <symbol id="sm-241">
         <name>___TI_cpp_init</name>
         <value>0x4087e0</value>
         <object_component_ref idref="oc-f6"/>
      </symbol>
      <symbol id="sm-24b">
         <name>_copy_in</name>
         <value>0x408560</value>
         <object_component_ref idref="oc-f4"/>
      </symbol>
      <symbol id="sm-253">
         <name>__ctypes_</name>
         <value>0x409588</value>
         <object_component_ref idref="oc-130"/>
      </symbol>
      <symbol id="sm-25d">
         <name>__tmpnams</name>
         <value>0x409300</value>
         <object_component_ref idref="oc-98"/>
      </symbol>
      <symbol id="sm-25e">
         <name>__ft_end</name>
         <value>0x409440</value>
         <object_component_ref idref="oc-98"/>
      </symbol>
      <symbol id="sm-25f">
         <name>__ftable</name>
         <value>0x409120</value>
         <object_component_ref idref="oc-98"/>
      </symbol>
      <symbol id="sm-26b">
         <name>__divd</name>
         <value>0x400620</value>
         <object_component_ref idref="oc-141"/>
      </symbol>
      <symbol id="sm-273">
         <name>__c6xabi_divu</name>
         <value>0x407c20</value>
         <object_component_ref idref="oc-10b"/>
      </symbol>
      <symbol id="sm-274">
         <name>__divu</name>
         <value>0x407c20</value>
         <object_component_ref idref="oc-10b"/>
      </symbol>
      <symbol id="sm-27e">
         <name>__fixdi</name>
         <value>0x408380</value>
         <object_component_ref idref="oc-148"/>
      </symbol>
      <symbol id="sm-288">
         <name>__fixdli</name>
         <value>0x408420</value>
         <object_component_ref idref="oc-144"/>
      </symbol>
      <symbol id="sm-292">
         <name>__fltlid</name>
         <value>0x408860</value>
         <object_component_ref idref="oc-146"/>
      </symbol>
      <symbol id="sm-29c">
         <name>_putc</name>
         <value>0x4049c0</value>
         <object_component_ref idref="oc-123"/>
      </symbol>
      <symbol id="sm-29d">
         <name>_fputc</name>
         <value>0x4049c0</value>
         <object_component_ref idref="oc-123"/>
      </symbol>
      <symbol id="sm-2a9">
         <name>_fputs</name>
         <value>0x401b00</value>
         <object_component_ref idref="oc-11e"/>
      </symbol>
      <symbol id="sm-2b3">
         <name>__frcmpyd_div</name>
         <value>0x406ec0</value>
         <object_component_ref idref="oc-14b"/>
      </symbol>
      <symbol id="sm-2bd">
         <name>_fseek</name>
         <value>0x405de0</value>
         <object_component_ref idref="oc-110"/>
      </symbol>
      <symbol id="sm-2cb">
         <name>__divul</name>
         <value>0x405c40</value>
         <object_component_ref idref="oc-14c"/>
      </symbol>
      <symbol id="sm-2cc">
         <name>__remli</name>
         <value>0x408cc0</value>
         <object_component_ref idref="oc-14e"/>
      </symbol>
      <symbol id="sm-2cd">
         <name>__divli</name>
         <value>0x4082e0</value>
         <object_component_ref idref="oc-14f"/>
      </symbol>
      <symbol id="sm-2d9">
         <name>__subcull</name>
         <value>0x408d20</value>
         <object_component_ref idref="oc-152"/>
      </symbol>
      <symbol id="sm-2da">
         <name>__divull</name>
         <value>0x403aa0</value>
         <object_component_ref idref="oc-14d"/>
      </symbol>
      <symbol id="sm-2e4">
         <name>___isinf</name>
         <value>0x408ea0</value>
         <object_component_ref idref="oc-132"/>
      </symbol>
      <symbol id="sm-2f0">
         <name>__llshl</name>
         <value>0x4088e0</value>
         <object_component_ref idref="oc-151"/>
      </symbol>
      <symbol id="sm-2f1">
         <name>__llshru</name>
         <value>0x408c60</value>
         <object_component_ref idref="oc-153"/>
      </symbol>
      <symbol id="sm-2fb">
         <name>_ltoa</name>
         <value>0x4070c0</value>
         <object_component_ref idref="oc-145"/>
      </symbol>
      <symbol id="sm-305">
         <name>_memccpy</name>
         <value>0x408ae0</value>
         <object_component_ref idref="oc-12d"/>
      </symbol>
      <symbol id="sm-30f">
         <name>__mpyd</name>
         <value>0x404000</value>
         <object_component_ref idref="oc-140"/>
      </symbol>
      <symbol id="sm-319">
         <name>__mpyll</name>
         <value>0x408960</value>
         <object_component_ref idref="oc-143"/>
      </symbol>
      <symbol id="sm-323">
         <name>__negd</name>
         <value>0x408f60</value>
         <object_component_ref idref="oc-134"/>
      </symbol>
      <symbol id="sm-32d">
         <name>__negll</name>
         <value>0x409020</value>
         <object_component_ref idref="oc-139"/>
      </symbol>
      <symbol id="sm-337">
         <name>_setvbuf</name>
         <value>0x4050a0</value>
         <object_component_ref idref="oc-11d"/>
      </symbol>
      <symbol id="sm-341">
         <name>__subd</name>
         <value>0x408fa0</value>
         <object_component_ref idref="oc-147"/>
      </symbol>
      <symbol id="sm-352">
         <name>__addd</name>
         <value>0x404c20</value>
         <object_component_ref idref="oc-150"/>
      </symbol>
      <symbol id="sm-35c">
         <name>__frcaddd</name>
         <value>0x404500</value>
         <object_component_ref idref="oc-154"/>
      </symbol>
      <symbol id="sm-366">
         <name>__frcmpyd</name>
         <value>0x406860</value>
         <object_component_ref idref="oc-149"/>
      </symbol>
      <symbol id="sm-370">
         <name>__renormd</name>
         <value>0x4084c0</value>
         <object_component_ref idref="oc-155"/>
      </symbol>
   </symbol_table>
</link_info>
