<?xml version="1.0"?>
<link_info>
   <banner>TMS320C6x Linker PC v7.4.4</banner>
   <copyright>Copyright (c) 1996-2013 Texas Instruments Incorporated</copyright>
   <link_time>0x5fdd78cb</link_time>
   <output_file>BiLinear_interpolation_dsp.out</output_file>
   <entry_point>
      <name>_c_int00</name>
      <address>0x408e40</address>
   </entry_point>
   <input_file_list>
      <input_file id="fl-2">
         <path>.\</path>
         <kind>object</kind>
         <file>rounding.obj</file>
         <name>rounding.obj</name>
      </input_file>
      <input_file id="fl-3">
         <path>.\</path>
         <kind>object</kind>
         <file>multiply32.obj</file>
         <name>multiply32.obj</name>
      </input_file>
      <input_file id="fl-4">
         <path>.\</path>
         <kind>object</kind>
         <file>main.obj</file>
         <name>main.obj</name>
      </input_file>
      <input_file id="fl-5">
         <path>.\</path>
         <kind>object</kind>
         <file>imresize.obj</file>
         <name>imresize.obj</name>
      </input_file>
      <input_file id="fl-6">
         <path>.\</path>
         <kind>object</kind>
         <file>floor.obj</file>
         <name>floor.obj</name>
      </input_file>
      <input_file id="fl-7">
         <path>.\</path>
         <kind>object</kind>
         <file>division.obj</file>
         <name>division.obj</name>
      </input_file>
      <input_file id="fl-8">
         <path>.\</path>
         <kind>object</kind>
         <file>ceil.obj</file>
         <name>ceil.obj</name>
      </input_file>
      <input_file id="fl-9">
         <path>.\</path>
         <kind>object</kind>
         <file>assmbly.obj</file>
         <name>assmbly.obj</name>
      </input_file>
      <input_file id="fl-84">
         <path>F:\software\ccs\ccsv5\tools\compiler\c6000_7.4.4\lib\</path>
         <kind>archive</kind>
         <file>rts6400.lib</file>
         <name>boot.obj</name>
      </input_file>
      <input_file id="fl-85">
         <path>F:\software\ccs\ccsv5\tools\compiler\c6000_7.4.4\lib\</path>
         <kind>archive</kind>
         <file>rts6400.lib</file>
         <name>exit.obj</name>
      </input_file>
      <input_file id="fl-86">
         <path>F:\software\ccs\ccsv5\tools\compiler\c6000_7.4.4\lib\</path>
         <kind>archive</kind>
         <file>rts6400.lib</file>
         <name>fclose.obj</name>
      </input_file>
      <input_file id="fl-87">
         <path>F:\software\ccs\ccsv5\tools\compiler\c6000_7.4.4\lib\</path>
         <kind>archive</kind>
         <file>rts6400.lib</file>
         <name>fflush.obj</name>
      </input_file>
      <input_file id="fl-88">
         <path>F:\software\ccs\ccsv5\tools\compiler\c6000_7.4.4\lib\</path>
         <kind>archive</kind>
         <file>rts6400.lib</file>
         <name>fopen.obj</name>
      </input_file>
      <input_file id="fl-89">
         <path>F:\software\ccs\ccsv5\tools\compiler\c6000_7.4.4\lib\</path>
         <kind>archive</kind>
         <file>rts6400.lib</file>
         <name>fread.obj</name>
      </input_file>
      <input_file id="fl-8a">
         <path>F:\software\ccs\ccsv5\tools\compiler\c6000_7.4.4\lib\</path>
         <kind>archive</kind>
         <file>rts6400.lib</file>
         <name>fwrite.obj</name>
      </input_file>
      <input_file id="fl-8b">
         <path>F:\software\ccs\ccsv5\tools\compiler\c6000_7.4.4\lib\</path>
         <kind>archive</kind>
         <file>rts6400.lib</file>
         <name>lowlev.obj</name>
      </input_file>
      <input_file id="fl-8c">
         <path>F:\software\ccs\ccsv5\tools\compiler\c6000_7.4.4\lib\</path>
         <kind>archive</kind>
         <file>rts6400.lib</file>
         <name>memcpy64.obj</name>
      </input_file>
      <input_file id="fl-8d">
         <path>F:\software\ccs\ccsv5\tools\compiler\c6000_7.4.4\lib\</path>
         <kind>archive</kind>
         <file>rts6400.lib</file>
         <name>memory.obj</name>
      </input_file>
      <input_file id="fl-8e">
         <path>F:\software\ccs\ccsv5\tools\compiler\c6000_7.4.4\lib\</path>
         <kind>archive</kind>
         <file>rts6400.lib</file>
         <name>memset.obj</name>
      </input_file>
      <input_file id="fl-8f">
         <path>F:\software\ccs\ccsv5\tools\compiler\c6000_7.4.4\lib\</path>
         <kind>archive</kind>
         <file>rts6400.lib</file>
         <name>printf.obj</name>
      </input_file>
      <input_file id="fl-90">
         <path>F:\software\ccs\ccsv5\tools\compiler\c6000_7.4.4\lib\</path>
         <kind>archive</kind>
         <file>rts6400.lib</file>
         <name>remove.obj</name>
      </input_file>
      <input_file id="fl-91">
         <path>F:\software\ccs\ccsv5\tools\compiler\c6000_7.4.4\lib\</path>
         <kind>archive</kind>
         <file>rts6400.lib</file>
         <name>rewind.obj</name>
      </input_file>
      <input_file id="fl-92">
         <path>F:\software\ccs\ccsv5\tools\compiler\c6000_7.4.4\lib\</path>
         <kind>archive</kind>
         <file>rts6400.lib</file>
         <name>trgdrv.obj</name>
      </input_file>
      <input_file id="fl-93">
         <path>F:\software\ccs\ccsv5\tools\compiler\c6000_7.4.4\lib\</path>
         <kind>archive</kind>
         <file>rts6400.lib</file>
         <name>trgmsg.obj</name>
      </input_file>
      <input_file id="fl-94">
         <path>F:\software\ccs\ccsv5\tools\compiler\c6000_7.4.4\lib\</path>
         <kind>archive</kind>
         <file>rts6400.lib</file>
         <name>_bufread.obj</name>
      </input_file>
      <input_file id="fl-95">
         <path>F:\software\ccs\ccsv5\tools\compiler\c6000_7.4.4\lib\</path>
         <kind>archive</kind>
         <file>rts6400.lib</file>
         <name>_io_perm.obj</name>
      </input_file>
      <input_file id="fl-96">
         <path>F:\software\ccs\ccsv5\tools\compiler\c6000_7.4.4\lib\</path>
         <kind>archive</kind>
         <file>rts6400.lib</file>
         <name>_lock.obj</name>
      </input_file>
      <input_file id="fl-97">
         <path>F:\software\ccs\ccsv5\tools\compiler\c6000_7.4.4\lib\</path>
         <kind>archive</kind>
         <file>rts6400.lib</file>
         <name>_printfi.obj</name>
      </input_file>
      <input_file id="fl-98">
         <path>F:\software\ccs\ccsv5\tools\compiler\c6000_7.4.4\lib\</path>
         <kind>archive</kind>
         <file>rts6400.lib</file>
         <name>args_main.obj</name>
      </input_file>
      <input_file id="fl-99">
         <path>F:\software\ccs\ccsv5\tools\compiler\c6000_7.4.4\lib\</path>
         <kind>archive</kind>
         <file>rts6400.lib</file>
         <name>atoi.obj</name>
      </input_file>
      <input_file id="fl-9a">
         <path>F:\software\ccs\ccsv5\tools\compiler\c6000_7.4.4\lib\</path>
         <kind>archive</kind>
         <file>rts6400.lib</file>
         <name>autoinit.obj</name>
      </input_file>
      <input_file id="fl-9b">
         <path>F:\software\ccs\ccsv5\tools\compiler\c6000_7.4.4\lib\</path>
         <kind>archive</kind>
         <file>rts6400.lib</file>
         <name>cmpd.obj</name>
      </input_file>
      <input_file id="fl-9c">
         <path>F:\software\ccs\ccsv5\tools\compiler\c6000_7.4.4\lib\</path>
         <kind>archive</kind>
         <file>rts6400.lib</file>
         <name>cpp_init.obj</name>
      </input_file>
      <input_file id="fl-9d">
         <path>F:\software\ccs\ccsv5\tools\compiler\c6000_7.4.4\lib\</path>
         <kind>archive</kind>
         <file>rts6400.lib</file>
         <name>cpy_tbl.obj</name>
      </input_file>
      <input_file id="fl-9e">
         <path>F:\software\ccs\ccsv5\tools\compiler\c6000_7.4.4\lib\</path>
         <kind>archive</kind>
         <file>rts6400.lib</file>
         <name>ctype.obj</name>
      </input_file>
      <input_file id="fl-9f">
         <path>F:\software\ccs\ccsv5\tools\compiler\c6000_7.4.4\lib\</path>
         <kind>archive</kind>
         <file>rts6400.lib</file>
         <name>defs.obj</name>
      </input_file>
      <input_file id="fl-a0">
         <path>F:\software\ccs\ccsv5\tools\compiler\c6000_7.4.4\lib\</path>
         <kind>archive</kind>
         <file>rts6400.lib</file>
         <name>divd.obj</name>
      </input_file>
      <input_file id="fl-a1">
         <path>F:\software\ccs\ccsv5\tools\compiler\c6000_7.4.4\lib\</path>
         <kind>archive</kind>
         <file>rts6400.lib</file>
         <name>divu.obj</name>
      </input_file>
      <input_file id="fl-a2">
         <path>F:\software\ccs\ccsv5\tools\compiler\c6000_7.4.4\lib\</path>
         <kind>archive</kind>
         <file>rts6400.lib</file>
         <name>fixdi.obj</name>
      </input_file>
      <input_file id="fl-a3">
         <path>F:\software\ccs\ccsv5\tools\compiler\c6000_7.4.4\lib\</path>
         <kind>archive</kind>
         <file>rts6400.lib</file>
         <name>fixdli.obj</name>
      </input_file>
      <input_file id="fl-a4">
         <path>F:\software\ccs\ccsv5\tools\compiler\c6000_7.4.4\lib\</path>
         <kind>archive</kind>
         <file>rts6400.lib</file>
         <name>fltlid.obj</name>
      </input_file>
      <input_file id="fl-a5">
         <path>F:\software\ccs\ccsv5\tools\compiler\c6000_7.4.4\lib\</path>
         <kind>archive</kind>
         <file>rts6400.lib</file>
         <name>fputc.obj</name>
      </input_file>
      <input_file id="fl-a6">
         <path>F:\software\ccs\ccsv5\tools\compiler\c6000_7.4.4\lib\</path>
         <kind>archive</kind>
         <file>rts6400.lib</file>
         <name>fputs.obj</name>
      </input_file>
      <input_file id="fl-a7">
         <path>F:\software\ccs\ccsv5\tools\compiler\c6000_7.4.4\lib\</path>
         <kind>archive</kind>
         <file>rts6400.lib</file>
         <name>frcmpyd_div.obj</name>
      </input_file>
      <input_file id="fl-a8">
         <path>F:\software\ccs\ccsv5\tools\compiler\c6000_7.4.4\lib\</path>
         <kind>archive</kind>
         <file>rts6400.lib</file>
         <name>fseek.obj</name>
      </input_file>
      <input_file id="fl-a9">
         <path>F:\software\ccs\ccsv5\tools\compiler\c6000_7.4.4\lib\</path>
         <kind>archive</kind>
         <file>rts6400.lib</file>
         <name>imath40.obj</name>
      </input_file>
      <input_file id="fl-aa">
         <path>F:\software\ccs\ccsv5\tools\compiler\c6000_7.4.4\lib\</path>
         <kind>archive</kind>
         <file>rts6400.lib</file>
         <name>imath64.obj</name>
      </input_file>
      <input_file id="fl-ab">
         <path>F:\software\ccs\ccsv5\tools\compiler\c6000_7.4.4\lib\</path>
         <kind>archive</kind>
         <file>rts6400.lib</file>
         <name>isinf.obj</name>
      </input_file>
      <input_file id="fl-ac">
         <path>F:\software\ccs\ccsv5\tools\compiler\c6000_7.4.4\lib\</path>
         <kind>archive</kind>
         <file>rts6400.lib</file>
         <name>llshift.obj</name>
      </input_file>
      <input_file id="fl-ad">
         <path>F:\software\ccs\ccsv5\tools\compiler\c6000_7.4.4\lib\</path>
         <kind>archive</kind>
         <file>rts6400.lib</file>
         <name>ltoa.obj</name>
      </input_file>
      <input_file id="fl-ae">
         <path>F:\software\ccs\ccsv5\tools\compiler\c6000_7.4.4\lib\</path>
         <kind>archive</kind>
         <file>rts6400.lib</file>
         <name>memccpy.obj</name>
      </input_file>
      <input_file id="fl-af">
         <path>F:\software\ccs\ccsv5\tools\compiler\c6000_7.4.4\lib\</path>
         <kind>archive</kind>
         <file>rts6400.lib</file>
         <name>mpyd.obj</name>
      </input_file>
      <input_file id="fl-b0">
         <path>F:\software\ccs\ccsv5\tools\compiler\c6000_7.4.4\lib\</path>
         <kind>archive</kind>
         <file>rts6400.lib</file>
         <name>mpyll.obj</name>
      </input_file>
      <input_file id="fl-b1">
         <path>F:\software\ccs\ccsv5\tools\compiler\c6000_7.4.4\lib\</path>
         <kind>archive</kind>
         <file>rts6400.lib</file>
         <name>negd.obj</name>
      </input_file>
      <input_file id="fl-b2">
         <path>F:\software\ccs\ccsv5\tools\compiler\c6000_7.4.4\lib\</path>
         <kind>archive</kind>
         <file>rts6400.lib</file>
         <name>negll.obj</name>
      </input_file>
      <input_file id="fl-b3">
         <path>F:\software\ccs\ccsv5\tools\compiler\c6000_7.4.4\lib\</path>
         <kind>archive</kind>
         <file>rts6400.lib</file>
         <name>setvbuf.obj</name>
      </input_file>
      <input_file id="fl-b4">
         <path>F:\software\ccs\ccsv5\tools\compiler\c6000_7.4.4\lib\</path>
         <kind>archive</kind>
         <file>rts6400.lib</file>
         <name>subd.obj</name>
      </input_file>
      <input_file id="fl-b5">
         <path>F:\software\ccs\ccsv5\tools\compiler\c6000_7.4.4\lib\</path>
         <kind>archive</kind>
         <file>rts6400.lib</file>
         <name>abs.obj</name>
      </input_file>
      <input_file id="fl-b6">
         <path>F:\software\ccs\ccsv5\tools\compiler\c6000_7.4.4\lib\</path>
         <kind>archive</kind>
         <file>rts6400.lib</file>
         <name>addd.obj</name>
      </input_file>
      <input_file id="fl-b7">
         <path>F:\software\ccs\ccsv5\tools\compiler\c6000_7.4.4\lib\</path>
         <kind>archive</kind>
         <file>rts6400.lib</file>
         <name>frcaddd.obj</name>
      </input_file>
      <input_file id="fl-b8">
         <path>F:\software\ccs\ccsv5\tools\compiler\c6000_7.4.4\lib\</path>
         <kind>archive</kind>
         <file>rts6400.lib</file>
         <name>frcmpyd.obj</name>
      </input_file>
      <input_file id="fl-b9">
         <path>F:\software\ccs\ccsv5\tools\compiler\c6000_7.4.4\lib\</path>
         <kind>archive</kind>
         <file>rts6400.lib</file>
         <name>renormd.obj</name>
      </input_file>
   </input_file_list>
   <object_component_list>
      <object_component id="oc-13c">
         <name>.text:__getarg_diouxp</name>
         <load_address>0x400000</load_address>
         <run_address>0x400000</run_address>
         <size>0x620</size>
         <input_file_ref idref="fl-97"/>
      </object_component>
      <object_component id="oc-145">
         <name>.text:__divd</name>
         <load_address>0x400620</load_address>
         <run_address>0x400620</run_address>
         <size>0x5c0</size>
         <input_file_ref idref="fl-a0"/>
      </object_component>
      <object_component id="oc-106">
         <name>.text:_fwrite</name>
         <load_address>0x400be0</load_address>
         <run_address>0x400be0</run_address>
         <size>0x580</size>
         <input_file_ref idref="fl-8a"/>
      </object_component>
      <object_component id="oc-125">
         <name>.text:__setfield</name>
         <load_address>0x401160</load_address>
         <run_address>0x401160</run_address>
         <size>0x4e0</size>
         <input_file_ref idref="fl-97"/>
      </object_component>
      <object_component id="oc-112">
         <name>.text:__printfi</name>
         <load_address>0x401640</load_address>
         <run_address>0x401640</run_address>
         <size>0x4c0</size>
         <input_file_ref idref="fl-97"/>
      </object_component>
      <object_component id="oc-122">
         <name>.text:_fputs</name>
         <load_address>0x401b00</load_address>
         <run_address>0x401b00</run_address>
         <size>0x420</size>
         <input_file_ref idref="fl-a6"/>
      </object_component>
      <object_component id="oc-142">
         <name>.text:_fcvt</name>
         <load_address>0x401f20</load_address>
         <run_address>0x401f20</run_address>
         <size>0x400</size>
         <input_file_ref idref="fl-97"/>
      </object_component>
      <object_component id="oc-12f">
         <name>.text:__pproc_fge</name>
         <load_address>0x402320</load_address>
         <run_address>0x402320</run_address>
         <size>0x3e0</size>
         <input_file_ref idref="fl-97"/>
      </object_component>
      <object_component id="oc-fb">
         <name>.text</name>
         <load_address>0x402700</load_address>
         <run_address>0x402700</run_address>
         <size>0x3e0</size>
         <input_file_ref idref="fl-4"/>
      </object_component>
      <object_component id="oc-13f">
         <name>.text:_ecvt</name>
         <load_address>0x402ae0</load_address>
         <run_address>0x402ae0</run_address>
         <size>0x3c0</size>
         <input_file_ref idref="fl-97"/>
      </object_component>
      <object_component id="oc-109">
         <name>.text</name>
         <load_address>0x402ea0</load_address>
         <run_address>0x402ea0</run_address>
         <size>0x340</size>
         <input_file_ref idref="fl-5"/>
      </object_component>
      <object_component id="oc-13b">
         <name>.text:__pconv_e</name>
         <load_address>0x4031e0</load_address>
         <run_address>0x4031e0</run_address>
         <size>0x320</size>
         <input_file_ref idref="fl-97"/>
      </object_component>
      <object_component id="oc-124">
         <name>.text:__pproc_fwp</name>
         <load_address>0x403500</load_address>
         <run_address>0x403500</run_address>
         <size>0x300</size>
         <input_file_ref idref="fl-97"/>
      </object_component>
      <object_component id="oc-102">
         <name>.text:_fread</name>
         <load_address>0x403800</load_address>
         <run_address>0x403800</run_address>
         <size>0x300</size>
         <input_file_ref idref="fl-89"/>
      </object_component>
      <object_component id="oc-129">
         <name>.text:_free</name>
         <load_address>0x403b00</load_address>
         <run_address>0x403b00</run_address>
         <size>0x2e0</size>
         <input_file_ref idref="fl-8d"/>
      </object_component>
      <object_component id="oc-151">
         <name>.text:__divull</name>
         <load_address>0x403de0</load_address>
         <run_address>0x403de0</run_address>
         <size>0x2c0</size>
         <input_file_ref idref="fl-aa"/>
      </object_component>
      <object_component id="oc-130">
         <name>.text:__pproc_diouxp</name>
         <load_address>0x4040a0</load_address>
         <run_address>0x4040a0</run_address>
         <size>0x2a0</size>
         <input_file_ref idref="fl-97"/>
      </object_component>
      <object_component id="oc-144">
         <name>.text:__mpyd</name>
         <load_address>0x404340</load_address>
         <run_address>0x404340</run_address>
         <size>0x280</size>
         <input_file_ref idref="fl-af"/>
      </object_component>
      <object_component id="oc-158">
         <name>.text:__frcaddd</name>
         <load_address>0x4045c0</load_address>
         <run_address>0x4045c0</run_address>
         <size>0x260</size>
         <input_file_ref idref="fl-b7"/>
      </object_component>
      <object_component id="oc-126">
         <name>.text:__pproc_str</name>
         <load_address>0x404820</load_address>
         <run_address>0x404820</run_address>
         <size>0x260</size>
         <input_file_ref idref="fl-97"/>
      </object_component>
      <object_component id="oc-127">
         <name>.text:_fputc</name>
         <load_address>0x404a80</load_address>
         <run_address>0x404a80</run_address>
         <size>0x260</size>
         <input_file_ref idref="fl-a5"/>
      </object_component>
      <object_component id="oc-154">
         <name>.text:__addd</name>
         <load_address>0x404ce0</load_address>
         <run_address>0x404ce0</run_address>
         <size>0x240</size>
         <input_file_ref idref="fl-b6"/>
      </object_component>
      <object_component id="oc-139">
         <name>.text:__pconv_g</name>
         <load_address>0x404f20</load_address>
         <run_address>0x404f20</run_address>
         <size>0x240</size>
         <input_file_ref idref="fl-97"/>
      </object_component>
      <object_component id="oc-121">
         <name>.text:_setvbuf</name>
         <load_address>0x405160</load_address>
         <run_address>0x405160</run_address>
         <size>0x240</size>
         <input_file_ref idref="fl-b3"/>
      </object_component>
      <object_component id="oc-f6">
         <name>.text:_HOSTrename</name>
         <load_address>0x4053a0</load_address>
         <run_address>0x4053a0</run_address>
         <size>0x200</size>
         <input_file_ref idref="fl-92"/>
      </object_component>
      <object_component id="oc-141">
         <name>.text:__mcpy</name>
         <load_address>0x4055a0</load_address>
         <run_address>0x4055a0</run_address>
         <size>0x200</size>
         <input_file_ref idref="fl-97"/>
      </object_component>
      <object_component id="oc-10c">
         <name>.text:__openfile</name>
         <load_address>0x4057a0</load_address>
         <run_address>0x4057a0</run_address>
         <size>0x1e0</size>
         <input_file_ref idref="fl-88"/>
      </object_component>
      <object_component id="oc-107">
         <name>.text:_malloc</name>
         <load_address>0x405980</load_address>
         <run_address>0x405980</run_address>
         <size>0x1c0</size>
         <input_file_ref idref="fl-8d"/>
      </object_component>
      <object_component id="oc-120">
         <name>.text:_open</name>
         <load_address>0x405b40</load_address>
         <run_address>0x405b40</run_address>
         <size>0x1c0</size>
         <input_file_ref idref="fl-8b"/>
      </object_component>
      <object_component id="oc-150">
         <name>.text:__divul</name>
         <load_address>0x405d00</load_address>
         <run_address>0x405d00</run_address>
         <size>0x1a0</size>
         <input_file_ref idref="fl-a9"/>
      </object_component>
      <object_component id="oc-114">
         <name>.text:_fseek</name>
         <load_address>0x405ea0</load_address>
         <run_address>0x405ea0</run_address>
         <size>0x180</size>
         <input_file_ref idref="fl-a8"/>
      </object_component>
      <object_component id="oc-12d">
         <name>.text:_getdevice</name>
         <load_address>0x406020</load_address>
         <run_address>0x406020</run_address>
         <size>0x180</size>
         <input_file_ref idref="fl-8b"/>
      </object_component>
      <object_component id="oc-13e">
         <name>.text:__ltostr</name>
         <load_address>0x4061a0</load_address>
         <run_address>0x4061a0</run_address>
         <size>0x160</size>
         <input_file_ref idref="fl-97"/>
      </object_component>
      <object_component id="oc-123">
         <name>.text:__pproc_fflags</name>
         <load_address>0x406300</load_address>
         <run_address>0x406300</run_address>
         <size>0x160</size>
         <input_file_ref idref="fl-97"/>
      </object_component>
      <object_component id="oc-11e">
         <name>.text:__closefile</name>
         <load_address>0x406460</load_address>
         <run_address>0x406460</run_address>
         <size>0x140</size>
         <input_file_ref idref="fl-86"/>
      </object_component>
      <object_component id="oc-10b">
         <name>.text:__search_fp</name>
         <load_address>0x4065a0</load_address>
         <run_address>0x4065a0</run_address>
         <size>0x140</size>
         <input_file_ref idref="fl-88"/>
      </object_component>
      <object_component id="oc-f4">
         <name>.text:_HOSTlseek</name>
         <load_address>0x4066e0</load_address>
         <run_address>0x4066e0</run_address>
         <size>0x120</size>
         <input_file_ref idref="fl-92"/>
      </object_component>
      <object_component id="oc-10e">
         <name>.text:__buff_read</name>
         <load_address>0x406800</load_address>
         <run_address>0x406800</run_address>
         <size>0x120</size>
         <input_file_ref idref="fl-94"/>
      </object_component>
      <object_component id="oc-14d">
         <name>.text:__frcmpyd</name>
         <load_address>0x406920</load_address>
         <run_address>0x406920</run_address>
         <size>0x120</size>
         <input_file_ref idref="fl-b8"/>
      </object_component>
      <object_component id="oc-115">
         <name>.text:__wrt_ok</name>
         <load_address>0x406a40</load_address>
         <run_address>0x406a40</run_address>
         <size>0x120</size>
         <input_file_ref idref="fl-95"/>
      </object_component>
      <object_component id="oc-12e">
         <name>.text:_atoi</name>
         <load_address>0x406b60</load_address>
         <run_address>0x406b60</run_address>
         <size>0x120</size>
         <input_file_ref idref="fl-99"/>
      </object_component>
      <object_component id="oc-f0">
         <name>.text:_HOSTopen</name>
         <load_address>0x406c80</load_address>
         <run_address>0x406c80</run_address>
         <size>0x100</size>
         <input_file_ref idref="fl-92"/>
      </object_component>
      <object_component id="oc-f2">
         <name>.text:_HOSTread</name>
         <load_address>0x406d80</load_address>
         <run_address>0x406d80</run_address>
         <size>0x100</size>
         <input_file_ref idref="fl-92"/>
      </object_component>
      <object_component id="oc-f3">
         <name>.text:_HOSTwrite</name>
         <load_address>0x406e80</load_address>
         <run_address>0x406e80</run_address>
         <size>0x100</size>
         <input_file_ref idref="fl-92"/>
      </object_component>
      <object_component id="oc-14f">
         <name>.text:__frcmpyd_div</name>
         <load_address>0x406f80</load_address>
         <run_address>0x406f80</run_address>
         <size>0x100</size>
         <input_file_ref idref="fl-a7"/>
      </object_component>
      <object_component id="oc-12a">
         <name>.text:_close</name>
         <load_address>0x407080</load_address>
         <run_address>0x407080</run_address>
         <size>0x100</size>
         <input_file_ref idref="fl-8b"/>
      </object_component>
      <object_component id="oc-149">
         <name>.text:_ltoa</name>
         <load_address>0x407180</load_address>
         <run_address>0x407180</run_address>
         <size>0x100</size>
         <input_file_ref idref="fl-ad"/>
      </object_component>
      <object_component id="oc-108">
         <name>.text:_memset</name>
         <load_address>0x407280</load_address>
         <run_address>0x407280</run_address>
         <size>0x100</size>
         <input_file_ref idref="fl-8e"/>
      </object_component>
      <object_component id="oc-f5">
         <name>.text:_HOSTunlink</name>
         <load_address>0x407380</load_address>
         <run_address>0x407380</run_address>
         <size>0xe0</size>
         <input_file_ref idref="fl-92"/>
      </object_component>
      <object_component id="oc-ed">
         <name>.text:__auto_init</name>
         <load_address>0x407460</load_address>
         <run_address>0x407460</run_address>
         <size>0xe0</size>
         <input_file_ref idref="fl-9a"/>
      </object_component>
      <object_component id="oc-137">
         <name>.text:__cmpd</name>
         <load_address>0x407540</load_address>
         <run_address>0x407540</run_address>
         <size>0xe0</size>
         <input_file_ref idref="fl-9b"/>
      </object_component>
      <object_component id="oc-146">
         <name>.text:__div</name>
         <load_address>0x407620</load_address>
         <run_address>0x407620</run_address>
         <size>0xe0</size>
         <input_file_ref idref="fl-97"/>
      </object_component>
      <object_component id="oc-116">
         <name>.text:__doflush</name>
         <load_address>0x407700</load_address>
         <run_address>0x407700</run_address>
         <size>0xe0</size>
         <input_file_ref idref="fl-87"/>
      </object_component>
      <object_component id="oc-13a">
         <name>.text:__pconv_f</name>
         <load_address>0x4077e0</load_address>
         <run_address>0x4077e0</run_address>
         <size>0xe0</size>
         <input_file_ref idref="fl-97"/>
      </object_component>
      <object_component id="oc-f9">
         <name>.text:_memcpy</name>
         <load_address>0x4078c0</load_address>
         <run_address>0x4078c0</run_address>
         <size>0xe0</size>
         <input_file_ref idref="fl-8c"/>
      </object_component>
      <object_component id="oc-118">
         <name>.text:_mremove</name>
         <load_address>0x4079a0</load_address>
         <run_address>0x4079a0</run_address>
         <size>0xe0</size>
         <input_file_ref idref="fl-8d"/>
      </object_component>
      <object_component id="oc-103">
         <name>.text:_printf</name>
         <load_address>0x407a80</load_address>
         <run_address>0x407a80</run_address>
         <size>0xe0</size>
         <input_file_ref idref="fl-8f"/>
      </object_component>
      <object_component id="oc-f1">
         <name>.text:_HOSTclose</name>
         <load_address>0x407b60</load_address>
         <run_address>0x407b60</run_address>
         <size>0xc0</size>
         <input_file_ref idref="fl-92"/>
      </object_component>
      <object_component id="oc-11f">
         <name>.text:__cleanup</name>
         <load_address>0x407c20</load_address>
         <run_address>0x407c20</run_address>
         <size>0xc0</size>
         <input_file_ref idref="fl-88"/>
      </object_component>
      <object_component id="oc-10f">
         <name>.text:__divu</name>
         <load_address>0x407ce0</load_address>
         <run_address>0x407ce0</run_address>
         <size>0xc0</size>
         <input_file_ref idref="fl-a1"/>
      </object_component>
      <object_component id="oc-140">
         <name>.text:__ecpy</name>
         <load_address>0x407da0</load_address>
         <run_address>0x407da0</run_address>
         <size>0xc0</size>
         <input_file_ref idref="fl-97"/>
      </object_component>
      <object_component id="oc-143">
         <name>.text:__fcpy</name>
         <load_address>0x407e60</load_address>
         <run_address>0x407e60</run_address>
         <size>0xc0</size>
         <input_file_ref idref="fl-97"/>
      </object_component>
      <object_component id="oc-10d">
         <name>.text:__rd_ok</name>
         <load_address>0x407f20</load_address>
         <run_address>0x407f20</run_address>
         <size>0xc0</size>
         <input_file_ref idref="fl-95"/>
      </object_component>
      <object_component id="oc-ef">
         <name>.text:_exit</name>
         <load_address>0x407fe0</load_address>
         <run_address>0x407fe0</run_address>
         <size>0xc0</size>
         <input_file_ref idref="fl-85"/>
      </object_component>
      <object_component id="oc-128">
         <name>.text:_lseek</name>
         <load_address>0x4080a0</load_address>
         <run_address>0x4080a0</run_address>
         <size>0xc0</size>
         <input_file_ref idref="fl-8b"/>
      </object_component>
      <object_component id="oc-119">
         <name>.text:_minsert</name>
         <load_address>0x408160</load_address>
         <run_address>0x408160</run_address>
         <size>0xc0</size>
         <input_file_ref idref="fl-8d"/>
      </object_component>
      <object_component id="oc-110">
         <name>.text:_read</name>
         <load_address>0x408220</load_address>
         <run_address>0x408220</run_address>
         <size>0xc0</size>
         <input_file_ref idref="fl-8b"/>
      </object_component>
      <object_component id="oc-117">
         <name>.text:_write</name>
         <load_address>0x4082e0</load_address>
         <run_address>0x4082e0</run_address>
         <size>0xc0</size>
         <input_file_ref idref="fl-8b"/>
      </object_component>
      <object_component id="oc-153">
         <name>.text:__divli</name>
         <load_address>0x4083a0</load_address>
         <run_address>0x4083a0</run_address>
         <size>0xa0</size>
         <input_file_ref idref="fl-a9"/>
      </object_component>
      <object_component id="oc-14c">
         <name>.text:__fixdi</name>
         <load_address>0x408440</load_address>
         <run_address>0x408440</run_address>
         <size>0xa0</size>
         <input_file_ref idref="fl-a2"/>
      </object_component>
      <object_component id="oc-148">
         <name>.text:__fixdli</name>
         <load_address>0x4084e0</load_address>
         <run_address>0x4084e0</run_address>
         <size>0xa0</size>
         <input_file_ref idref="fl-a3"/>
      </object_component>
      <object_component id="oc-159">
         <name>.text:__renormd</name>
         <load_address>0x408580</load_address>
         <run_address>0x408580</run_address>
         <size>0xa0</size>
         <input_file_ref idref="fl-b9"/>
      </object_component>
      <object_component id="oc-f8">
         <name>.text:_copy_in</name>
         <load_address>0x408620</load_address>
         <run_address>0x408620</run_address>
         <size>0xa0</size>
         <input_file_ref idref="fl-9d"/>
      </object_component>
      <object_component id="oc-133">
         <name>.text:_finddevice</name>
         <load_address>0x4086c0</load_address>
         <run_address>0x4086c0</run_address>
         <size>0xa0</size>
         <input_file_ref idref="fl-8b"/>
      </object_component>
      <object_component id="oc-12c">
         <name>.text:_tabinit</name>
         <load_address>0x408760</load_address>
         <run_address>0x408760</run_address>
         <size>0xa0</size>
         <input_file_ref idref="fl-8b"/>
      </object_component>
      <object_component id="oc-11a">
         <name>.text</name>
         <load_address>0x408800</load_address>
         <run_address>0x408800</run_address>
         <size>0xa0</size>
         <input_file_ref idref="fl-7"/>
      </object_component>
      <object_component id="oc-fa">
         <name>.text:___TI_cpp_init</name>
         <load_address>0x4088a0</load_address>
         <run_address>0x4088a0</run_address>
         <size>0x80</size>
         <input_file_ref idref="fl-9c"/>
      </object_component>
      <object_component id="oc-14a">
         <name>.text:__fltlid</name>
         <load_address>0x408920</load_address>
         <run_address>0x408920</run_address>
         <size>0x80</size>
         <input_file_ref idref="fl-a4"/>
      </object_component>
      <object_component id="oc-155">
         <name>.text:__llshl</name>
         <load_address>0x4089a0</load_address>
         <run_address>0x4089a0</run_address>
         <size>0x80</size>
         <input_file_ref idref="fl-ac"/>
      </object_component>
      <object_component id="oc-147">
         <name>.text:__mpyll</name>
         <load_address>0x408a20</load_address>
         <run_address>0x408a20</run_address>
         <size>0x80</size>
         <input_file_ref idref="fl-b0"/>
      </object_component>
      <object_component id="oc-10a">
         <name>.text:_fclose</name>
         <load_address>0x408aa0</load_address>
         <run_address>0x408aa0</run_address>
         <size>0x80</size>
         <input_file_ref idref="fl-86"/>
      </object_component>
      <object_component id="oc-ff">
         <name>.text:_fopen</name>
         <load_address>0x408b20</load_address>
         <run_address>0x408b20</run_address>
         <size>0x80</size>
         <input_file_ref idref="fl-88"/>
      </object_component>
      <object_component id="oc-131">
         <name>.text:_memccpy</name>
         <load_address>0x408ba0</load_address>
         <run_address>0x408ba0</run_address>
         <size>0x80</size>
         <input_file_ref idref="fl-ae"/>
      </object_component>
      <object_component id="oc-fe">
         <name>.text:_readmsg</name>
         <load_address>0x408c20</load_address>
         <run_address>0x408c20</run_address>
         <size>0x80</size>
         <input_file_ref idref="fl-93"/>
      </object_component>
      <object_component id="oc-132">
         <name>.text:_unlink</name>
         <load_address>0x408ca0</load_address>
         <run_address>0x408ca0</run_address>
         <size>0x80</size>
         <input_file_ref idref="fl-8b"/>
      </object_component>
      <object_component id="oc-157">
         <name>.text:__llshru</name>
         <load_address>0x408d20</load_address>
         <run_address>0x408d20</run_address>
         <size>0x60</size>
         <input_file_ref idref="fl-ac"/>
      </object_component>
      <object_component id="oc-152">
         <name>.text:__remli</name>
         <load_address>0x408d80</load_address>
         <run_address>0x408d80</run_address>
         <size>0x60</size>
         <input_file_ref idref="fl-a9"/>
      </object_component>
      <object_component id="oc-156">
         <name>.text:__subcull</name>
         <load_address>0x408de0</load_address>
         <run_address>0x408de0</run_address>
         <size>0x60</size>
         <input_file_ref idref="fl-aa"/>
      </object_component>
      <object_component id="oc-17">
         <name>.text:_c_int00</name>
         <load_address>0x408e40</load_address>
         <run_address>0x408e40</run_address>
         <size>0x60</size>
         <input_file_ref idref="fl-84"/>
      </object_component>
      <object_component id="oc-fd">
         <name>.text:_writemsg</name>
         <load_address>0x408ea0</load_address>
         <run_address>0x408ea0</run_address>
         <size>0x60</size>
         <input_file_ref idref="fl-93"/>
      </object_component>
      <object_component id="oc-11b">
         <name>.text</name>
         <load_address>0x408f00</load_address>
         <run_address>0x408f00</run_address>
         <size>0x60</size>
         <input_file_ref idref="fl-3"/>
      </object_component>
      <object_component id="oc-136">
         <name>.text:___isinf</name>
         <load_address>0x408f60</load_address>
         <run_address>0x408f60</run_address>
         <size>0x40</size>
         <input_file_ref idref="fl-ab"/>
      </object_component>
      <object_component id="oc-135">
         <name>.text:___isnan</name>
         <load_address>0x408fa0</load_address>
         <run_address>0x408fa0</run_address>
         <size>0x40</size>
         <input_file_ref idref="fl-97"/>
      </object_component>
      <object_component id="oc-ee">
         <name>.text:__args_main</name>
         <load_address>0x408fe0</load_address>
         <run_address>0x408fe0</run_address>
         <size>0x40</size>
         <input_file_ref idref="fl-98"/>
      </object_component>
      <object_component id="oc-138">
         <name>.text:__negd</name>
         <load_address>0x409020</load_address>
         <run_address>0x409020</run_address>
         <size>0x40</size>
         <input_file_ref idref="fl-b1"/>
      </object_component>
      <object_component id="oc-14b">
         <name>.text:__subd</name>
         <load_address>0x409060</load_address>
         <run_address>0x409060</run_address>
         <size>0x40</size>
         <input_file_ref idref="fl-b4"/>
      </object_component>
      <object_component id="oc-11d">
         <name>.text</name>
         <load_address>0x4090a0</load_address>
         <run_address>0x4090a0</run_address>
         <size>0x40</size>
         <input_file_ref idref="fl-8"/>
      </object_component>
      <object_component id="oc-13d">
         <name>.text:__negll</name>
         <load_address>0x4090e0</load_address>
         <run_address>0x4090e0</run_address>
         <size>0x20</size>
         <input_file_ref idref="fl-b2"/>
      </object_component>
      <object_component id="oc-f7">
         <name>.text:__nop</name>
         <load_address>0x409100</load_address>
         <run_address>0x409100</run_address>
         <size>0x20</size>
         <input_file_ref idref="fl-96"/>
      </object_component>
      <object_component id="oc-113">
         <name>.text:__outc</name>
         <load_address>0x409120</load_address>
         <run_address>0x409120</run_address>
         <size>0x20</size>
         <input_file_ref idref="fl-8f"/>
      </object_component>
      <object_component id="oc-111">
         <name>.text:__outs</name>
         <load_address>0x409140</load_address>
         <run_address>0x409140</run_address>
         <size>0x20</size>
         <input_file_ref idref="fl-8f"/>
      </object_component>
      <object_component id="oc-fc">
         <name>.text:_abort</name>
         <load_address>0x409160</load_address>
         <run_address>0x409160</run_address>
         <size>0x20</size>
         <input_file_ref idref="fl-85"/>
      </object_component>
      <object_component id="oc-12b">
         <name>.text:_remove</name>
         <load_address>0x409180</load_address>
         <run_address>0x409180</run_address>
         <size>0x20</size>
         <input_file_ref idref="fl-90"/>
      </object_component>
      <object_component id="oc-104">
         <name>.text:_rewind</name>
         <load_address>0x4091a0</load_address>
         <run_address>0x4091a0</run_address>
         <size>0x20</size>
         <input_file_ref idref="fl-91"/>
      </object_component>
      <object_component id="oc-11c">
         <name>.text</name>
         <load_address>0x4091c0</load_address>
         <run_address>0x4091c0</run_address>
         <size>0x20</size>
         <input_file_ref idref="fl-6"/>
      </object_component>
      <object_component id="oc-3c">
         <name>.stack</name>
         <uninitialized>true</uninitialized>
         <run_address>0x0</run_address>
         <size>0x8</size>
         <input_file_ref idref="fl-84"/>
      </object_component>
      <object_component id="oc-178">
         <name>.stack</name>
         <uninitialized>true</uninitialized>
         <run_address>0x0</run_address>
         <size>0x0</size>
      </object_component>
      <object_component id="oc-20">
         <name>.bss</name>
         <uninitialized>true</uninitialized>
         <run_address>0x409934</run_address>
         <size>0x4</size>
         <input_file_ref idref="fl-4"/>
      </object_component>
      <object_component id="oc-74">
         <name>.cio</name>
         <uninitialized>true</uninitialized>
         <run_address>0x409938</run_address>
         <size>0x120</size>
         <input_file_ref idref="fl-93"/>
      </object_component>
      <object_component id="oc-134">
         <name>.const:.string:__ctypes_</name>
         <load_address>0x409648</load_address>
         <run_address>0x409648</run_address>
         <size>0x101</size>
         <input_file_ref idref="fl-9e"/>
      </object_component>
      <object_component id="oc-b1">
         <name>.const:.string</name>
         <load_address>0x409749</load_address>
         <run_address>0x409749</run_address>
         <size>0x2</size>
         <input_file_ref idref="fl-a6"/>
      </object_component>
      <object_component id="oc-23">
         <name>.const:.string</name>
         <load_address>0x40974c</load_address>
         <run_address>0x40974c</run_address>
         <size>0x30</size>
         <input_file_ref idref="fl-4"/>
      </object_component>
      <object_component id="oc-83">
         <name>.const:.string</name>
         <load_address>0x40977c</load_address>
         <run_address>0x40977c</run_address>
         <size>0x23</size>
         <input_file_ref idref="fl-97"/>
      </object_component>
      <object_component id="oc-100">
         <name>.const:.string:_iFileName</name>
         <load_address>0x4097a0</load_address>
         <run_address>0x4097a0</run_address>
         <size>0xc</size>
         <input_file_ref idref="fl-4"/>
      </object_component>
      <object_component id="oc-101">
         <name>.const:.string:_oFileName</name>
         <load_address>0x4097b0</load_address>
         <run_address>0x4097b0</run_address>
         <size>0xc</size>
         <input_file_ref idref="fl-4"/>
      </object_component>
      <object_component id="oc-14e">
         <name>.const:.string:_initial_approx$1</name>
         <load_address>0x4097c0</load_address>
         <run_address>0x4097c0</run_address>
         <size>0x8</size>
         <input_file_ref idref="fl-a0"/>
      </object_component>
      <object_component id="oc-105">
         <name>.const:_output_size</name>
         <load_address>0x4097c8</load_address>
         <run_address>0x4097c8</run_address>
         <size>0x8</size>
         <input_file_ref idref="fl-4"/>
      </object_component>
      <object_component id="oc-60">
         <name>.sysmem</name>
         <uninitialized>true</uninitialized>
         <run_address>0x200000</run_address>
         <size>0x8</size>
         <input_file_ref idref="fl-8d"/>
      </object_component>
      <object_component id="oc-179">
         <name>.sysmem</name>
         <uninitialized>true</uninitialized>
         <run_address>0x200000</run_address>
         <size>0x0</size>
      </object_component>
      <object_component id="oc-41">
         <name>.far</name>
         <uninitialized>true</uninitialized>
         <run_address>0x409624</run_address>
         <size>0xc</size>
         <input_file_ref idref="fl-85"/>
      </object_component>
      <object_component id="oc-4c">
         <name>.far</name>
         <uninitialized>true</uninitialized>
         <run_address>0x409504</run_address>
         <size>0x4</size>
         <input_file_ref idref="fl-88"/>
      </object_component>
      <object_component id="oc-57">
         <name>.far</name>
         <uninitialized>true</uninitialized>
         <run_address>0x409508</run_address>
         <size>0x11c</size>
         <input_file_ref idref="fl-8b"/>
      </object_component>
      <object_component id="oc-5f">
         <name>.far</name>
         <uninitialized>true</uninitialized>
         <run_address>0x409638</run_address>
         <size>0x8</size>
         <input_file_ref idref="fl-8d"/>
      </object_component>
      <object_component id="oc-70">
         <name>.far</name>
         <uninitialized>true</uninitialized>
         <run_address>0x409640</run_address>
         <size>0x8</size>
         <input_file_ref idref="fl-92"/>
      </object_component>
      <object_component id="oc-7f">
         <name>.far</name>
         <uninitialized>true</uninitialized>
         <run_address>0x409630</run_address>
         <size>0x8</size>
         <input_file_ref idref="fl-96"/>
      </object_component>
      <object_component id="oc-9c">
         <name>.far</name>
         <uninitialized>true</uninitialized>
         <run_address>0x4091e0</run_address>
         <size>0x324</size>
         <input_file_ref idref="fl-9f"/>
      </object_component>
      <object_component id="oc-9b">
         <name>.cinit</name>
         <load_address>0x4097d0</load_address>
         <run_address>0x4097d0</run_address>
         <size>0x5c</size>
         <input_file_ref idref="fl-9f"/>
      </object_component>
      <object_component id="oc-56">
         <name>.cinit</name>
         <load_address>0x409830</load_address>
         <run_address>0x409830</run_address>
         <size>0x5c</size>
         <input_file_ref idref="fl-8b"/>
      </object_component>
      <object_component id="oc-40">
         <name>.cinit</name>
         <load_address>0x409890</load_address>
         <run_address>0x409890</run_address>
         <size>0x2c</size>
         <input_file_ref idref="fl-85"/>
      </object_component>
      <object_component id="oc-5e">
         <name>.cinit</name>
         <load_address>0x4098c0</load_address>
         <run_address>0x4098c0</run_address>
         <size>0x2c</size>
         <input_file_ref idref="fl-8d"/>
      </object_component>
      <object_component id="oc-7e">
         <name>.cinit</name>
         <load_address>0x4098f0</load_address>
         <run_address>0x4098f0</run_address>
         <size>0x1c</size>
         <input_file_ref idref="fl-96"/>
      </object_component>
      <object_component id="oc-22">
         <name>.cinit</name>
         <load_address>0x409910</load_address>
         <run_address>0x409910</run_address>
         <size>0xc</size>
         <input_file_ref idref="fl-4"/>
      </object_component>
      <object_component id="oc-4b">
         <name>.cinit</name>
         <load_address>0x409920</load_address>
         <run_address>0x409920</run_address>
         <size>0xc</size>
         <input_file_ref idref="fl-88"/>
      </object_component>
      <object_component id="oc-18">
         <name>.debug_info</name>
         <load_address>0x0</load_address>
         <run_address>0x0</run_address>
         <size>0x5f1</size>
         <input_file_ref idref="fl-2"/>
      </object_component>
      <object_component id="oc-1c">
         <name>.debug_info</name>
         <load_address>0x5f1</load_address>
         <run_address>0x5f1</run_address>
         <size>0x73b</size>
         <input_file_ref idref="fl-3"/>
      </object_component>
      <object_component id="oc-21">
         <name>.debug_info</name>
         <load_address>0xd2c</load_address>
         <run_address>0xd2c</run_address>
         <size>0xdcf</size>
         <input_file_ref idref="fl-4"/>
      </object_component>
      <object_component id="oc-27">
         <name>.debug_info</name>
         <load_address>0x1afb</load_address>
         <run_address>0x1afb</run_address>
         <size>0xd9c</size>
         <input_file_ref idref="fl-5"/>
      </object_component>
      <object_component id="oc-2b">
         <name>.debug_info</name>
         <load_address>0x2897</load_address>
         <run_address>0x2897</run_address>
         <size>0x65f</size>
         <input_file_ref idref="fl-6"/>
      </object_component>
      <object_component id="oc-2f">
         <name>.debug_info</name>
         <load_address>0x2ef6</load_address>
         <run_address>0x2ef6</run_address>
         <size>0x7dc</size>
         <input_file_ref idref="fl-7"/>
      </object_component>
      <object_component id="oc-33">
         <name>.debug_info</name>
         <load_address>0x36d2</load_address>
         <run_address>0x36d2</run_address>
         <size>0x6b7</size>
         <input_file_ref idref="fl-8"/>
      </object_component>
      <object_component id="oc-37">
         <name>.debug_info</name>
         <load_address>0x3d89</load_address>
         <run_address>0x3d89</run_address>
         <size>0x5f0</size>
         <input_file_ref idref="fl-9"/>
      </object_component>
      <object_component id="oc-3b">
         <name>.debug_info</name>
         <load_address>0x4379</load_address>
         <run_address>0x4379</run_address>
         <size>0x6f5</size>
         <input_file_ref idref="fl-84"/>
      </object_component>
      <object_component id="oc-3f">
         <name>.debug_info</name>
         <load_address>0x4a6e</load_address>
         <run_address>0x4a6e</run_address>
         <size>0x7c2</size>
         <input_file_ref idref="fl-85"/>
      </object_component>
      <object_component id="oc-44">
         <name>.debug_info</name>
         <load_address>0x5230</load_address>
         <run_address>0x5230</run_address>
         <size>0x86a</size>
         <input_file_ref idref="fl-86"/>
      </object_component>
      <object_component id="oc-47">
         <name>.debug_info</name>
         <load_address>0x5a9a</load_address>
         <run_address>0x5a9a</run_address>
         <size>0x76b</size>
         <input_file_ref idref="fl-87"/>
      </object_component>
      <object_component id="oc-4a">
         <name>.debug_info</name>
         <load_address>0x6205</load_address>
         <run_address>0x6205</run_address>
         <size>0xa95</size>
         <input_file_ref idref="fl-88"/>
      </object_component>
      <object_component id="oc-4f">
         <name>.debug_info</name>
         <load_address>0x6c9a</load_address>
         <run_address>0x6c9a</run_address>
         <size>0x931</size>
         <input_file_ref idref="fl-89"/>
      </object_component>
      <object_component id="oc-52">
         <name>.debug_info</name>
         <load_address>0x75cb</load_address>
         <run_address>0x75cb</run_address>
         <size>0xac9</size>
         <input_file_ref idref="fl-8a"/>
      </object_component>
      <object_component id="oc-55">
         <name>.debug_info</name>
         <load_address>0x8094</load_address>
         <run_address>0x8094</run_address>
         <size>0x10c7</size>
         <input_file_ref idref="fl-8b"/>
      </object_component>
      <object_component id="oc-5a">
         <name>.debug_info</name>
         <load_address>0x915b</load_address>
         <run_address>0x915b</run_address>
         <size>0xcb</size>
         <input_file_ref idref="fl-8c"/>
      </object_component>
      <object_component id="oc-5d">
         <name>.debug_info</name>
         <load_address>0x9226</load_address>
         <run_address>0x9226</run_address>
         <size>0xac2</size>
         <input_file_ref idref="fl-8d"/>
      </object_component>
      <object_component id="oc-63">
         <name>.debug_info</name>
         <load_address>0x9ce8</load_address>
         <run_address>0x9ce8</run_address>
         <size>0x7a0</size>
         <input_file_ref idref="fl-8e"/>
      </object_component>
      <object_component id="oc-66">
         <name>.debug_info</name>
         <load_address>0xa488</load_address>
         <run_address>0xa488</run_address>
         <size>0x8ec</size>
         <input_file_ref idref="fl-8f"/>
      </object_component>
      <object_component id="oc-69">
         <name>.debug_info</name>
         <load_address>0xad74</load_address>
         <run_address>0xad74</run_address>
         <size>0x64e</size>
         <input_file_ref idref="fl-90"/>
      </object_component>
      <object_component id="oc-6c">
         <name>.debug_info</name>
         <load_address>0xb3c2</load_address>
         <run_address>0xb3c2</run_address>
         <size>0x6ce</size>
         <input_file_ref idref="fl-91"/>
      </object_component>
      <object_component id="oc-6f">
         <name>.debug_info</name>
         <load_address>0xba90</load_address>
         <run_address>0xba90</run_address>
         <size>0xdc6</size>
         <input_file_ref idref="fl-92"/>
      </object_component>
      <object_component id="oc-73">
         <name>.debug_info</name>
         <load_address>0xc856</load_address>
         <run_address>0xc856</run_address>
         <size>0x853</size>
         <input_file_ref idref="fl-93"/>
      </object_component>
      <object_component id="oc-77">
         <name>.debug_info</name>
         <load_address>0xd0a9</load_address>
         <run_address>0xd0a9</run_address>
         <size>0x7d0</size>
         <input_file_ref idref="fl-94"/>
      </object_component>
      <object_component id="oc-7a">
         <name>.debug_info</name>
         <load_address>0xd879</load_address>
         <run_address>0xd879</run_address>
         <size>0x7b7</size>
         <input_file_ref idref="fl-95"/>
      </object_component>
      <object_component id="oc-7d">
         <name>.debug_info</name>
         <load_address>0xe030</load_address>
         <run_address>0xe030</run_address>
         <size>0x636</size>
         <input_file_ref idref="fl-96"/>
      </object_component>
      <object_component id="oc-82">
         <name>.debug_info</name>
         <load_address>0xe666</load_address>
         <run_address>0xe666</run_address>
         <size>0x292c</size>
         <input_file_ref idref="fl-97"/>
      </object_component>
      <object_component id="oc-86">
         <name>.debug_info</name>
         <load_address>0x10f92</load_address>
         <run_address>0x10f92</run_address>
         <size>0x6cb</size>
         <input_file_ref idref="fl-98"/>
      </object_component>
      <object_component id="oc-89">
         <name>.debug_info</name>
         <load_address>0x1165d</load_address>
         <run_address>0x1165d</run_address>
         <size>0x6d8</size>
         <input_file_ref idref="fl-99"/>
      </object_component>
      <object_component id="oc-8c">
         <name>.debug_info</name>
         <load_address>0x11d35</load_address>
         <run_address>0x11d35</run_address>
         <size>0x841</size>
         <input_file_ref idref="fl-9a"/>
      </object_component>
      <object_component id="oc-8f">
         <name>.debug_info</name>
         <load_address>0x12576</load_address>
         <run_address>0x12576</run_address>
         <size>0x68f</size>
         <input_file_ref idref="fl-9b"/>
      </object_component>
      <object_component id="oc-92">
         <name>.debug_info</name>
         <load_address>0x12c05</load_address>
         <run_address>0x12c05</run_address>
         <size>0x6b9</size>
         <input_file_ref idref="fl-9c"/>
      </object_component>
      <object_component id="oc-95">
         <name>.debug_info</name>
         <load_address>0x132be</load_address>
         <run_address>0x132be</run_address>
         <size>0x7af</size>
         <input_file_ref idref="fl-9d"/>
      </object_component>
      <object_component id="oc-98">
         <name>.debug_info</name>
         <load_address>0x13a6d</load_address>
         <run_address>0x13a6d</run_address>
         <size>0x5e4</size>
         <input_file_ref idref="fl-9e"/>
      </object_component>
      <object_component id="oc-9a">
         <name>.debug_info</name>
         <load_address>0x14051</load_address>
         <run_address>0x14051</run_address>
         <size>0x6d1</size>
         <input_file_ref idref="fl-9f"/>
      </object_component>
      <object_component id="oc-9e">
         <name>.debug_info</name>
         <load_address>0x14722</load_address>
         <run_address>0x14722</run_address>
         <size>0x993</size>
         <input_file_ref idref="fl-a0"/>
      </object_component>
      <object_component id="oc-a1">
         <name>.debug_info</name>
         <load_address>0x150b5</load_address>
         <run_address>0x150b5</run_address>
         <size>0xbc</size>
         <input_file_ref idref="fl-a1"/>
      </object_component>
      <object_component id="oc-a4">
         <name>.debug_info</name>
         <load_address>0x15171</load_address>
         <run_address>0x15171</run_address>
         <size>0x67e</size>
         <input_file_ref idref="fl-a2"/>
      </object_component>
      <object_component id="oc-a7">
         <name>.debug_info</name>
         <load_address>0x157ef</load_address>
         <run_address>0x157ef</run_address>
         <size>0x681</size>
         <input_file_ref idref="fl-a3"/>
      </object_component>
      <object_component id="oc-aa">
         <name>.debug_info</name>
         <load_address>0x15e70</load_address>
         <run_address>0x15e70</run_address>
         <size>0x69a</size>
         <input_file_ref idref="fl-a4"/>
      </object_component>
      <object_component id="oc-ad">
         <name>.debug_info</name>
         <load_address>0x1650a</load_address>
         <run_address>0x1650a</run_address>
         <size>0x814</size>
         <input_file_ref idref="fl-a5"/>
      </object_component>
      <object_component id="oc-b0">
         <name>.debug_info</name>
         <load_address>0x16d1e</load_address>
         <run_address>0x16d1e</run_address>
         <size>0xab3</size>
         <input_file_ref idref="fl-a6"/>
      </object_component>
      <object_component id="oc-b4">
         <name>.debug_info</name>
         <load_address>0x177d1</load_address>
         <run_address>0x177d1</run_address>
         <size>0x68e</size>
         <input_file_ref idref="fl-a7"/>
      </object_component>
      <object_component id="oc-b7">
         <name>.debug_info</name>
         <load_address>0x17e5f</load_address>
         <run_address>0x17e5f</run_address>
         <size>0x7a3</size>
         <input_file_ref idref="fl-a8"/>
      </object_component>
      <object_component id="oc-ba">
         <name>.debug_info</name>
         <load_address>0x18602</load_address>
         <run_address>0x18602</run_address>
         <size>0x78d</size>
         <input_file_ref idref="fl-a9"/>
      </object_component>
      <object_component id="oc-bd">
         <name>.debug_info</name>
         <load_address>0x18d8f</load_address>
         <run_address>0x18d8f</run_address>
         <size>0x788</size>
         <input_file_ref idref="fl-aa"/>
      </object_component>
      <object_component id="oc-c0">
         <name>.debug_info</name>
         <load_address>0x19517</load_address>
         <run_address>0x19517</run_address>
         <size>0x800</size>
         <input_file_ref idref="fl-ab"/>
      </object_component>
      <object_component id="oc-c3">
         <name>.debug_info</name>
         <load_address>0x19d17</load_address>
         <run_address>0x19d17</run_address>
         <size>0x6eb</size>
         <input_file_ref idref="fl-ac"/>
      </object_component>
      <object_component id="oc-c6">
         <name>.debug_info</name>
         <load_address>0x1a402</load_address>
         <run_address>0x1a402</run_address>
         <size>0x719</size>
         <input_file_ref idref="fl-ad"/>
      </object_component>
      <object_component id="oc-c9">
         <name>.debug_info</name>
         <load_address>0x1ab1b</load_address>
         <run_address>0x1ab1b</run_address>
         <size>0x6bc</size>
         <input_file_ref idref="fl-ae"/>
      </object_component>
      <object_component id="oc-cc">
         <name>.debug_info</name>
         <load_address>0x1b1d7</load_address>
         <run_address>0x1b1d7</run_address>
         <size>0x6cf</size>
         <input_file_ref idref="fl-af"/>
      </object_component>
      <object_component id="oc-cf">
         <name>.debug_info</name>
         <load_address>0x1b8a6</load_address>
         <run_address>0x1b8a6</run_address>
         <size>0x6a1</size>
         <input_file_ref idref="fl-b0"/>
      </object_component>
      <object_component id="oc-d2">
         <name>.debug_info</name>
         <load_address>0x1bf47</load_address>
         <run_address>0x1bf47</run_address>
         <size>0x607</size>
         <input_file_ref idref="fl-b1"/>
      </object_component>
      <object_component id="oc-d5">
         <name>.debug_info</name>
         <load_address>0x1c54e</load_address>
         <run_address>0x1c54e</run_address>
         <size>0x602</size>
         <input_file_ref idref="fl-b2"/>
      </object_component>
      <object_component id="oc-d8">
         <name>.debug_info</name>
         <load_address>0x1cb50</load_address>
         <run_address>0x1cb50</run_address>
         <size>0x7f6</size>
         <input_file_ref idref="fl-b3"/>
      </object_component>
      <object_component id="oc-db">
         <name>.debug_info</name>
         <load_address>0x1d346</load_address>
         <run_address>0x1d346</run_address>
         <size>0x62e</size>
         <input_file_ref idref="fl-b4"/>
      </object_component>
      <object_component id="oc-de">
         <name>.debug_info</name>
         <load_address>0x1d974</load_address>
         <run_address>0x1d974</run_address>
         <size>0x5b6</size>
         <input_file_ref idref="fl-b5"/>
      </object_component>
      <object_component id="oc-e1">
         <name>.debug_info</name>
         <load_address>0x1df2a</load_address>
         <run_address>0x1df2a</run_address>
         <size>0x6d4</size>
         <input_file_ref idref="fl-b6"/>
      </object_component>
      <object_component id="oc-e4">
         <name>.debug_info</name>
         <load_address>0x1e5fe</load_address>
         <run_address>0x1e5fe</run_address>
         <size>0x6e0</size>
         <input_file_ref idref="fl-b7"/>
      </object_component>
      <object_component id="oc-e7">
         <name>.debug_info</name>
         <load_address>0x1ecde</load_address>
         <run_address>0x1ecde</run_address>
         <size>0x71c</size>
         <input_file_ref idref="fl-b8"/>
      </object_component>
      <object_component id="oc-ea">
         <name>.debug_info</name>
         <load_address>0x1f3fa</load_address>
         <run_address>0x1f3fa</run_address>
         <size>0x6f8</size>
         <input_file_ref idref="fl-b9"/>
      </object_component>
      <object_component id="oc-1bf">
         <name>.debug_info</name>
         <load_address>0x1faf2</load_address>
         <run_address>0x1faf2</run_address>
         <size>0x6d</size>
      </object_component>
      <object_component id="oc-19">
         <name>.debug_frame</name>
         <load_address>0x0</load_address>
         <run_address>0x0</run_address>
         <size>0x23f</size>
         <input_file_ref idref="fl-2"/>
      </object_component>
      <object_component id="oc-1d">
         <name>.debug_frame</name>
         <load_address>0x23f</load_address>
         <run_address>0x23f</run_address>
         <size>0x255</size>
         <input_file_ref idref="fl-3"/>
      </object_component>
      <object_component id="oc-24">
         <name>.debug_frame</name>
         <load_address>0x494</load_address>
         <run_address>0x494</run_address>
         <size>0x266</size>
         <input_file_ref idref="fl-4"/>
      </object_component>
      <object_component id="oc-28">
         <name>.debug_frame</name>
         <load_address>0x6fa</load_address>
         <run_address>0x6fa</run_address>
         <size>0x285</size>
         <input_file_ref idref="fl-5"/>
      </object_component>
      <object_component id="oc-2c">
         <name>.debug_frame</name>
         <load_address>0x97f</load_address>
         <run_address>0x97f</run_address>
         <size>0x255</size>
         <input_file_ref idref="fl-6"/>
      </object_component>
      <object_component id="oc-30">
         <name>.debug_frame</name>
         <load_address>0xbd4</load_address>
         <run_address>0xbd4</run_address>
         <size>0x256</size>
         <input_file_ref idref="fl-7"/>
      </object_component>
      <object_component id="oc-34">
         <name>.debug_frame</name>
         <load_address>0xe2a</load_address>
         <run_address>0xe2a</run_address>
         <size>0x255</size>
         <input_file_ref idref="fl-8"/>
      </object_component>
      <object_component id="oc-38">
         <name>.debug_frame</name>
         <load_address>0x107f</load_address>
         <run_address>0x107f</run_address>
         <size>0x23f</size>
         <input_file_ref idref="fl-9"/>
      </object_component>
      <object_component id="oc-1a">
         <name>.debug_line</name>
         <load_address>0x0</load_address>
         <run_address>0x0</run_address>
         <size>0x2c</size>
         <input_file_ref idref="fl-2"/>
      </object_component>
      <object_component id="oc-1e">
         <name>.debug_line</name>
         <load_address>0x2c</load_address>
         <run_address>0x2c</run_address>
         <size>0x4f</size>
         <input_file_ref idref="fl-3"/>
      </object_component>
      <object_component id="oc-25">
         <name>.debug_line</name>
         <load_address>0x7b</load_address>
         <run_address>0x7b</run_address>
         <size>0x7f</size>
         <input_file_ref idref="fl-4"/>
      </object_component>
      <object_component id="oc-29">
         <name>.debug_line</name>
         <load_address>0xfa</load_address>
         <run_address>0xfa</run_address>
         <size>0x93</size>
         <input_file_ref idref="fl-5"/>
      </object_component>
      <object_component id="oc-2d">
         <name>.debug_line</name>
         <load_address>0x18d</load_address>
         <run_address>0x18d</run_address>
         <size>0x3f</size>
         <input_file_ref idref="fl-6"/>
      </object_component>
      <object_component id="oc-31">
         <name>.debug_line</name>
         <load_address>0x1cc</load_address>
         <run_address>0x1cc</run_address>
         <size>0x61</size>
         <input_file_ref idref="fl-7"/>
      </object_component>
      <object_component id="oc-35">
         <name>.debug_line</name>
         <load_address>0x22d</load_address>
         <run_address>0x22d</run_address>
         <size>0x44</size>
         <input_file_ref idref="fl-8"/>
      </object_component>
      <object_component id="oc-39">
         <name>.debug_line</name>
         <load_address>0x271</load_address>
         <run_address>0x271</run_address>
         <size>0x2b</size>
         <input_file_ref idref="fl-9"/>
      </object_component>
      <object_component id="oc-3d">
         <name>.debug_line</name>
         <load_address>0x29c</load_address>
         <run_address>0x29c</run_address>
         <size>0x3d</size>
         <input_file_ref idref="fl-84"/>
      </object_component>
      <object_component id="oc-42">
         <name>.debug_line</name>
         <load_address>0x2d9</load_address>
         <run_address>0x2d9</run_address>
         <size>0x4f</size>
         <input_file_ref idref="fl-85"/>
      </object_component>
      <object_component id="oc-45">
         <name>.debug_line</name>
         <load_address>0x328</load_address>
         <run_address>0x328</run_address>
         <size>0x53</size>
         <input_file_ref idref="fl-86"/>
      </object_component>
      <object_component id="oc-48">
         <name>.debug_line</name>
         <load_address>0x37b</load_address>
         <run_address>0x37b</run_address>
         <size>0x3e</size>
         <input_file_ref idref="fl-87"/>
      </object_component>
      <object_component id="oc-4d">
         <name>.debug_line</name>
         <load_address>0x3b9</load_address>
         <run_address>0x3b9</run_address>
         <size>0x91</size>
         <input_file_ref idref="fl-88"/>
      </object_component>
      <object_component id="oc-50">
         <name>.debug_line</name>
         <load_address>0x44a</load_address>
         <run_address>0x44a</run_address>
         <size>0x4e</size>
         <input_file_ref idref="fl-89"/>
      </object_component>
      <object_component id="oc-53">
         <name>.debug_line</name>
         <load_address>0x498</load_address>
         <run_address>0x498</run_address>
         <size>0x93</size>
         <input_file_ref idref="fl-8a"/>
      </object_component>
      <object_component id="oc-58">
         <name>.debug_line</name>
         <load_address>0x52b</load_address>
         <run_address>0x52b</run_address>
         <size>0x145</size>
         <input_file_ref idref="fl-8b"/>
      </object_component>
      <object_component id="oc-5b">
         <name>.debug_line</name>
         <load_address>0x670</load_address>
         <run_address>0x670</run_address>
         <size>0x4f</size>
         <input_file_ref idref="fl-8c"/>
      </object_component>
      <object_component id="oc-61">
         <name>.debug_line</name>
         <load_address>0x6bf</load_address>
         <run_address>0x6bf</run_address>
         <size>0xa7</size>
         <input_file_ref idref="fl-8d"/>
      </object_component>
      <object_component id="oc-64">
         <name>.debug_line</name>
         <load_address>0x766</load_address>
         <run_address>0x766</run_address>
         <size>0x46</size>
         <input_file_ref idref="fl-8e"/>
      </object_component>
      <object_component id="oc-67">
         <name>.debug_line</name>
         <load_address>0x7ac</load_address>
         <run_address>0x7ac</run_address>
         <size>0x6a</size>
         <input_file_ref idref="fl-8f"/>
      </object_component>
      <object_component id="oc-6a">
         <name>.debug_line</name>
         <load_address>0x816</load_address>
         <run_address>0x816</run_address>
         <size>0x39</size>
         <input_file_ref idref="fl-90"/>
      </object_component>
      <object_component id="oc-6d">
         <name>.debug_line</name>
         <load_address>0x84f</load_address>
         <run_address>0x84f</run_address>
         <size>0x39</size>
         <input_file_ref idref="fl-91"/>
      </object_component>
      <object_component id="oc-71">
         <name>.debug_line</name>
         <load_address>0x888</load_address>
         <run_address>0x888</run_address>
         <size>0x122</size>
         <input_file_ref idref="fl-92"/>
      </object_component>
      <object_component id="oc-75">
         <name>.debug_line</name>
         <load_address>0x9aa</load_address>
         <run_address>0x9aa</run_address>
         <size>0x60</size>
         <input_file_ref idref="fl-93"/>
      </object_component>
      <object_component id="oc-78">
         <name>.debug_line</name>
         <load_address>0xa0a</load_address>
         <run_address>0xa0a</run_address>
         <size>0x4a</size>
         <input_file_ref idref="fl-94"/>
      </object_component>
      <object_component id="oc-7b">
         <name>.debug_line</name>
         <load_address>0xa54</load_address>
         <run_address>0xa54</run_address>
         <size>0x57</size>
         <input_file_ref idref="fl-95"/>
      </object_component>
      <object_component id="oc-80">
         <name>.debug_line</name>
         <load_address>0xaab</load_address>
         <run_address>0xaab</run_address>
         <size>0x35</size>
         <input_file_ref idref="fl-96"/>
      </object_component>
      <object_component id="oc-84">
         <name>.debug_line</name>
         <load_address>0xae0</load_address>
         <run_address>0xae0</run_address>
         <size>0x315</size>
         <input_file_ref idref="fl-97"/>
      </object_component>
      <object_component id="oc-87">
         <name>.debug_line</name>
         <load_address>0xdf5</load_address>
         <run_address>0xdf5</run_address>
         <size>0x41</size>
         <input_file_ref idref="fl-98"/>
      </object_component>
      <object_component id="oc-8a">
         <name>.debug_line</name>
         <load_address>0xe36</load_address>
         <run_address>0xe36</run_address>
         <size>0x3f</size>
         <input_file_ref idref="fl-99"/>
      </object_component>
      <object_component id="oc-8d">
         <name>.debug_line</name>
         <load_address>0xe75</load_address>
         <run_address>0xe75</run_address>
         <size>0x47</size>
         <input_file_ref idref="fl-9a"/>
      </object_component>
      <object_component id="oc-90">
         <name>.debug_line</name>
         <load_address>0xebc</load_address>
         <run_address>0xebc</run_address>
         <size>0x37</size>
         <input_file_ref idref="fl-9b"/>
      </object_component>
      <object_component id="oc-93">
         <name>.debug_line</name>
         <load_address>0xef3</load_address>
         <run_address>0xef3</run_address>
         <size>0x45</size>
         <input_file_ref idref="fl-9c"/>
      </object_component>
      <object_component id="oc-96">
         <name>.debug_line</name>
         <load_address>0xf38</load_address>
         <run_address>0xf38</run_address>
         <size>0x44</size>
         <input_file_ref idref="fl-9d"/>
      </object_component>
      <object_component id="oc-9f">
         <name>.debug_line</name>
         <load_address>0xf7c</load_address>
         <run_address>0xf7c</run_address>
         <size>0x5a</size>
         <input_file_ref idref="fl-a0"/>
      </object_component>
      <object_component id="oc-a2">
         <name>.debug_line</name>
         <load_address>0xfd6</load_address>
         <run_address>0xfd6</run_address>
         <size>0x44</size>
         <input_file_ref idref="fl-a1"/>
      </object_component>
      <object_component id="oc-a5">
         <name>.debug_line</name>
         <load_address>0x101a</load_address>
         <run_address>0x101a</run_address>
         <size>0x3d</size>
         <input_file_ref idref="fl-a2"/>
      </object_component>
      <object_component id="oc-a8">
         <name>.debug_line</name>
         <load_address>0x1057</load_address>
         <run_address>0x1057</run_address>
         <size>0x3d</size>
         <input_file_ref idref="fl-a3"/>
      </object_component>
      <object_component id="oc-ab">
         <name>.debug_line</name>
         <load_address>0x1094</load_address>
         <run_address>0x1094</run_address>
         <size>0x3d</size>
         <input_file_ref idref="fl-a4"/>
      </object_component>
      <object_component id="oc-ae">
         <name>.debug_line</name>
         <load_address>0x10d1</load_address>
         <run_address>0x10d1</run_address>
         <size>0x3f</size>
         <input_file_ref idref="fl-a5"/>
      </object_component>
      <object_component id="oc-b2">
         <name>.debug_line</name>
         <load_address>0x1110</load_address>
         <run_address>0x1110</run_address>
         <size>0x92</size>
         <input_file_ref idref="fl-a6"/>
      </object_component>
      <object_component id="oc-b5">
         <name>.debug_line</name>
         <load_address>0x11a2</load_address>
         <run_address>0x11a2</run_address>
         <size>0x3e</size>
         <input_file_ref idref="fl-a7"/>
      </object_component>
      <object_component id="oc-b8">
         <name>.debug_line</name>
         <load_address>0x11e0</load_address>
         <run_address>0x11e0</run_address>
         <size>0x3c</size>
         <input_file_ref idref="fl-a8"/>
      </object_component>
      <object_component id="oc-bb">
         <name>.debug_line</name>
         <load_address>0x121c</load_address>
         <run_address>0x121c</run_address>
         <size>0x73</size>
         <input_file_ref idref="fl-a9"/>
      </object_component>
      <object_component id="oc-be">
         <name>.debug_line</name>
         <load_address>0x128f</load_address>
         <run_address>0x128f</run_address>
         <size>0x5e</size>
         <input_file_ref idref="fl-aa"/>
      </object_component>
      <object_component id="oc-c1">
         <name>.debug_line</name>
         <load_address>0x12ed</load_address>
         <run_address>0x12ed</run_address>
         <size>0x38</size>
         <input_file_ref idref="fl-ab"/>
      </object_component>
      <object_component id="oc-c4">
         <name>.debug_line</name>
         <load_address>0x1325</load_address>
         <run_address>0x1325</run_address>
         <size>0x56</size>
         <input_file_ref idref="fl-ac"/>
      </object_component>
      <object_component id="oc-c7">
[...]
         <unused_space>0x10000000</unused_space>
         <attributes>RWIX</attributes>
         <usage_details>
         </usage_details>
      </memory_area>
      <memory_area>
         <name>EMIFA_CS1</name>
         <page_id>0x0</page_id>
         <origin>0x90000000</origin>
         <length>0x10000000</length>
         <used_space>0x0</used_space>
         <unused_space>0x10000000</unused_space>
         <attributes>RWIX</attributes>
         <usage_details>
         </usage_details>
      </memory_area>
      <memory_area>
         <name>EMIFA_CS2</name>
         <page_id>0x0</page_id>
         <origin>0xa0000000</origin>
         <length>0x10000000</length>
         <used_space>0x0</used_space>
         <unused_space>0x10000000</unused_space>
         <attributes>RWIX</attributes>
         <usage_details>
         </usage_details>
      </memory_area>
      <memory_area>
         <name>EMIFA_CS3</name>
         <page_id>0x0</page_id>
         <origin>0xb0000000</origin>
         <length>0x10000000</length>
         <used_space>0x0</used_space>
         <unused_space>0x10000000</unused_space>
         <attributes>RWIX</attributes>
         <usage_details>
         </usage_details>
      </memory_area>
   </placement_map>
   <symbol_table>
      <symbol id="sm-0">
         <name>cinit</name>
         <value>0x4097d0</value>
      </symbol>
      <symbol id="sm-1">
         <name>___cinit__</name>
         <value>0x4097d0</value>
      </symbol>
      <symbol id="sm-2">
         <name>pinit</name>
         <value>0xffffffff</value>
      </symbol>
      <symbol id="sm-3">
         <name>___pinit__</name>
         <value>0xffffffff</value>
      </symbol>
      <symbol id="sm-4">
         <name>binit</name>
         <value>0xffffffff</value>
      </symbol>
      <symbol id="sm-5">
         <name>___binit__</name>
         <value>0xffffffff</value>
      </symbol>
      <symbol id="sm-6">
         <name>__STACK_SIZE</name>
         <value>0x200000</value>
      </symbol>
      <symbol id="sm-7">
         <name>__STACK_END</name>
         <value>0x200000</value>
      </symbol>
      <symbol id="sm-8">
         <name>__SYSMEM_SIZE</name>
         <value>0x200000</value>
      </symbol>
      <symbol id="sm-9">
         <name>___c_args__</name>
         <value>0xffffffff</value>
      </symbol>
      <symbol id="sm-a">
         <name>.text</name>
         <value>0x400000</value>
      </symbol>
      <symbol id="sm-b">
         <name>___text__</name>
         <value>0x400000</value>
      </symbol>
      <symbol id="sm-c">
         <name>etext</name>
         <value>0x4091e0</value>
      </symbol>
      <symbol id="sm-d">
         <name>___etext__</name>
         <value>0x4091e0</value>
      </symbol>
      <symbol id="sm-e">
         <name>.data</name>
         <value>0x0</value>
      </symbol>
      <symbol id="sm-f">
         <name>___data__</name>
         <value>0x0</value>
      </symbol>
      <symbol id="sm-10">
         <name>edata</name>
         <value>0x0</value>
      </symbol>
      <symbol id="sm-11">
         <name>___edata__</name>
         <value>0x0</value>
      </symbol>
      <symbol id="sm-12">
         <name>.bss</name>
         <value>0x409934</value>
      </symbol>
      <symbol id="sm-13">
         <name>___bss__</name>
         <value>0x409934</value>
      </symbol>
      <symbol id="sm-14">
         <name>end</name>
         <value>0x409938</value>
      </symbol>
      <symbol id="sm-15">
         <name>___end__</name>
         <value>0x409938</value>
      </symbol>
      <symbol id="sm-16">
         <name>___TI_pprof_out_hndl</name>
         <value>0xffffffff</value>
      </symbol>
      <symbol id="sm-17">
         <name>___TI_prof_data_start</name>
         <value>0xffffffff</value>
      </symbol>
      <symbol id="sm-18">
         <name>___TI_prof_data_size</name>
         <value>0xffffffff</value>
      </symbol>
      <symbol id="sm-19">
         <name>$bss</name>
         <value>0x409934</value>
      </symbol>
      <symbol id="sm-5c">
         <name>_multiply32</name>
         <value>0x408f00</value>
         <object_component_ref idref="oc-11b"/>
      </symbol>
      <symbol id="sm-8d">
         <name>_main</name>
         <value>0x402700</value>
         <object_component_ref idref="oc-fb"/>
      </symbol>
      <symbol id="sm-8e">
         <name>_iFileName</name>
         <value>0x4097a0</value>
         <object_component_ref idref="oc-100"/>
      </symbol>
      <symbol id="sm-8f">
         <name>_radix_pos</name>
         <value>0x409934</value>
         <object_component_ref idref="oc-20"/>
      </symbol>
      <symbol id="sm-90">
         <name>_output_size</name>
         <value>0x4097c8</value>
         <object_component_ref idref="oc-105"/>
      </symbol>
      <symbol id="sm-91">
         <name>_oFileName</name>
         <value>0x4097b0</value>
         <object_component_ref idref="oc-101"/>
      </symbol>
      <symbol id="sm-9b">
         <name>_imresize</name>
         <value>0x402ea0</value>
         <object_component_ref idref="oc-109"/>
      </symbol>
      <symbol id="sm-a5">
         <name>_my_floor</name>
         <value>0x4091c0</value>
         <object_component_ref idref="oc-11c"/>
      </symbol>
      <symbol id="sm-af">
         <name>_division</name>
         <value>0x408800</value>
         <object_component_ref idref="oc-11a"/>
      </symbol>
      <symbol id="sm-b9">
         <name>_my_ceil</name>
         <value>0x4090a0</value>
         <object_component_ref idref="oc-11d"/>
      </symbol>
      <symbol id="sm-cc">
         <name>_c_int00</name>
         <value>0x408e40</value>
         <object_component_ref idref="oc-17"/>
      </symbol>
      <symbol id="sm-cd">
         <name>__stack</name>
         <value>0x0</value>
         <object_component_ref idref="oc-3c"/>
      </symbol>
      <symbol id="sm-dd">
         <name>C$$EXIT</name>
         <value>0x409160</value>
         <object_component_ref idref="oc-fc"/>
      </symbol>
      <symbol id="sm-de">
         <name>_exit</name>
         <value>0x407fe0</value>
         <object_component_ref idref="oc-ef"/>
      </symbol>
      <symbol id="sm-df">
         <name>___TI_enable_exit_profile_output</name>
         <value>0x40962c</value>
         <object_component_ref idref="oc-41"/>
      </symbol>
      <symbol id="sm-e0">
         <name>_abort</name>
         <value>0x409160</value>
         <object_component_ref idref="oc-fc"/>
      </symbol>
      <symbol id="sm-e1">
         <name>__cleanup_ptr</name>
         <value>0x409624</value>
         <object_component_ref idref="oc-41"/>
      </symbol>
      <symbol id="sm-e2">
         <name>__dtors_ptr</name>
         <value>0x409628</value>
         <object_component_ref idref="oc-41"/>
      </symbol>
      <symbol id="sm-ee">
         <name>__closefile</name>
         <value>0x406460</value>
         <object_component_ref idref="oc-11e"/>
      </symbol>
      <symbol id="sm-ef">
         <name>_fclose</name>
         <value>0x408aa0</value>
         <object_component_ref idref="oc-10a"/>
      </symbol>
      <symbol id="sm-f9">
         <name>__doflush</name>
         <value>0x407700</value>
         <object_component_ref idref="oc-116"/>
      </symbol>
      <symbol id="sm-10d">
         <name>__cleanup</name>
         <value>0x407c20</value>
         <object_component_ref idref="oc-11f"/>
      </symbol>
      <symbol id="sm-10e">
         <name>_fopen</name>
         <value>0x408b20</value>
         <object_component_ref idref="oc-ff"/>
      </symbol>
      <symbol id="sm-118">
         <name>_fread</name>
         <value>0x403800</value>
         <object_component_ref idref="oc-102"/>
      </symbol>
      <symbol id="sm-122">
         <name>_fwrite</name>
         <value>0x400be0</value>
         <object_component_ref idref="oc-106"/>
      </symbol>
      <symbol id="sm-140">
         <name>_read</name>
         <value>0x408220</value>
         <object_component_ref idref="oc-110"/>
      </symbol>
      <symbol id="sm-141">
         <name>_unlink</name>
         <value>0x408ca0</value>
         <object_component_ref idref="oc-132"/>
      </symbol>
      <symbol id="sm-142">
         <name>_open</name>
         <value>0x405b40</value>
         <object_component_ref idref="oc-120"/>
      </symbol>
      <symbol id="sm-143">
         <name>_lseek</name>
         <value>0x4080a0</value>
         <object_component_ref idref="oc-128"/>
      </symbol>
      <symbol id="sm-144">
         <name>_close</name>
         <value>0x407080</value>
         <object_component_ref idref="oc-12a"/>
      </symbol>
      <symbol id="sm-145">
         <name>_write</name>
         <value>0x4082e0</value>
         <object_component_ref idref="oc-117"/>
      </symbol>
      <symbol id="sm-14d">
         <name>_memcpy</name>
         <value>0x4078c0</value>
         <object_component_ref idref="oc-f9"/>
      </symbol>
      <symbol id="sm-163">
         <name>__sys_memory</name>
         <value>0x200000</value>
         <object_component_ref idref="oc-60"/>
      </symbol>
      <symbol id="sm-164">
         <name>_free</name>
         <value>0x403b00</value>
         <object_component_ref idref="oc-129"/>
      </symbol>
      <symbol id="sm-165">
         <name>_malloc</name>
         <value>0x405980</value>
         <object_component_ref idref="oc-107"/>
      </symbol>
      <symbol id="sm-16f">
         <name>_memset</name>
         <value>0x407280</value>
         <object_component_ref idref="oc-108"/>
      </symbol>
      <symbol id="sm-17d">
         <name>_printf</name>
         <value>0x407a80</value>
         <object_component_ref idref="oc-103"/>
      </symbol>
      <symbol id="sm-187">
         <name>_remove</name>
         <value>0x409180</value>
         <object_component_ref idref="oc-12b"/>
      </symbol>
      <symbol id="sm-191">
         <name>_rewind</name>
         <value>0x4091a0</value>
         <object_component_ref idref="oc-104"/>
      </symbol>
      <symbol id="sm-1a9">
         <name>_HOSTopen</name>
         <value>0x406c80</value>
         <object_component_ref idref="oc-f0"/>
      </symbol>
      <symbol id="sm-1aa">
         <name>_HOSTread</name>
         <value>0x406d80</value>
         <object_component_ref idref="oc-f2"/>
      </symbol>
      <symbol id="sm-1ab">
         <name>_HOSTrename</name>
         <value>0x4053a0</value>
         <object_component_ref idref="oc-f6"/>
      </symbol>
      <symbol id="sm-1ac">
         <name>_HOSTwrite</name>
         <value>0x406e80</value>
         <object_component_ref idref="oc-f3"/>
      </symbol>
      <symbol id="sm-1ad">
         <name>_HOSTlseek</name>
         <value>0x4066e0</value>
         <object_component_ref idref="oc-f4"/>
      </symbol>
      <symbol id="sm-1ae">
         <name>_HOSTunlink</name>
         <value>0x407380</value>
         <object_component_ref idref="oc-f5"/>
      </symbol>
      <symbol id="sm-1af">
         <name>_HOSTclose</name>
         <value>0x407b60</value>
         <object_component_ref idref="oc-f1"/>
      </symbol>
      <symbol id="sm-1bd">
         <name>C$$IO$$</name>
         <value>0x408ef8</value>
         <object_component_ref idref="oc-fd"/>
      </symbol>
      <symbol id="sm-1be">
         <name>__CIOBUF_</name>
         <value>0x409938</value>
         <object_component_ref idref="oc-74"/>
      </symbol>
      <symbol id="sm-1bf">
         <name>_readmsg</name>
         <value>0x408c20</value>
         <object_component_ref idref="oc-fe"/>
      </symbol>
      <symbol id="sm-1c0">
         <name>_writemsg</name>
         <value>0x408ea0</value>
         <object_component_ref idref="oc-fd"/>
      </symbol>
      <symbol id="sm-1ca">
         <name>__buff_read</name>
         <value>0x406800</value>
         <object_component_ref idref="oc-10e"/>
      </symbol>
      <symbol id="sm-1d6">
         <name>__rd_ok</name>
         <value>0x407f20</value>
         <object_component_ref idref="oc-10d"/>
      </symbol>
      <symbol id="sm-1d7">
         <name>__wrt_ok</name>
         <value>0x406a40</value>
         <object_component_ref idref="oc-115"/>
      </symbol>
      <symbol id="sm-1e5">
         <name>__unlock</name>
         <value>0x409634</value>
         <object_component_ref idref="oc-7f"/>
      </symbol>
      <symbol id="sm-1e6">
         <name>__lock</name>
         <value>0x409630</value>
         <object_component_ref idref="oc-7f"/>
      </symbol>
      <symbol id="sm-1e7">
         <name>__nop</name>
         <value>0x409100</value>
         <object_component_ref idref="oc-f7"/>
      </symbol>
      <symbol id="sm-217">
         <name>__printfi</name>
         <value>0x401640</value>
         <object_component_ref idref="oc-112"/>
      </symbol>
      <symbol id="sm-221">
         <name>__args_main</name>
         <value>0x408fe0</value>
         <object_component_ref idref="oc-ee"/>
      </symbol>
      <symbol id="sm-222">
         <name>__TI_args_main</name>
         <value>0x1</value>
      </symbol>
      <symbol id="sm-22c">
         <name>_atoi</name>
         <value>0x406b60</value>
         <object_component_ref idref="oc-12e"/>
      </symbol>
      <symbol id="sm-236">
         <name>__auto_init</name>
         <value>0x407460</value>
         <object_component_ref idref="oc-ed"/>
      </symbol>
      <symbol id="sm-240">
         <name>__cmpd</name>
         <value>0x407540</value>
         <object_component_ref idref="oc-137"/>
      </symbol>
      <symbol id="sm-24a">
         <name>___TI_cpp_init</name>
         <value>0x4088a0</value>
         <object_component_ref idref="oc-fa"/>
      </symbol>
      <symbol id="sm-254">
         <name>_copy_in</name>
         <value>0x408620</value>
         <object_component_ref idref="oc-f8"/>
      </symbol>
      <symbol id="sm-25c">
         <name>__ctypes_</name>
         <value>0x409648</value>
         <object_component_ref idref="oc-134"/>
      </symbol>
      <symbol id="sm-266">
         <name>__tmpnams</name>
         <value>0x4093c0</value>
         <object_component_ref idref="oc-9c"/>
      </symbol>
      <symbol id="sm-267">
         <name>__ft_end</name>
         <value>0x409500</value>
         <object_component_ref idref="oc-9c"/>
      </symbol>
      <symbol id="sm-268">
         <name>__ftable</name>
         <value>0x4091e0</value>
         <object_component_ref idref="oc-9c"/>
      </symbol>
      <symbol id="sm-274">
         <name>__divd</name>
         <value>0x400620</value>
         <object_component_ref idref="oc-145"/>
      </symbol>
      <symbol id="sm-27c">
         <name>__c6xabi_divu</name>
         <value>0x407ce0</value>
         <object_component_ref idref="oc-10f"/>
      </symbol>
      <symbol id="sm-27d">
         <name>__divu</name>
         <value>0x407ce0</value>
         <object_component_ref idref="oc-10f"/>
      </symbol>
      <symbol id="sm-287">
         <name>__fixdi</name>
         <value>0x408440</value>
         <object_component_ref idref="oc-14c"/>
      </symbol>
      <symbol id="sm-291">
         <name>__fixdli</name>
         <value>0x4084e0</value>
         <object_component_ref idref="oc-148"/>
      </symbol>
      <symbol id="sm-29b">
         <name>__fltlid</name>
         <value>0x408920</value>
         <object_component_ref idref="oc-14a"/>
      </symbol>
      <symbol id="sm-2a5">
         <name>_putc</name>
         <value>0x404a80</value>
         <object_component_ref idref="oc-127"/>
      </symbol>
      <symbol id="sm-2a6">
         <name>_fputc</name>
         <value>0x404a80</value>
         <object_component_ref idref="oc-127"/>
      </symbol>
      <symbol id="sm-2b2">
         <name>_fputs</name>
         <value>0x401b00</value>
         <object_component_ref idref="oc-122"/>
      </symbol>
      <symbol id="sm-2bc">
         <name>__frcmpyd_div</name>
         <value>0x406f80</value>
         <object_component_ref idref="oc-14f"/>
      </symbol>
      <symbol id="sm-2c6">
         <name>_fseek</name>
         <value>0x405ea0</value>
         <object_component_ref idref="oc-114"/>
      </symbol>
      <symbol id="sm-2d4">
         <name>__divul</name>
         <value>0x405d00</value>
         <object_component_ref idref="oc-150"/>
      </symbol>
      <symbol id="sm-2d5">
         <name>__remli</name>
         <value>0x408d80</value>
         <object_component_ref idref="oc-152"/>
      </symbol>
      <symbol id="sm-2d6">
         <name>__divli</name>
         <value>0x4083a0</value>
         <object_component_ref idref="oc-153"/>
      </symbol>
      <symbol id="sm-2e2">
         <name>__subcull</name>
         <value>0x408de0</value>
         <object_component_ref idref="oc-156"/>
      </symbol>
      <symbol id="sm-2e3">
         <name>__divull</name>
         <value>0x403de0</value>
         <object_component_ref idref="oc-151"/>
      </symbol>
      <symbol id="sm-2ed">
         <name>___isinf</name>
         <value>0x408f60</value>
         <object_component_ref idref="oc-136"/>
      </symbol>
      <symbol id="sm-2f9">
         <name>__llshl</name>
         <value>0x4089a0</value>
         <object_component_ref idref="oc-155"/>
      </symbol>
      <symbol id="sm-2fa">
         <name>__llshru</name>
         <value>0x408d20</value>
         <object_component_ref idref="oc-157"/>
      </symbol>
      <symbol id="sm-304">
         <name>_ltoa</name>
         <value>0x407180</value>
         <object_component_ref idref="oc-149"/>
      </symbol>
      <symbol id="sm-30e">
         <name>_memccpy</name>
         <value>0x408ba0</value>
         <object_component_ref idref="oc-131"/>
      </symbol>
      <symbol id="sm-318">
         <name>__mpyd</name>
         <value>0x404340</value>
         <object_component_ref idref="oc-144"/>
      </symbol>
      <symbol id="sm-322">
         <name>__mpyll</name>
         <value>0x408a20</value>
         <object_component_ref idref="oc-147"/>
      </symbol>
      <symbol id="sm-32c">
         <name>__negd</name>
         <value>0x409020</value>
         <object_component_ref idref="oc-138"/>
      </symbol>
      <symbol id="sm-336">
         <name>__negll</name>
         <value>0x4090e0</value>
         <object_component_ref idref="oc-13d"/>
      </symbol>
      <symbol id="sm-340">
         <name>_setvbuf</name>
         <value>0x405160</value>
         <object_component_ref idref="oc-121"/>
      </symbol>
      <symbol id="sm-34a">
         <name>__subd</name>
         <value>0x409060</value>
         <object_component_ref idref="oc-14b"/>
      </symbol>
      <symbol id="sm-35b">
         <name>__addd</name>
         <value>0x404ce0</value>
         <object_component_ref idref="oc-154"/>
      </symbol>
      <symbol id="sm-365">
         <name>__frcaddd</name>
         <value>0x4045c0</value>
         <object_component_ref idref="oc-158"/>
      </symbol>
      <symbol id="sm-36f">
         <name>__frcmpyd</name>
         <value>0x406920</value>
         <object_component_ref idref="oc-14d"/>
      </symbol>
      <symbol id="sm-379">
         <name>__renormd</name>
         <value>0x408580</value>
         <object_component_ref idref="oc-159"/>
      </symbol>
   </symbol_table>
</link_info>
