******************************************************************************
               TMS320C6x Linker PC v7.4.4                      
******************************************************************************
>> Linked Sun Nov 29 23:02:36 2020

OUTPUT FILE NAME:   <hw1_bilinear.out>
ENTRY POINT SYMBOL: "_c_int00"  address: 00409ca0


MEMORY CONFIGURATION

         name            origin    length      used     unused   attr    fill
----------------------  --------  ---------  --------  --------  ----  --------
  IRAM                  00000000   00500000  0040a8b4  000f574c  RWIX
  EMIFA_CS0             80000000   10000000  00000000  10000000  RWIX
  EMIFA_CS1             90000000   10000000  00000000  10000000  RWIX
  EMIFA_CS2             a0000000   10000000  00000000  10000000  RWIX
  EMIFA_CS3             b0000000   10000000  00000000  10000000  RWIX


SECTION ALLOCATION MAP

 output                                  attributes/
section   page    origin      length       input sections
--------  ----  ----------  ----------   ----------------
.stack     0    00000000    00200000     UNINITIALIZED
                  00000000    00000008     rts6400.lib : boot.obj (.stack)
                  00000008    001ffff8     --HOLE--

.bss       0    00000000    00000000     UNINITIALIZED

.data      0    00000000    00000000     UNINITIALIZED

.pinit     0    00000000    00000000     UNINITIALIZED

.sysmem    0    00200000    00200000     UNINITIALIZED
                  00200000    00000008     rts6400.lib : memory.obj (.sysmem)
                  00200008    001ffff8     --HOLE--

.text      0    00400000    0000a040     
                  00400000    000007e0     main.obj (.text)
                  004007e0    00000620     rts6400.lib : _printfi.obj (.text:__getarg_diouxp)
                  00400e00    000005c0                 : divd.obj (.text:__divd)
                  004013c0    00000580                 : fwrite.obj (.text:_fwrite)
                  00401940    000004e0                 : _printfi.obj (.text:__setfield)
                  00401e20    000004c0                 : _printfi.obj (.text:__printfi)
                  004022e0    00000420                 : fputs.obj (.text:_fputs)
                  00402700    00000400                 : _printfi.obj (.text:_fcvt)
                  00402b00    000003e0                 : _printfi.obj (.text:__pproc_fge)
                  00402ee0    000003c0                 : _printfi.obj (.text:_ecvt)
                  004032a0    000003a0                 : divf.obj (.text:__divf)
                  00403640    00000380                 : addf.obj (.text:__addf)
                  004039c0    00000320                 : _printfi.obj (.text:__pconv_e)
                  00403ce0    00000300                 : _printfi.obj (.text:__pproc_fwp)
                  00403fe0    00000300                 : fread.obj (.text:_fread)
                  004042e0    000002e0                 : memory.obj (.text:_free)
                  004045c0    000002c0                 : imath64.obj (.text:__divull)
                  00404880    000002a0                 : _printfi.obj (.text:__pproc_diouxp)
                  00404b20    00000280                 : mpyd.obj (.text:__mpyd)
                  00404da0    00000260                 : frcaddd.obj (.text:__frcaddd)
                  00405000    00000260                 : _printfi.obj (.text:__pproc_str)
                  00405260    00000260                 : fputc.obj (.text:_fputc)
                  004054c0    00000240                 : addd.obj (.text:__addd)
                  00405700    00000240                 : mpyf.obj (.text:__mpyf)
                  00405940    00000240                 : _printfi.obj (.text:__pconv_g)
                  00405b80    00000240                 : setvbuf.obj (.text:_setvbuf)
                  00405dc0    00000200                 : trgdrv.obj (.text:_HOSTrename)
                  00405fc0    00000200                 : _printfi.obj (.text:__mcpy)
                  004061c0    000001e0                 : fopen.obj (.text:__openfile)
                  004063a0    000001c0                 : memory.obj (.text:_malloc)
                  00406560    000001c0                 : lowlev.obj (.text:_open)
                  00406720    000001a0                 : imath40.obj (.text:__divul)
                  004068c0    00000180                 : fseek.obj (.text:_fseek)
                  00406a40    00000180                 : lowlev.obj (.text:_getdevice)
                  00406bc0    00000160                 : _printfi.obj (.text:__ltostr)
                  00406d20    00000160                 : _printfi.obj (.text:__pproc_fflags)
                  00406e80    00000140                 : fclose.obj (.text:__closefile)
                  00406fc0    00000140                 : fopen.obj (.text:__search_fp)
                  00407100    00000120                 : trgdrv.obj (.text:_HOSTlseek)
                  00407220    00000120                 : _bufread.obj (.text:__buff_read)
                  00407340    00000120                 : frcmpyd.obj (.text:__frcmpyd)
                  00407460    00000120                 : _io_perm.obj (.text:__wrt_ok)
                  00407580    00000120                 : atoi.obj (.text:_atoi)
                  004076a0    00000100                 : trgdrv.obj (.text:_HOSTopen)
                  004077a0    00000100                 : trgdrv.obj (.text:_HOSTread)
                  004078a0    00000100                 : trgdrv.obj (.text:_HOSTwrite)
                  004079a0    00000100                 : frcmpyd_div.obj (.text:__frcmpyd_div)
                  00407aa0    00000100                 : lowlev.obj (.text:_close)
                  00407ba0    00000100                 : ltoa.obj (.text:_ltoa)
                  00407ca0    00000100                 : memset.obj (.text:_memset)
                  00407da0    000000e0                 : trgdrv.obj (.text:_HOSTunlink)
                  00407e80    000000e0                 : autoinit.obj (.text:__auto_init)
                  00407f60    000000e0                 : cmpd.obj (.text:__cmpd)
                  00408040    000000e0                 : _printfi.obj (.text:__div)
                  00408120    000000e0                 : fflush.obj (.text:__doflush)
                  00408200    000000e0                 : _printfi.obj (.text:__pconv_f)
                  004082e0    000000e0                 : memcpy64.obj (.text:_memcpy)
                  004083c0    000000e0                 : modf.obj (.text:_modf)
                  004084a0    000000e0                 : memory.obj (.text:_mremove)
                  00408580    000000e0                 : printf.obj (.text:_printf)
                  00408660    000000c0                 : trgdrv.obj (.text:_HOSTclose)
                  00408720    000000c0                 : fopen.obj (.text:__cleanup)
                  004087e0    000000c0                 : cvtdf.obj (.text:__cvtdf)
                  004088a0    000000c0                 : divu.obj (.text:__divu)
                  00408960    000000c0                 : _printfi.obj (.text:__ecpy)
                  00408a20    000000c0                 : _printfi.obj (.text:__fcpy)
                  00408ae0    000000c0                 : _io_perm.obj (.text:__rd_ok)
                  00408ba0    000000c0                 : exit.obj (.text:_exit)
                  00408c60    000000c0                 : lowlev.obj (.text:_lseek)
                  00408d20    000000c0                 : memory.obj (.text:_minsert)
                  00408de0    000000c0                 : lowlev.obj (.text:_read)
                  00408ea0    000000c0                 : lowlev.obj (.text:_write)
                  00408f60    000000a0                 : imath40.obj (.text:__divli)
                  00409000    000000a0                 : fixdi.obj (.text:__fixdi)
                  004090a0    000000a0                 : fixdli.obj (.text:__fixdli)
                  00409140    000000a0                 : fixfu.obj (.text:__fixfu)
                  004091e0    000000a0                 : renormd.obj (.text:__renormd)
                  00409280    000000a0                 : cpy_tbl.obj (.text:_copy_in)
                  00409320    000000a0                 : lowlev.obj (.text:_finddevice)
                  004093c0    000000a0                 : lowlev.obj (.text:_tabinit)
                  00409460    00000080                 : cpp_init.obj (.text:___TI_cpp_init)
                  004094e0    00000080                 : fixfi.obj (.text:__fixfi)
                  00409560    00000080                 : fltlid.obj (.text:__fltlid)
                  004095e0    00000080                 : llshift.obj (.text:__llshl)
                  00409660    00000080                 : mpyll.obj (.text:__mpyll)
                  004096e0    00000080                 : ceil.obj (.text:_ceil)
                  00409760    00000080                 : fclose.obj (.text:_fclose)
                  004097e0    00000080                 : floor.obj (.text:_floor)
                  00409860    00000080                 : fopen.obj (.text:_fopen)
                  004098e0    00000080                 : memccpy.obj (.text:_memccpy)
                  00409960    00000080                 : trgmsg.obj (.text:_readmsg)
                  004099e0    00000080                 : lowlev.obj (.text:_unlink)
                  00409a60    00000060                 : cvtfd.obj (.text:__cvtfd)
                  00409ac0    00000060                 : fltif.obj (.text:__fltif)
                  00409b20    00000060                 : frcmpyf.obj (.text:__frcmpyf)
                  00409b80    00000060                 : llshift.obj (.text:__llshru)
                  00409be0    00000060                 : imath40.obj (.text:__remli)
                  00409c40    00000060                 : imath64.obj (.text:__subcull)
                  00409ca0    00000060                 : boot.obj (.text:_c_int00)
                  00409d00    00000060                 : trgmsg.obj (.text:_writemsg)
                  00409d60    00000040                 : isinf.obj (.text:___isinf)
                  00409da0    00000040                 : _printfi.obj (.text:___isnan)
                  00409de0    00000040                 : args_main.obj (.text:__args_main)
                  00409e20    00000040                 : fltuf.obj (.text:__fltuf)
                  00409e60    00000040                 : frcmpyf_div.obj (.text:__frcmpyf_div)
                  00409ea0    00000040                 : negd.obj (.text:__negd)
                  00409ee0    00000040                 : subd.obj (.text:__subd)
                  00409f20    00000040                 : subf.obj (.text:__subf)
                  00409f60    00000020                 : negll.obj (.text:__negll)
                  00409f80    00000020                 : _lock.obj (.text:__nop)
                  00409fa0    00000020                 : printf.obj (.text:__outc)
                  00409fc0    00000020                 : printf.obj (.text:__outs)
                  00409fe0    00000020                 : exit.obj (.text:_abort)
                  0040a000    00000020                 : remove.obj (.text:_remove)
                  0040a020    00000020                 : rewind.obj (.text:_rewind)

.far       0    0040a040    00000468     UNINITIALIZED
                  0040a040    00000324     rts6400.lib : defs.obj (.far)
                  0040a364    00000004                 : fopen.obj (.far)
                  0040a368    0000011c                 : lowlev.obj (.far)
                  0040a484    0000000c                 : exit.obj (.far)
                  0040a490    00000008                 : _lock.obj (.far)
                  0040a498    00000008                 : memory.obj (.far)
                  0040a4a0    00000008                 : trgdrv.obj (.far)

.const     0    0040a4a8    00000198     
                  0040a4a8    00000101     rts6400.lib : ctype.obj (.const:.string:__ctypes_)
                  0040a5a9    00000002                 : fputs.obj (.const:.string)
                  0040a5ab    00000001     --HOLE-- [fill = 0]
                  0040a5ac    00000034     main.obj (.const:.string)
                  0040a5e0    00000023     rts6400.lib : _printfi.obj (.const:.string)
                  0040a603    00000005     --HOLE-- [fill = 0]
                  0040a608    0000000c     main.obj (.const:.string:_iFileName)
                  0040a614    00000004     --HOLE-- [fill = 0]
                  0040a618    0000000c     main.obj (.const:.string:_oFileName)
                  0040a624    00000004     --HOLE-- [fill = 0]
                  0040a628    00000008     rts6400.lib : divd.obj (.const:.string:_initial_approx$1)
                  0040a630    00000008                 : divf.obj (.const:.string:_initial_approx$1)
                  0040a638    00000008     main.obj (.const:_output_size)

.cinit     0    0040a640    00000154     
                  0040a640    0000005c     rts6400.lib : defs.obj (.cinit)
                  0040a69c    00000004     --HOLE-- [fill = 0]
                  0040a6a0    0000005c                 : lowlev.obj (.cinit)
                  0040a6fc    00000004     --HOLE-- [fill = 0]
                  0040a700    0000002c                 : exit.obj (.cinit)
                  0040a72c    00000004     --HOLE-- [fill = 0]
                  0040a730    0000002c                 : memory.obj (.cinit)
                  0040a75c    00000004     --HOLE-- [fill = 0]
                  0040a760    0000001c                 : _lock.obj (.cinit)
                  0040a77c    00000004     --HOLE-- [fill = 0]
                  0040a780    0000000c                 : fopen.obj (.cinit)
                  0040a78c    00000004     --HOLE-- [fill = 0]
                  0040a790    00000004     (.pad.cinit) [fill = 0]

.cio       0    0040a798    00000120     UNINITIALIZED
                  0040a798    00000120     rts6400.lib : trgmsg.obj (.cio)


GLOBAL SYMBOLS: SORTED ALPHABETICALLY BY Name 

address    name
--------   ----
00000000   $bss
00000000   .bss
00000000   .data
00400000   .text
00409fe0   C$$EXIT
00409d58   C$$IO$$
00408660   _HOSTclose
00407100   _HOSTlseek
004076a0   _HOSTopen
004077a0   _HOSTread
00405dc0   _HOSTrename
00407da0   _HOSTunlink
004078a0   _HOSTwrite
0040a798   __CIOBUF_
00200000   __STACK_END
00200000   __STACK_SIZE
00200000   __SYSMEM_SIZE
00000001   __TI_args_main
00409460   ___TI_cpp_init
0040a48c   ___TI_enable_exit_profile_output
ffffffff   ___TI_pprof_out_hndl
ffffffff   ___TI_prof_data_size
ffffffff   ___TI_prof_data_start
ffffffff   ___binit__
00000000   ___bss__
ffffffff   ___c_args__
0040a640   ___cinit__
00000000   ___data__
00000000   ___edata__
00000000   ___end__
0040a040   ___etext__
00409d60   ___isinf
ffffffff   ___pinit__
00400000   ___text__
004054c0   __addd
00403640   __addf
00409de0   __args_main
00407e80   __auto_init
00407220   __buff_read
004088a0   __c6xabi_divu
00408720   __cleanup
0040a484   __cleanup_ptr
00406e80   __closefile
00407f60   __cmpd
0040a4a8   __ctypes_
004087e0   __cvtdf
00409a60   __cvtfd
00400e00   __divd
004032a0   __divf
00408f60   __divli
004088a0   __divu
00406720   __divul
004045c0   __divull
00408120   __doflush
0040a488   __dtors_ptr
00409000   __fixdi
004090a0   __fixdli
004094e0   __fixfi
00409140   __fixfu
00409ac0   __fltif
00409560   __fltlid
00409e20   __fltuf
00404da0   __frcaddd
00407340   __frcmpyd
004079a0   __frcmpyd_div
00409b20   __frcmpyf
00409e60   __frcmpyf_div
0040a360   __ft_end
0040a040   __ftable
004095e0   __llshl
00409b80   __llshru
0040a490   __lock
00404b20   __mpyd
00405700   __mpyf
00409660   __mpyll
00409ea0   __negd
00409f60   __negll
00409f80   __nop
00401e20   __printfi
00408ae0   __rd_ok
00409be0   __remli
004091e0   __renormd
00000000   __stack
00409c40   __subcull
00409ee0   __subd
00409f20   __subf
00200000   __sys_memory
0040a220   __tmpnams
0040a494   __unlock
00407460   __wrt_ok
00409fe0   _abort
00407580   _atoi
00409ca0   _c_int00
004096e0   _ceil
00407aa0   _close
00409280   _copy_in
00408ba0   _exit
00409760   _fclose
004097e0   _floor
00409860   _fopen
00405260   _fputc
004022e0   _fputs
00403fe0   _fread
004042e0   _free
004068c0   _fseek
004013c0   _fwrite
0040a608   _iFileName
00408c60   _lseek
00407ba0   _ltoa
00400000   _main
004063a0   _malloc
004098e0   _memccpy
004082e0   _memcpy
00407ca0   _memset
004083c0   _modf
0040a618   _oFileName
00406560   _open
0040a638   _output_size
00408580   _printf
00405260   _putc
00408de0   _read
00409960   _readmsg
0040a000   _remove
0040a020   _rewind
00405b80   _setvbuf
004099e0   _unlink
00408ea0   _write
00409d00   _writemsg
ffffffff   binit
0040a640   cinit
00000000   edata
00000000   end
0040a040   etext
ffffffff   pinit


GLOBAL SYMBOLS: SORTED BY Symbol Address 

address    name
--------   ----
00000000   $bss
00000000   .bss
00000000   .data
00000000   ___bss__
00000000   ___data__
00000000   ___edata__
00000000   ___end__
00000000   __stack
00000000   edata
00000000   end
00000001   __TI_args_main
00200000   __STACK_END
00200000   __STACK_SIZE
00200000   __SYSMEM_SIZE
00200000   __sys_memory
00400000   .text
00400000   ___text__
00400000   _main
00400e00   __divd
004013c0   _fwrite
00401e20   __printfi
004022e0   _fputs
004032a0   __divf
00403640   __addf
00403fe0   _fread
004042e0   _free
004045c0   __divull
00404b20   __mpyd
00404da0   __frcaddd
00405260   _fputc
00405260   _putc
004054c0   __addd
00405700   __mpyf
00405b80   _setvbuf
00405dc0   _HOSTrename
004063a0   _malloc
00406560   _open
00406720   __divul
004068c0   _fseek
00406e80   __closefile
00407100   _HOSTlseek
00407220   __buff_read
00407340   __frcmpyd
00407460   __wrt_ok
00407580   _atoi
004076a0   _HOSTopen
004077a0   _HOSTread
004078a0   _HOSTwrite
004079a0   __frcmpyd_div
00407aa0   _close
00407ba0   _ltoa
00407ca0   _memset
00407da0   _HOSTunlink
00407e80   __auto_init
00407f60   __cmpd
00408120   __doflush
004082e0   _memcpy
004083c0   _modf
00408580   _printf
00408660   _HOSTclose
00408720   __cleanup
004087e0   __cvtdf
004088a0   __c6xabi_divu
004088a0   __divu
00408ae0   __rd_ok
00408ba0   _exit
00408c60   _lseek
00408de0   _read
00408ea0   _write
00408f60   __divli
00409000   __fixdi
004090a0   __fixdli
00409140   __fixfu
004091e0   __renormd
00409280   _copy_in
00409460   ___TI_cpp_init
004094e0   __fixfi
00409560   __fltlid
004095e0   __llshl
00409660   __mpyll
004096e0   _ceil
00409760   _fclose
004097e0   _floor
00409860   _fopen
004098e0   _memccpy
00409960   _readmsg
004099e0   _unlink
00409a60   __cvtfd
00409ac0   __fltif
00409b20   __frcmpyf
00409b80   __llshru
00409be0   __remli
00409c40   __subcull
00409ca0   _c_int00
00409d00   _writemsg
00409d58   C$$IO$$
00409d60   ___isinf
00409de0   __args_main
00409e20   __fltuf
00409e60   __frcmpyf_div
00409ea0   __negd
00409ee0   __subd
00409f20   __subf
00409f60   __negll
00409f80   __nop
00409fe0   C$$EXIT
00409fe0   _abort
0040a000   _remove
0040a020   _rewind
0040a040   ___etext__
0040a040   __ftable
0040a040   etext
0040a220   __tmpnams
0040a360   __ft_end
0040a484   __cleanup_ptr
0040a488   __dtors_ptr
0040a48c   ___TI_enable_exit_profile_output
0040a490   __lock
0040a494   __unlock
0040a4a8   __ctypes_
0040a608   _iFileName
0040a618   _oFileName
0040a638   _output_size
0040a640   ___cinit__
0040a640   cinit
0040a798   __CIOBUF_
ffffffff   ___TI_pprof_out_hndl
ffffffff   ___TI_prof_data_size
ffffffff   ___TI_prof_data_start
ffffffff   ___binit__
ffffffff   ___c_args__
ffffffff   ___pinit__
ffffffff   binit
ffffffff   pinit

[134 symbols]
