******************************************************************************
               TMS320C6x Linker PC v7.4.4                      
******************************************************************************
>> Linked Mon Dec 14 23:06:31 2020

OUTPUT FILE NAME:   <hw2_bilinear_assembly.out>
ENTRY POINT SYMBOL: "_c_int00"  address: 00408ec0


MEMORY CONFIGURATION

         name            origin    length      used     unused   attr    fill
----------------------  --------  ---------  --------  --------  ----  --------
  IRAM                  00000000   00500000  00409a6c  000f6594  RWIX
  EMIFA_CS0             80000000   10000000  00000000  10000000  RWIX
  EMIFA_CS1             90000000   10000000  00000000  10000000  RWIX
  EMIFA_CS2             a0000000   10000000  00000000  10000000  RWIX
  EMIFA_CS3             b0000000   10000000  00000000  10000000  RWIX


SECTION ALLOCATION MAP

 output                                  attributes/
section   page    origin      length       input sections
--------  ----  ----------  ----------   ----------------
.stack     0    00000000    00200000     UNINITIALIZED
                  00000000    00000008     rts6400.lib : boot.obj (.stack)
                  00000008    001ffff8     --HOLE--

.bss       0    00000000    00000000     UNINITIALIZED

.data      0    00000000    00000000     UNINITIALIZED

.pinit     0    00000000    00000000     UNINITIALIZED

.sysmem    0    00200000    00200000     UNINITIALIZED
                  00200000    00000008     rts6400.lib : memory.obj (.sysmem)
                  00200008    001ffff8     --HOLE--

.text      0    00400000    00009200     
                  00400000    00000620     rts6400.lib : _printfi.obj (.text:__getarg_diouxp)
                  00400620    000005c0                 : divd.obj (.text:__divd)
                  00400be0    00000580                 : fwrite.obj (.text:_fwrite)
                  00401160    000004e0                 : _printfi.obj (.text:__setfield)
                  00401640    000004c0                 : _printfi.obj (.text:__printfi)
                  00401b00    00000440     main.obj (.text)
                  00401f40    00000420     rts6400.lib : fputs.obj (.text:_fputs)
                  00402360    00000400                 : _printfi.obj (.text:_fcvt)
                  00402760    000003e0                 : _printfi.obj (.text:__pproc_fge)
                  00402b40    000003c0                 : _printfi.obj (.text:_ecvt)
                  00402f00    000003a0                 : divf.obj (.text:__divf)
                  004032a0    00000320                 : _printfi.obj (.text:__pconv_e)
                  004035c0    00000300                 : _printfi.obj (.text:__pproc_fwp)
                  004038c0    00000300                 : fread.obj (.text:_fread)
                  00403bc0    000002e0                 : memory.obj (.text:_free)
                  00403ea0    000002c0                 : imath64.obj (.text:__divull)
                  00404160    000002a0                 : _printfi.obj (.text:__pproc_diouxp)
                  00404400    00000280                 : mpyd.obj (.text:__mpyd)
                  00404680    00000260                 : frcaddd.obj (.text:__frcaddd)
                  004048e0    00000260                 : _printfi.obj (.text:__pproc_str)
                  00404b40    00000260                 : fputc.obj (.text:_fputc)
                  00404da0    00000240                 : addd.obj (.text:__addd)
                  00404fe0    00000240                 : _printfi.obj (.text:__pconv_g)
                  00405220    00000240                 : setvbuf.obj (.text:_setvbuf)
                  00405460    00000200                 : trgdrv.obj (.text:_HOSTrename)
                  00405660    00000200                 : _printfi.obj (.text:__mcpy)
                  00405860    000001e0                 : fopen.obj (.text:__openfile)
                  00405a40    000001c0                 : memory.obj (.text:_malloc)
                  00405c00    000001c0                 : lowlev.obj (.text:_open)
                  00405dc0    000001a0                 : imath40.obj (.text:__divul)
                  00405f60    00000180                 : fseek.obj (.text:_fseek)
                  004060e0    00000180                 : lowlev.obj (.text:_getdevice)
                  00406260    00000160                 : _printfi.obj (.text:__ltostr)
                  004063c0    00000160                 : _printfi.obj (.text:__pproc_fflags)
                  00406520    00000140                 : fclose.obj (.text:__closefile)
                  00406660    00000140                 : fopen.obj (.text:__search_fp)
                  004067a0    00000120                 : trgdrv.obj (.text:_HOSTlseek)
                  004068c0    00000120                 : _bufread.obj (.text:__buff_read)
                  004069e0    00000120                 : frcmpyd.obj (.text:__frcmpyd)
                  00406b00    00000120                 : _io_perm.obj (.text:__wrt_ok)
                  00406c20    00000120                 : atoi.obj (.text:_atoi)
                  00406d40    00000100                 : trgdrv.obj (.text:_HOSTopen)
                  00406e40    00000100                 : trgdrv.obj (.text:_HOSTread)
                  00406f40    00000100                 : trgdrv.obj (.text:_HOSTwrite)
                  00407040    00000100                 : frcmpyd_div.obj (.text:__frcmpyd_div)
                  00407140    00000100                 : lowlev.obj (.text:_close)
                  00407240    00000100                 : ltoa.obj (.text:_ltoa)
                  00407340    00000100                 : memset.obj (.text:_memset)
                  00407440    000000e0                 : trgdrv.obj (.text:_HOSTunlink)
                  00407520    000000e0                 : autoinit.obj (.text:__auto_init)
                  00407600    000000e0                 : cmpd.obj (.text:__cmpd)
                  004076e0    000000e0                 : _printfi.obj (.text:__div)
                  004077c0    000000e0                 : fflush.obj (.text:__doflush)
                  004078a0    000000e0                 : _printfi.obj (.text:__pconv_f)
                  00407980    000000e0                 : memcpy64.obj (.text:_memcpy)
                  00407a60    000000e0                 : memory.obj (.text:_mremove)
                  00407b40    000000e0                 : printf.obj (.text:_printf)
                  00407c20    000000c0                 : trgdrv.obj (.text:_HOSTclose)
                  00407ce0    000000c0                 : fopen.obj (.text:__cleanup)
                  00407da0    000000c0                 : divu.obj (.text:__divu)
                  00407e60    000000c0                 : _printfi.obj (.text:__ecpy)
                  00407f20    000000c0                 : _printfi.obj (.text:__fcpy)
                  00407fe0    000000c0                 : _io_perm.obj (.text:__rd_ok)
                  004080a0    000000c0                 : exit.obj (.text:_exit)
                  00408160    000000c0                 : lowlev.obj (.text:_lseek)
                  00408220    000000c0                 : memory.obj (.text:_minsert)
                  004082e0    000000c0                 : lowlev.obj (.text:_read)
                  004083a0    000000c0                 : lowlev.obj (.text:_write)
                  00408460    000000a0                 : imath40.obj (.text:__divli)
                  00408500    000000a0                 : fixdi.obj (.text:__fixdi)
                  004085a0    000000a0                 : fixdli.obj (.text:__fixdli)
                  00408640    000000a0                 : renormd.obj (.text:__renormd)
                  004086e0    000000a0                 : cpy_tbl.obj (.text:_copy_in)
                  00408780    000000a0                 : lowlev.obj (.text:_finddevice)
                  00408820    000000a0                 : lowlev.obj (.text:_tabinit)
                  004088c0    00000080                 : cpp_init.obj (.text:___TI_cpp_init)
                  00408940    00000080                 : fltlid.obj (.text:__fltlid)
                  004089c0    00000080                 : llshift.obj (.text:__llshl)
                  00408a40    00000080                 : mpyll.obj (.text:__mpyll)
                  00408ac0    00000080                 : fclose.obj (.text:_fclose)
                  00408b40    00000080                 : fopen.obj (.text:_fopen)
                  00408bc0    00000080                 : memccpy.obj (.text:_memccpy)
                  00408c40    00000080                 : trgmsg.obj (.text:_readmsg)
                  00408cc0    00000080                 : lowlev.obj (.text:_unlink)
                  00408d40    00000060                 : fltif.obj (.text:__fltif)
                  00408da0    00000060                 : llshift.obj (.text:__llshru)
                  00408e00    00000060                 : imath40.obj (.text:__remli)
                  00408e60    00000060                 : imath64.obj (.text:__subcull)
                  00408ec0    00000060                 : boot.obj (.text:_c_int00)
                  00408f20    00000060                 : trgmsg.obj (.text:_writemsg)
                  00408f80    00000040                 : isinf.obj (.text:___isinf)
                  00408fc0    00000040                 : _printfi.obj (.text:___isnan)
                  00409000    00000040                 : args_main.obj (.text:__args_main)
                  00409040    00000040                 : frcmpyf_div.obj (.text:__frcmpyf_div)
                  00409080    00000040                 : negd.obj (.text:__negd)
                  004090c0    00000040                 : subd.obj (.text:__subd)
                  00409100    00000020                 : negll.obj (.text:__negll)
                  00409120    00000020                 : _lock.obj (.text:__nop)
                  00409140    00000020                 : printf.obj (.text:__outc)
                  00409160    00000020                 : printf.obj (.text:__outs)
                  00409180    00000020                 : exit.obj (.text:_abort)
                  004091a0    00000020                 : remove.obj (.text:_remove)
                  004091c0    00000020                 : rewind.obj (.text:_rewind)
                  004091e0    00000020     imresize.obj (.text)

.far       0    00409200    00000468     UNINITIALIZED
                  00409200    00000324     rts6400.lib : defs.obj (.far)
                  00409524    00000004                 : fopen.obj (.far)
                  00409528    0000011c                 : lowlev.obj (.far)
                  00409644    0000000c                 : exit.obj (.far)
                  00409650    00000008                 : _lock.obj (.far)
                  00409658    00000008                 : memory.obj (.far)
                  00409660    00000008                 : trgdrv.obj (.far)

.const     0    00409668    00000190     
                  00409668    00000101     rts6400.lib : ctype.obj (.const:.string:__ctypes_)
                  00409769    00000002                 : fputs.obj (.const:.string)
                  0040976b    00000001     --HOLE-- [fill = 0]
                  0040976c    00000030     main.obj (.const:.string)
                  0040979c    00000023     rts6400.lib : _printfi.obj (.const:.string)
                  004097bf    00000001     --HOLE-- [fill = 0]
                  004097c0    0000000c     main.obj (.const:.string:_iFileName)
                  004097cc    00000004     --HOLE-- [fill = 0]
                  004097d0    0000000c     main.obj (.const:.string:_oFileName)
                  004097dc    00000004     --HOLE-- [fill = 0]
                  004097e0    00000008     rts6400.lib : divd.obj (.const:.string:_initial_approx$1)
                  004097e8    00000008                 : divf.obj (.const:.string:_initial_approx$1)
                  004097f0    00000008     main.obj (.const:_output_size)

.cinit     0    004097f8    00000154     
                  004097f8    0000005c     rts6400.lib : defs.obj (.cinit)
                  00409854    00000004     --HOLE-- [fill = 0]
                  00409858    0000005c                 : lowlev.obj (.cinit)
                  004098b4    00000004     --HOLE-- [fill = 0]
                  004098b8    0000002c                 : exit.obj (.cinit)
                  004098e4    00000004     --HOLE-- [fill = 0]
                  004098e8    0000002c                 : memory.obj (.cinit)
                  00409914    00000004     --HOLE-- [fill = 0]
                  00409918    0000001c                 : _lock.obj (.cinit)
                  00409934    00000004     --HOLE-- [fill = 0]
                  00409938    0000000c                 : fopen.obj (.cinit)
                  00409944    00000004     --HOLE-- [fill = 0]
                  00409948    00000004     (.pad.cinit) [fill = 0]

.cio       0    00409950    00000120     UNINITIALIZED
                  00409950    00000120     rts6400.lib : trgmsg.obj (.cio)


GLOBAL SYMBOLS: SORTED ALPHABETICALLY BY Name 

address    name
--------   ----
00000000   $bss
00000000   .bss
00000000   .data
00400000   .text
00409180   C$$EXIT
00408f78   C$$IO$$
00407c20   _HOSTclose
004067a0   _HOSTlseek
00406d40   _HOSTopen
00406e40   _HOSTread
00405460   _HOSTrename
00407440   _HOSTunlink
00406f40   _HOSTwrite
00409950   __CIOBUF_
00200000   __STACK_END
00200000   __STACK_SIZE
00200000   __SYSMEM_SIZE
00000001   __TI_args_main
004088c0   ___TI_cpp_init
0040964c   ___TI_enable_exit_profile_output
ffffffff   ___TI_pprof_out_hndl
ffffffff   ___TI_prof_data_size
ffffffff   ___TI_prof_data_start
ffffffff   ___binit__
00000000   ___bss__
ffffffff   ___c_args__
004097f8   ___cinit__
00000000   ___data__
00000000   ___edata__
00000000   ___end__
00409200   ___etext__
00408f80   ___isinf
ffffffff   ___pinit__
00400000   ___text__
00404da0   __addd
00409000   __args_main
00407520   __auto_init
004068c0   __buff_read
00407da0   __c6xabi_divu
00407ce0   __cleanup
00409644   __cleanup_ptr
00406520   __closefile
00407600   __cmpd
00409668   __ctypes_
00400620   __divd
00402f00   __divf
00408460   __divli
00407da0   __divu
00405dc0   __divul
00403ea0   __divull
004077c0   __doflush
00409648   __dtors_ptr
00408500   __fixdi
004085a0   __fixdli
00408d40   __fltif
00408940   __fltlid
00404680   __frcaddd
004069e0   __frcmpyd
00407040   __frcmpyd_div
00409040   __frcmpyf_div
00409520   __ft_end
00409200   __ftable
004089c0   __llshl
00408da0   __llshru
00409650   __lock
00404400   __mpyd
00408a40   __mpyll
00409080   __negd
00409100   __negll
00409120   __nop
00401640   __printfi
00407fe0   __rd_ok
00408e00   __remli
00408640   __renormd
00000000   __stack
00408e60   __subcull
004090c0   __subd
00200000   __sys_memory
004093e0   __tmpnams
00409654   __unlock
00406b00   __wrt_ok
00409180   _abort
00406c20   _atoi
00408ec0   _c_int00
00407140   _close
004086e0   _copy_in
004080a0   _exit
00408ac0   _fclose
00408b40   _fopen
00404b40   _fputc
00401f40   _fputs
004038c0   _fread
00403bc0   _free
00405f60   _fseek
00400be0   _fwrite
004097c0   _iFileName
004091e0   _imresize
00408160   _lseek
00407240   _ltoa
00401b00   _main
00405a40   _malloc
00408bc0   _memccpy
00407980   _memcpy
00407340   _memset
004097d0   _oFileName
00405c00   _open
004097f0   _output_size
00407b40   _printf
00404b40   _putc
004082e0   _read
00408c40   _readmsg
004091a0   _remove
004091c0   _rewind
00405220   _setvbuf
00408cc0   _unlink
004083a0   _write
00408f20   _writemsg
ffffffff   binit
004097f8   cinit
00000000   edata
00000000   end
00409200   etext
ffffffff   pinit


GLOBAL SYMBOLS: SORTED BY Symbol Address 

address    name
--------   ----
00000000   $bss
00000000   .bss
00000000   .data
00000000   ___bss__
00000000   ___data__
00000000   ___edata__
00000000   ___end__
00000000   __stack
00000000   edata
00000000   end
00000001   __TI_args_main
00200000   __STACK_END
00200000   __STACK_SIZE
00200000   __SYSMEM_SIZE
00200000   __sys_memory
00400000   .text
00400000   ___text__
00400620   __divd
00400be0   _fwrite
00401640   __printfi
00401b00   _main
00401f40   _fputs
00402f00   __divf
004038c0   _fread
00403bc0   _free
00403ea0   __divull
00404400   __mpyd
00404680   __frcaddd
00404b40   _fputc
00404b40   _putc
00404da0   __addd
00405220   _setvbuf
00405460   _HOSTrename
00405a40   _malloc
00405c00   _open
00405dc0   __divul
00405f60   _fseek
00406520   __closefile
004067a0   _HOSTlseek
004068c0   __buff_read
004069e0   __frcmpyd
00406b00   __wrt_ok
00406c20   _atoi
00406d40   _HOSTopen
00406e40   _HOSTread
00406f40   _HOSTwrite
00407040   __frcmpyd_div
00407140   _close
00407240   _ltoa
00407340   _memset
00407440   _HOSTunlink
00407520   __auto_init
00407600   __cmpd
004077c0   __doflush
00407980   _memcpy
00407b40   _printf
00407c20   _HOSTclose
00407ce0   __cleanup
00407da0   __c6xabi_divu
00407da0   __divu
00407fe0   __rd_ok
004080a0   _exit
00408160   _lseek
004082e0   _read
004083a0   _write
00408460   __divli
00408500   __fixdi
004085a0   __fixdli
00408640   __renormd
004086e0   _copy_in
004088c0   ___TI_cpp_init
00408940   __fltlid
004089c0   __llshl
00408a40   __mpyll
00408ac0   _fclose
00408b40   _fopen
00408bc0   _memccpy
00408c40   _readmsg
00408cc0   _unlink
00408d40   __fltif
00408da0   __llshru
00408e00   __remli
00408e60   __subcull
00408ec0   _c_int00
00408f20   _writemsg
00408f78   C$$IO$$
00408f80   ___isinf
00409000   __args_main
00409040   __frcmpyf_div
00409080   __negd
004090c0   __subd
00409100   __negll
00409120   __nop
00409180   C$$EXIT
00409180   _abort
004091a0   _remove
004091c0   _rewind
004091e0   _imresize
00409200   ___etext__
00409200   __ftable
00409200   etext
004093e0   __tmpnams
00409520   __ft_end
00409644   __cleanup_ptr
00409648   __dtors_ptr
0040964c   ___TI_enable_exit_profile_output
00409650   __lock
00409654   __unlock
00409668   __ctypes_
004097c0   _iFileName
004097d0   _oFileName
004097f0   _output_size
004097f8   ___cinit__
004097f8   cinit
00409950   __CIOBUF_
ffffffff   ___TI_pprof_out_hndl
ffffffff   ___TI_prof_data_size
ffffffff   ___TI_prof_data_start
ffffffff   ___binit__
ffffffff   ___c_args__
ffffffff   ___pinit__
ffffffff   binit
ffffffff   pinit

[123 symbols]
