<?xml version="1.0"?>
<link_info>
   <banner>TMS320C6x Linker PC v7.4.4</banner>
   <copyright>Copyright (c) 1996-2013 Texas Instruments Incorporated</copyright>
   <link_time>0x5fc3a6bc</link_time>
   <output_file>test.out</output_file>
   <entry_point>
      <name>_c_int00</name>
      <address>0x409b40</address>
   </entry_point>
   <input_file_list>
      <input_file id="fl-2">
         <path>.\</path>
         <kind>object</kind>
         <file>main.obj</file>
         <name>main.obj</name>
      </input_file>
      <input_file id="fl-7d">
         <path>C:\Program Files\ccsv5\tools\compiler\c6000_7.4.4\lib\</path>
         <kind>archive</kind>
         <file>rts6400.lib</file>
         <name>addf.obj</name>
      </input_file>
      <input_file id="fl-7e">
         <path>C:\Program Files\ccsv5\tools\compiler\c6000_7.4.4\lib\</path>
         <kind>archive</kind>
         <file>rts6400.lib</file>
         <name>boot.obj</name>
      </input_file>
      <input_file id="fl-7f">
         <path>C:\Program Files\ccsv5\tools\compiler\c6000_7.4.4\lib\</path>
         <kind>archive</kind>
         <file>rts6400.lib</file>
         <name>ceil.obj</name>
      </input_file>
      <input_file id="fl-80">
         <path>C:\Program Files\ccsv5\tools\compiler\c6000_7.4.4\lib\</path>
         <kind>archive</kind>
         <file>rts6400.lib</file>
         <name>cmpd.obj</name>
      </input_file>
      <input_file id="fl-81">
         <path>C:\Program Files\ccsv5\tools\compiler\c6000_7.4.4\lib\</path>
         <kind>archive</kind>
         <file>rts6400.lib</file>
         <name>cvtfd.obj</name>
      </input_file>
      <input_file id="fl-82">
         <path>C:\Program Files\ccsv5\tools\compiler\c6000_7.4.4\lib\</path>
         <kind>archive</kind>
         <file>rts6400.lib</file>
         <name>divf.obj</name>
      </input_file>
      <input_file id="fl-83">
         <path>C:\Program Files\ccsv5\tools\compiler\c6000_7.4.4\lib\</path>
         <kind>archive</kind>
         <file>rts6400.lib</file>
         <name>exit.obj</name>
      </input_file>
      <input_file id="fl-84">
         <path>C:\Program Files\ccsv5\tools\compiler\c6000_7.4.4\lib\</path>
         <kind>archive</kind>
         <file>rts6400.lib</file>
         <name>fclose.obj</name>
      </input_file>
      <input_file id="fl-85">
         <path>C:\Program Files\ccsv5\tools\compiler\c6000_7.4.4\lib\</path>
         <kind>archive</kind>
         <file>rts6400.lib</file>
         <name>fflush.obj</name>
      </input_file>
      <input_file id="fl-86">
         <path>C:\Program Files\ccsv5\tools\compiler\c6000_7.4.4\lib\</path>
         <kind>archive</kind>
         <file>rts6400.lib</file>
         <name>fixdi.obj</name>
      </input_file>
      <input_file id="fl-87">
         <path>C:\Program Files\ccsv5\tools\compiler\c6000_7.4.4\lib\</path>
         <kind>archive</kind>
         <file>rts6400.lib</file>
         <name>fixfu.obj</name>
      </input_file>
      <input_file id="fl-88">
         <path>C:\Program Files\ccsv5\tools\compiler\c6000_7.4.4\lib\</path>
         <kind>archive</kind>
         <file>rts6400.lib</file>
         <name>floor.obj</name>
      </input_file>
      <input_file id="fl-89">
         <path>C:\Program Files\ccsv5\tools\compiler\c6000_7.4.4\lib\</path>
         <kind>archive</kind>
         <file>rts6400.lib</file>
         <name>fltif.obj</name>
      </input_file>
      <input_file id="fl-8a">
         <path>C:\Program Files\ccsv5\tools\compiler\c6000_7.4.4\lib\</path>
         <kind>archive</kind>
         <file>rts6400.lib</file>
         <name>fltuf.obj</name>
      </input_file>
      <input_file id="fl-8b">
         <path>C:\Program Files\ccsv5\tools\compiler\c6000_7.4.4\lib\</path>
         <kind>archive</kind>
         <file>rts6400.lib</file>
         <name>fopen.obj</name>
      </input_file>
      <input_file id="fl-8c">
         <path>C:\Program Files\ccsv5\tools\compiler\c6000_7.4.4\lib\</path>
         <kind>archive</kind>
         <file>rts6400.lib</file>
         <name>frcmpyf_div.obj</name>
      </input_file>
      <input_file id="fl-8d">
         <path>C:\Program Files\ccsv5\tools\compiler\c6000_7.4.4\lib\</path>
         <kind>archive</kind>
         <file>rts6400.lib</file>
         <name>fread.obj</name>
      </input_file>
      <input_file id="fl-8e">
         <path>C:\Program Files\ccsv5\tools\compiler\c6000_7.4.4\lib\</path>
         <kind>archive</kind>
         <file>rts6400.lib</file>
         <name>fwrite.obj</name>
      </input_file>
      <input_file id="fl-8f">
         <path>C:\Program Files\ccsv5\tools\compiler\c6000_7.4.4\lib\</path>
         <kind>archive</kind>
         <file>rts6400.lib</file>
         <name>lowlev.obj</name>
      </input_file>
      <input_file id="fl-90">
         <path>C:\Program Files\ccsv5\tools\compiler\c6000_7.4.4\lib\</path>
         <kind>archive</kind>
         <file>rts6400.lib</file>
         <name>memcpy64.obj</name>
      </input_file>
      <input_file id="fl-91">
         <path>C:\Program Files\ccsv5\tools\compiler\c6000_7.4.4\lib\</path>
         <kind>archive</kind>
         <file>rts6400.lib</file>
         <name>memory.obj</name>
      </input_file>
      <input_file id="fl-92">
         <path>C:\Program Files\ccsv5\tools\compiler\c6000_7.4.4\lib\</path>
         <kind>archive</kind>
         <file>rts6400.lib</file>
         <name>memset.obj</name>
      </input_file>
      <input_file id="fl-93">
         <path>C:\Program Files\ccsv5\tools\compiler\c6000_7.4.4\lib\</path>
         <kind>archive</kind>
         <file>rts6400.lib</file>
         <name>modf.obj</name>
      </input_file>
      <input_file id="fl-94">
         <path>C:\Program Files\ccsv5\tools\compiler\c6000_7.4.4\lib\</path>
         <kind>archive</kind>
         <file>rts6400.lib</file>
         <name>mpyf.obj</name>
      </input_file>
      <input_file id="fl-95">
         <path>C:\Program Files\ccsv5\tools\compiler\c6000_7.4.4\lib\</path>
         <kind>archive</kind>
         <file>rts6400.lib</file>
         <name>printf.obj</name>
      </input_file>
      <input_file id="fl-96">
         <path>C:\Program Files\ccsv5\tools\compiler\c6000_7.4.4\lib\</path>
         <kind>archive</kind>
         <file>rts6400.lib</file>
         <name>remove.obj</name>
      </input_file>
      <input_file id="fl-97">
         <path>C:\Program Files\ccsv5\tools\compiler\c6000_7.4.4\lib\</path>
         <kind>archive</kind>
         <file>rts6400.lib</file>
         <name>rewind.obj</name>
      </input_file>
      <input_file id="fl-98">
         <path>C:\Program Files\ccsv5\tools\compiler\c6000_7.4.4\lib\</path>
         <kind>archive</kind>
         <file>rts6400.lib</file>
         <name>subd.obj</name>
      </input_file>
      <input_file id="fl-99">
         <path>C:\Program Files\ccsv5\tools\compiler\c6000_7.4.4\lib\</path>
         <kind>archive</kind>
         <file>rts6400.lib</file>
         <name>subf.obj</name>
      </input_file>
      <input_file id="fl-9a">
         <path>C:\Program Files\ccsv5\tools\compiler\c6000_7.4.4\lib\</path>
         <kind>archive</kind>
         <file>rts6400.lib</file>
         <name>trgdrv.obj</name>
      </input_file>
      <input_file id="fl-9b">
         <path>C:\Program Files\ccsv5\tools\compiler\c6000_7.4.4\lib\</path>
         <kind>archive</kind>
         <file>rts6400.lib</file>
         <name>trgmsg.obj</name>
      </input_file>
      <input_file id="fl-9c">
         <path>C:\Program Files\ccsv5\tools\compiler\c6000_7.4.4\lib\</path>
         <kind>archive</kind>
         <file>rts6400.lib</file>
         <name>_bufread.obj</name>
      </input_file>
      <input_file id="fl-9d">
         <path>C:\Program Files\ccsv5\tools\compiler\c6000_7.4.4\lib\</path>
         <kind>archive</kind>
         <file>rts6400.lib</file>
         <name>_io_perm.obj</name>
      </input_file>
      <input_file id="fl-9e">
         <path>C:\Program Files\ccsv5\tools\compiler\c6000_7.4.4\lib\</path>
         <kind>archive</kind>
         <file>rts6400.lib</file>
         <name>_lock.obj</name>
      </input_file>
      <input_file id="fl-9f">
         <path>C:\Program Files\ccsv5\tools\compiler\c6000_7.4.4\lib\</path>
         <kind>archive</kind>
         <file>rts6400.lib</file>
         <name>_printfi.obj</name>
      </input_file>
      <input_file id="fl-a0">
         <path>C:\Program Files\ccsv5\tools\compiler\c6000_7.4.4\lib\</path>
         <kind>archive</kind>
         <file>rts6400.lib</file>
         <name>addd.obj</name>
      </input_file>
      <input_file id="fl-a1">
         <path>C:\Program Files\ccsv5\tools\compiler\c6000_7.4.4\lib\</path>
         <kind>archive</kind>
         <file>rts6400.lib</file>
         <name>args_main.obj</name>
      </input_file>
      <input_file id="fl-a2">
         <path>C:\Program Files\ccsv5\tools\compiler\c6000_7.4.4\lib\</path>
         <kind>archive</kind>
         <file>rts6400.lib</file>
         <name>atoi.obj</name>
      </input_file>
      <input_file id="fl-a3">
         <path>C:\Program Files\ccsv5\tools\compiler\c6000_7.4.4\lib\</path>
         <kind>archive</kind>
         <file>rts6400.lib</file>
         <name>autoinit.obj</name>
      </input_file>
      <input_file id="fl-a4">
         <path>C:\Program Files\ccsv5\tools\compiler\c6000_7.4.4\lib\</path>
         <kind>archive</kind>
         <file>rts6400.lib</file>
         <name>cpp_init.obj</name>
      </input_file>
      <input_file id="fl-a5">
         <path>C:\Program Files\ccsv5\tools\compiler\c6000_7.4.4\lib\</path>
         <kind>archive</kind>
         <file>rts6400.lib</file>
         <name>cpy_tbl.obj</name>
      </input_file>
      <input_file id="fl-a6">
         <path>C:\Program Files\ccsv5\tools\compiler\c6000_7.4.4\lib\</path>
         <kind>archive</kind>
         <file>rts6400.lib</file>
         <name>ctype.obj</name>
      </input_file>
      <input_file id="fl-a7">
         <path>C:\Program Files\ccsv5\tools\compiler\c6000_7.4.4\lib\</path>
         <kind>archive</kind>
         <file>rts6400.lib</file>
         <name>defs.obj</name>
      </input_file>
      <input_file id="fl-a8">
         <path>C:\Program Files\ccsv5\tools\compiler\c6000_7.4.4\lib\</path>
         <kind>archive</kind>
         <file>rts6400.lib</file>
         <name>divd.obj</name>
      </input_file>
      <input_file id="fl-a9">
         <path>C:\Program Files\ccsv5\tools\compiler\c6000_7.4.4\lib\</path>
         <kind>archive</kind>
         <file>rts6400.lib</file>
         <name>divu.obj</name>
      </input_file>
      <input_file id="fl-aa">
         <path>C:\Program Files\ccsv5\tools\compiler\c6000_7.4.4\lib\</path>
         <kind>archive</kind>
         <file>rts6400.lib</file>
         <name>fixdli.obj</name>
      </input_file>
      <input_file id="fl-ab">
         <path>C:\Program Files\ccsv5\tools\compiler\c6000_7.4.4\lib\</path>
         <kind>archive</kind>
         <file>rts6400.lib</file>
         <name>fltlid.obj</name>
      </input_file>
      <input_file id="fl-ac">
         <path>C:\Program Files\ccsv5\tools\compiler\c6000_7.4.4\lib\</path>
         <kind>archive</kind>
         <file>rts6400.lib</file>
         <name>fputc.obj</name>
      </input_file>
      <input_file id="fl-ad">
         <path>C:\Program Files\ccsv5\tools\compiler\c6000_7.4.4\lib\</path>
         <kind>archive</kind>
         <file>rts6400.lib</file>
         <name>fputs.obj</name>
      </input_file>
      <input_file id="fl-ae">
         <path>C:\Program Files\ccsv5\tools\compiler\c6000_7.4.4\lib\</path>
         <kind>archive</kind>
         <file>rts6400.lib</file>
         <name>frcaddd.obj</name>
      </input_file>
      <input_file id="fl-af">
         <path>C:\Program Files\ccsv5\tools\compiler\c6000_7.4.4\lib\</path>
         <kind>archive</kind>
         <file>rts6400.lib</file>
         <name>frcmpyd_div.obj</name>
      </input_file>
      <input_file id="fl-b0">
         <path>C:\Program Files\ccsv5\tools\compiler\c6000_7.4.4\lib\</path>
         <kind>archive</kind>
         <file>rts6400.lib</file>
         <name>frcmpyf.obj</name>
      </input_file>
      <input_file id="fl-b1">
         <path>C:\Program Files\ccsv5\tools\compiler\c6000_7.4.4\lib\</path>
         <kind>archive</kind>
         <file>rts6400.lib</file>
         <name>fseek.obj</name>
      </input_file>
      <input_file id="fl-b2">
         <path>C:\Program Files\ccsv5\tools\compiler\c6000_7.4.4\lib\</path>
         <kind>archive</kind>
         <file>rts6400.lib</file>
         <name>imath40.obj</name>
      </input_file>
      <input_file id="fl-b3">
         <path>C:\Program Files\ccsv5\tools\compiler\c6000_7.4.4\lib\</path>
         <kind>archive</kind>
         <file>rts6400.lib</file>
         <name>imath64.obj</name>
      </input_file>
      <input_file id="fl-b4">
         <path>C:\Program Files\ccsv5\tools\compiler\c6000_7.4.4\lib\</path>
         <kind>archive</kind>
         <file>rts6400.lib</file>
         <name>isinf.obj</name>
      </input_file>
      <input_file id="fl-b5">
         <path>C:\Program Files\ccsv5\tools\compiler\c6000_7.4.4\lib\</path>
         <kind>archive</kind>
         <file>rts6400.lib</file>
         <name>llshift.obj</name>
      </input_file>
      <input_file id="fl-b6">
         <path>C:\Program Files\ccsv5\tools\compiler\c6000_7.4.4\lib\</path>
         <kind>archive</kind>
         <file>rts6400.lib</file>
         <name>ltoa.obj</name>
      </input_file>
      <input_file id="fl-b7">
         <path>C:\Program Files\ccsv5\tools\compiler\c6000_7.4.4\lib\</path>
         <kind>archive</kind>
         <file>rts6400.lib</file>
         <name>memccpy.obj</name>
      </input_file>
      <input_file id="fl-b8">
         <path>C:\Program Files\ccsv5\tools\compiler\c6000_7.4.4\lib\</path>
         <kind>archive</kind>
         <file>rts6400.lib</file>
         <name>mpyd.obj</name>
      </input_file>
      <input_file id="fl-b9">
         <path>C:\Program Files\ccsv5\tools\compiler\c6000_7.4.4\lib\</path>
         <kind>archive</kind>
         <file>rts6400.lib</file>
         <name>mpyll.obj</name>
      </input_file>
      <input_file id="fl-ba">
         <path>C:\Program Files\ccsv5\tools\compiler\c6000_7.4.4\lib\</path>
         <kind>archive</kind>
         <file>rts6400.lib</file>
         <name>negd.obj</name>
      </input_file>
      <input_file id="fl-bb">
         <path>C:\Program Files\ccsv5\tools\compiler\c6000_7.4.4\lib\</path>
         <kind>archive</kind>
         <file>rts6400.lib</file>
         <name>negll.obj</name>
      </input_file>
      <input_file id="fl-bc">
         <path>C:\Program Files\ccsv5\tools\compiler\c6000_7.4.4\lib\</path>
         <kind>archive</kind>
         <file>rts6400.lib</file>
         <name>renormd.obj</name>
      </input_file>
      <input_file id="fl-bd">
         <path>C:\Program Files\ccsv5\tools\compiler\c6000_7.4.4\lib\</path>
         <kind>archive</kind>
         <file>rts6400.lib</file>
         <name>setvbuf.obj</name>
      </input_file>
      <input_file id="fl-be">
         <path>C:\Program Files\ccsv5\tools\compiler\c6000_7.4.4\lib\</path>
         <kind>archive</kind>
         <file>rts6400.lib</file>
         <name>abs.obj</name>
      </input_file>
      <input_file id="fl-bf">
         <path>C:\Program Files\ccsv5\tools\compiler\c6000_7.4.4\lib\</path>
         <kind>archive</kind>
         <file>rts6400.lib</file>
         <name>frcmpyd.obj</name>
      </input_file>
   </input_file_list>
   <object_component_list>
      <object_component id="oc-104">
         <name>.text</name>
         <load_address>0x400000</load_address>
         <run_address>0x400000</run_address>
         <size>0x7c0</size>
         <input_file_ref idref="fl-2"/>
      </object_component>
      <object_component id="oc-153">
         <name>.text:__getarg_diouxp</name>
         <load_address>0x4007c0</load_address>
         <run_address>0x4007c0</run_address>
         <size>0x620</size>
         <input_file_ref idref="fl-9f"/>
      </object_component>
      <object_component id="oc-15c">
         <name>.text:__divd</name>
         <load_address>0x400de0</load_address>
         <run_address>0x400de0</run_address>
         <size>0x5c0</size>
         <input_file_ref idref="fl-a8"/>
      </object_component>
      <object_component id="oc-10f">
         <name>.text:_fwrite</name>
         <load_address>0x4013a0</load_address>
         <run_address>0x4013a0</run_address>
         <size>0x580</size>
         <input_file_ref idref="fl-8e"/>
      </object_component>
      <object_component id="oc-13b">
         <name>.text:__setfield</name>
         <load_address>0x401920</load_address>
         <run_address>0x401920</run_address>
         <size>0x4e0</size>
         <input_file_ref idref="fl-9f"/>
      </object_component>
      <object_component id="oc-125">
         <name>.text:__printfi</name>
         <load_address>0x401e00</load_address>
         <run_address>0x401e00</run_address>
         <size>0x4c0</size>
         <input_file_ref idref="fl-9f"/>
      </object_component>
      <object_component id="oc-138">
         <name>.text:_fputs</name>
         <load_address>0x4022c0</load_address>
         <run_address>0x4022c0</run_address>
         <size>0x420</size>
         <input_file_ref idref="fl-ad"/>
      </object_component>
      <object_component id="oc-159">
         <name>.text:_fcvt</name>
         <load_address>0x4026e0</load_address>
         <run_address>0x4026e0</run_address>
         <size>0x400</size>
         <input_file_ref idref="fl-9f"/>
      </object_component>
      <object_component id="oc-146">
         <name>.text:__pproc_fge</name>
         <load_address>0x402ae0</load_address>
         <run_address>0x402ae0</run_address>
         <size>0x3e0</size>
         <input_file_ref idref="fl-9f"/>
      </object_component>
      <object_component id="oc-156">
         <name>.text:_ecvt</name>
         <load_address>0x402ec0</load_address>
         <run_address>0x402ec0</run_address>
         <size>0x3c0</size>
         <input_file_ref idref="fl-9f"/>
      </object_component>
      <object_component id="oc-113">
         <name>.text:__divf</name>
         <load_address>0x403280</load_address>
         <run_address>0x403280</run_address>
         <size>0x3a0</size>
         <input_file_ref idref="fl-82"/>
      </object_component>
      <object_component id="oc-11b">
         <name>.text:__addf</name>
         <load_address>0x403620</load_address>
         <run_address>0x403620</run_address>
         <size>0x380</size>
         <input_file_ref idref="fl-7d"/>
      </object_component>
      <object_component id="oc-152">
         <name>.text:__pconv_e</name>
         <load_address>0x4039a0</load_address>
         <run_address>0x4039a0</run_address>
         <size>0x320</size>
         <input_file_ref idref="fl-9f"/>
      </object_component>
      <object_component id="oc-13a">
         <name>.text:__pproc_fwp</name>
         <load_address>0x403cc0</load_address>
         <run_address>0x403cc0</run_address>
         <size>0x300</size>
         <input_file_ref idref="fl-9f"/>
      </object_component>
      <object_component id="oc-10b">
         <name>.text:_fread</name>
         <load_address>0x403fc0</load_address>
         <run_address>0x403fc0</run_address>
         <size>0x300</size>
         <input_file_ref idref="fl-8d"/>
      </object_component>
      <object_component id="oc-140">
         <name>.text:_free</name>
         <load_address>0x4042c0</load_address>
         <run_address>0x4042c0</run_address>
         <size>0x2e0</size>
         <input_file_ref idref="fl-91"/>
      </object_component>
      <object_component id="oc-166">
         <name>.text:__divull</name>
         <load_address>0x4045a0</load_address>
         <run_address>0x4045a0</run_address>
         <size>0x2c0</size>
         <input_file_ref idref="fl-b3"/>
      </object_component>
      <object_component id="oc-147">
         <name>.text:__pproc_diouxp</name>
         <load_address>0x404860</load_address>
         <run_address>0x404860</run_address>
         <size>0x2a0</size>
         <input_file_ref idref="fl-9f"/>
      </object_component>
      <object_component id="oc-15b">
         <name>.text:__mpyd</name>
         <load_address>0x404b00</load_address>
         <run_address>0x404b00</run_address>
         <size>0x280</size>
         <input_file_ref idref="fl-b8"/>
      </object_component>
      <object_component id="oc-13f">
         <name>.text:__frcaddd</name>
         <load_address>0x404d80</load_address>
         <run_address>0x404d80</run_address>
         <size>0x260</size>
         <input_file_ref idref="fl-ae"/>
      </object_component>
      <object_component id="oc-13c">
         <name>.text:__pproc_str</name>
         <load_address>0x404fe0</load_address>
         <run_address>0x404fe0</run_address>
         <size>0x260</size>
         <input_file_ref idref="fl-9f"/>
      </object_component>
      <object_component id="oc-13d">
         <name>.text:_fputc</name>
         <load_address>0x405240</load_address>
         <run_address>0x405240</run_address>
         <size>0x260</size>
         <input_file_ref idref="fl-ac"/>
      </object_component>
      <object_component id="oc-133">
         <name>.text:__addd</name>
         <load_address>0x4054a0</load_address>
         <run_address>0x4054a0</run_address>
         <size>0x240</size>
         <input_file_ref idref="fl-a0"/>
      </object_component>
      <object_component id="oc-114">
         <name>.text:__mpyf</name>
         <load_address>0x4056e0</load_address>
         <run_address>0x4056e0</run_address>
         <size>0x240</size>
         <input_file_ref idref="fl-94"/>
      </object_component>
      <object_component id="oc-150">
         <name>.text:__pconv_g</name>
         <load_address>0x405920</load_address>
         <run_address>0x405920</run_address>
         <size>0x240</size>
         <input_file_ref idref="fl-9f"/>
      </object_component>
      <object_component id="oc-137">
         <name>.text:_setvbuf</name>
         <load_address>0x405b60</load_address>
         <run_address>0x405b60</run_address>
         <size>0x240</size>
         <input_file_ref idref="fl-bd"/>
      </object_component>
      <object_component id="oc-ff">
         <name>.text:_HOSTrename</name>
         <load_address>0x405da0</load_address>
         <run_address>0x405da0</run_address>
         <size>0x200</size>
         <input_file_ref idref="fl-9a"/>
      </object_component>
      <object_component id="oc-158">
         <name>.text:__mcpy</name>
         <load_address>0x405fa0</load_address>
         <run_address>0x405fa0</run_address>
         <size>0x200</size>
         <input_file_ref idref="fl-9f"/>
      </object_component>
      <object_component id="oc-11f">
         <name>.text:__openfile</name>
         <load_address>0x4061a0</load_address>
         <run_address>0x4061a0</run_address>
         <size>0x1e0</size>
         <input_file_ref idref="fl-8b"/>
      </object_component>
      <object_component id="oc-110">
         <name>.text:_malloc</name>
         <load_address>0x406380</load_address>
         <run_address>0x406380</run_address>
         <size>0x1c0</size>
         <input_file_ref idref="fl-91"/>
      </object_component>
      <object_component id="oc-136">
         <name>.text:_open</name>
         <load_address>0x406540</load_address>
         <run_address>0x406540</run_address>
         <size>0x1c0</size>
         <input_file_ref idref="fl-8f"/>
      </object_component>
      <object_component id="oc-165">
         <name>.text:__divul</name>
         <load_address>0x406700</load_address>
         <run_address>0x406700</run_address>
         <size>0x1a0</size>
         <input_file_ref idref="fl-b2"/>
      </object_component>
      <object_component id="oc-127">
         <name>.text:_fseek</name>
         <load_address>0x4068a0</load_address>
         <run_address>0x4068a0</run_address>
         <size>0x180</size>
         <input_file_ref idref="fl-b1"/>
      </object_component>
      <object_component id="oc-144">
         <name>.text:_getdevice</name>
         <load_address>0x406a20</load_address>
         <run_address>0x406a20</run_address>
         <size>0x180</size>
         <input_file_ref idref="fl-8f"/>
      </object_component>
      <object_component id="oc-155">
         <name>.text:__ltostr</name>
         <load_address>0x406ba0</load_address>
         <run_address>0x406ba0</run_address>
         <size>0x160</size>
         <input_file_ref idref="fl-9f"/>
      </object_component>
      <object_component id="oc-139">
         <name>.text:__pproc_fflags</name>
         <load_address>0x406d00</load_address>
         <run_address>0x406d00</run_address>
         <size>0x160</size>
         <input_file_ref idref="fl-9f"/>
      </object_component>
      <object_component id="oc-134">
         <name>.text:__closefile</name>
         <load_address>0x406e60</load_address>
         <run_address>0x406e60</run_address>
         <size>0x140</size>
         <input_file_ref idref="fl-84"/>
      </object_component>
      <object_component id="oc-11e">
         <name>.text:__search_fp</name>
         <load_address>0x406fa0</load_address>
         <run_address>0x406fa0</run_address>
         <size>0x140</size>
         <input_file_ref idref="fl-8b"/>
      </object_component>
      <object_component id="oc-fd">
         <name>.text:_HOSTlseek</name>
         <load_address>0x4070e0</load_address>
         <run_address>0x4070e0</run_address>
         <size>0x120</size>
         <input_file_ref idref="fl-9a"/>
      </object_component>
      <object_component id="oc-121">
         <name>.text:__buff_read</name>
         <load_address>0x407200</load_address>
         <run_address>0x407200</run_address>
         <size>0x120</size>
         <input_file_ref idref="fl-9c"/>
      </object_component>
      <object_component id="oc-162">
         <name>.text:__frcmpyd</name>
         <load_address>0x407320</load_address>
         <run_address>0x407320</run_address>
         <size>0x120</size>
         <input_file_ref idref="fl-bf"/>
      </object_component>
      <object_component id="oc-128">
         <name>.text:__wrt_ok</name>
         <load_address>0x407440</load_address>
         <run_address>0x407440</run_address>
         <size>0x120</size>
         <input_file_ref idref="fl-9d"/>
      </object_component>
      <object_component id="oc-145">
         <name>.text:_atoi</name>
         <load_address>0x407560</load_address>
         <run_address>0x407560</run_address>
         <size>0x120</size>
         <input_file_ref idref="fl-a2"/>
      </object_component>
      <object_component id="oc-f9">
         <name>.text:_HOSTopen</name>
         <load_address>0x407680</load_address>
         <run_address>0x407680</run_address>
         <size>0x100</size>
         <input_file_ref idref="fl-9a"/>
      </object_component>
      <object_component id="oc-fb">
         <name>.text:_HOSTread</name>
         <load_address>0x407780</load_address>
         <run_address>0x407780</run_address>
         <size>0x100</size>
         <input_file_ref idref="fl-9a"/>
      </object_component>
      <object_component id="oc-fc">
         <name>.text:_HOSTwrite</name>
         <load_address>0x407880</load_address>
         <run_address>0x407880</run_address>
         <size>0x100</size>
         <input_file_ref idref="fl-9a"/>
      </object_component>
      <object_component id="oc-164">
         <name>.text:__frcmpyd_div</name>
         <load_address>0x407980</load_address>
         <run_address>0x407980</run_address>
         <size>0x100</size>
         <input_file_ref idref="fl-af"/>
      </object_component>
      <object_component id="oc-141">
         <name>.text:_close</name>
         <load_address>0x407a80</load_address>
         <run_address>0x407a80</run_address>
         <size>0x100</size>
         <input_file_ref idref="fl-8f"/>
      </object_component>
      <object_component id="oc-160">
         <name>.text:_ltoa</name>
         <load_address>0x407b80</load_address>
         <run_address>0x407b80</run_address>
         <size>0x100</size>
         <input_file_ref idref="fl-b6"/>
      </object_component>
      <object_component id="oc-111">
         <name>.text:_memset</name>
         <load_address>0x407c80</load_address>
         <run_address>0x407c80</run_address>
         <size>0x100</size>
         <input_file_ref idref="fl-92"/>
      </object_component>
      <object_component id="oc-fe">
         <name>.text:_HOSTunlink</name>
         <load_address>0x407d80</load_address>
         <run_address>0x407d80</run_address>
         <size>0xe0</size>
         <input_file_ref idref="fl-9a"/>
      </object_component>
      <object_component id="oc-f6">
         <name>.text:__auto_init</name>
         <load_address>0x407e60</load_address>
         <run_address>0x407e60</run_address>
         <size>0xe0</size>
         <input_file_ref idref="fl-a3"/>
      </object_component>
      <object_component id="oc-131">
         <name>.text:__cmpd</name>
         <load_address>0x407f40</load_address>
         <run_address>0x407f40</run_address>
         <size>0xe0</size>
         <input_file_ref idref="fl-80"/>
      </object_component>
      <object_component id="oc-15d">
         <name>.text:__div</name>
         <load_address>0x408020</load_address>
         <run_address>0x408020</run_address>
         <size>0xe0</size>
         <input_file_ref idref="fl-9f"/>
      </object_component>
      <object_component id="oc-129">
         <name>.text:__doflush</name>
         <load_address>0x408100</load_address>
         <run_address>0x408100</run_address>
         <size>0xe0</size>
         <input_file_ref idref="fl-85"/>
      </object_component>
      <object_component id="oc-151">
         <name>.text:__pconv_f</name>
         <load_address>0x4081e0</load_address>
         <run_address>0x4081e0</run_address>
         <size>0xe0</size>
         <input_file_ref idref="fl-9f"/>
      </object_component>
      <object_component id="oc-102">
         <name>.text:_memcpy</name>
         <load_address>0x4082c0</load_address>
         <run_address>0x4082c0</run_address>
         <size>0xe0</size>
         <input_file_ref idref="fl-90"/>
      </object_component>
      <object_component id="oc-130">
         <name>.text:_modf</name>
         <load_address>0x4083a0</load_address>
         <run_address>0x4083a0</run_address>
         <size>0xe0</size>
         <input_file_ref idref="fl-93"/>
      </object_component>
      <object_component id="oc-12b">
         <name>.text:_mremove</name>
         <load_address>0x408480</load_address>
         <run_address>0x408480</run_address>
         <size>0xe0</size>
         <input_file_ref idref="fl-91"/>
      </object_component>
      <object_component id="oc-10c">
         <name>.text:_printf</name>
         <load_address>0x408560</load_address>
         <run_address>0x408560</run_address>
         <size>0xe0</size>
         <input_file_ref idref="fl-95"/>
      </object_component>
      <object_component id="oc-fa">
         <name>.text:_HOSTclose</name>
         <load_address>0x408640</load_address>
         <run_address>0x408640</run_address>
         <size>0xc0</size>
         <input_file_ref idref="fl-9a"/>
      </object_component>
      <object_component id="oc-135">
         <name>.text:__cleanup</name>
         <load_address>0x408700</load_address>
         <run_address>0x408700</run_address>
         <size>0xc0</size>
         <input_file_ref idref="fl-8b"/>
      </object_component>
      <object_component id="oc-122">
         <name>.text:__divu</name>
         <load_address>0x4087c0</load_address>
         <run_address>0x4087c0</run_address>
         <size>0xc0</size>
         <input_file_ref idref="fl-a9"/>
      </object_component>
      <object_component id="oc-157">
         <name>.text:__ecpy</name>
         <load_address>0x408880</load_address>
         <run_address>0x408880</run_address>
         <size>0xc0</size>
         <input_file_ref idref="fl-9f"/>
      </object_component>
      <object_component id="oc-15a">
         <name>.text:__fcpy</name>
         <load_address>0x408940</load_address>
         <run_address>0x408940</run_address>
         <size>0xc0</size>
         <input_file_ref idref="fl-9f"/>
      </object_component>
      <object_component id="oc-120">
         <name>.text:__rd_ok</name>
         <load_address>0x408a00</load_address>
         <run_address>0x408a00</run_address>
         <size>0xc0</size>
         <input_file_ref idref="fl-9d"/>
      </object_component>
      <object_component id="oc-f8">
         <name>.text:_exit</name>
         <load_address>0x408ac0</load_address>
         <run_address>0x408ac0</run_address>
         <size>0xc0</size>
         <input_file_ref idref="fl-83"/>
      </object_component>
      <object_component id="oc-13e">
         <name>.text:_lseek</name>
         <load_address>0x408b80</load_address>
         <run_address>0x408b80</run_address>
         <size>0xc0</size>
         <input_file_ref idref="fl-8f"/>
      </object_component>
      <object_component id="oc-12c">
         <name>.text:_minsert</name>
         <load_address>0x408c40</load_address>
         <run_address>0x408c40</run_address>
         <size>0xc0</size>
         <input_file_ref idref="fl-91"/>
      </object_component>
      <object_component id="oc-123">
         <name>.text:_read</name>
         <load_address>0x408d00</load_address>
         <run_address>0x408d00</run_address>
         <size>0xc0</size>
         <input_file_ref idref="fl-8f"/>
      </object_component>
      <object_component id="oc-12a">
         <name>.text:_write</name>
         <load_address>0x408dc0</load_address>
         <run_address>0x408dc0</run_address>
         <size>0xc0</size>
         <input_file_ref idref="fl-8f"/>
      </object_component>
      <object_component id="oc-168">
         <name>.text:__divli</name>
         <load_address>0x408e80</load_address>
         <run_address>0x408e80</run_address>
         <size>0xa0</size>
         <input_file_ref idref="fl-b2"/>
      </object_component>
      <object_component id="oc-117">
         <name>.text:__fixdi</name>
         <load_address>0x408f20</load_address>
         <run_address>0x408f20</run_address>
         <size>0xa0</size>
         <input_file_ref idref="fl-86"/>
      </object_component>
      <object_component id="oc-15f">
         <name>.text:__fixdli</name>
         <load_address>0x408fc0</load_address>
         <run_address>0x408fc0</run_address>
         <size>0xa0</size>
         <input_file_ref idref="fl-aa"/>
      </object_component>
      <object_component id="oc-11c">
         <name>.text:__fixfu</name>
         <load_address>0x409060</load_address>
         <run_address>0x409060</run_address>
         <size>0xa0</size>
         <input_file_ref idref="fl-87"/>
      </object_component>
      <object_component id="oc-149">
         <name>.text:__renormd</name>
         <load_address>0x409100</load_address>
         <run_address>0x409100</run_address>
         <size>0xa0</size>
         <input_file_ref idref="fl-bc"/>
      </object_component>
      <object_component id="oc-101">
         <name>.text:_copy_in</name>
         <load_address>0x4091a0</load_address>
         <run_address>0x4091a0</run_address>
         <size>0xa0</size>
         <input_file_ref idref="fl-a5"/>
      </object_component>
      <object_component id="oc-14b">
         <name>.text:_finddevice</name>
         <load_address>0x409240</load_address>
         <run_address>0x409240</run_address>
         <size>0xa0</size>
         <input_file_ref idref="fl-8f"/>
      </object_component>
      <object_component id="oc-143">
         <name>.text:_tabinit</name>
         <load_address>0x4092e0</load_address>
         <run_address>0x4092e0</run_address>
         <size>0xa0</size>
         <input_file_ref idref="fl-8f"/>
      </object_component>
      <object_component id="oc-103">
         <name>.text:___TI_cpp_init</name>
         <load_address>0x409380</load_address>
         <run_address>0x409380</run_address>
         <size>0x80</size>
         <input_file_ref idref="fl-a4"/>
      </object_component>
      <object_component id="oc-161">
         <name>.text:__fltlid</name>
         <load_address>0x409400</load_address>
         <run_address>0x409400</run_address>
         <size>0x80</size>
         <input_file_ref idref="fl-ab"/>
      </object_component>
      <object_component id="oc-169">
         <name>.text:__llshl</name>
         <load_address>0x409480</load_address>
         <run_address>0x409480</run_address>
         <size>0x80</size>
         <input_file_ref idref="fl-b5"/>
      </object_component>
      <object_component id="oc-15e">
         <name>.text:__mpyll</name>
         <load_address>0x409500</load_address>
         <run_address>0x409500</run_address>
         <size>0x80</size>
         <input_file_ref idref="fl-b9"/>
      </object_component>
      <object_component id="oc-118">
         <name>.text:_ceil</name>
         <load_address>0x409580</load_address>
         <run_address>0x409580</run_address>
         <size>0x80</size>
         <input_file_ref idref="fl-7f"/>
      </object_component>
      <object_component id="oc-11d">
         <name>.text:_fclose</name>
         <load_address>0x409600</load_address>
         <run_address>0x409600</run_address>
         <size>0x80</size>
         <input_file_ref idref="fl-84"/>
      </object_component>
      <object_component id="oc-116">
         <name>.text:_floor</name>
         <load_address>0x409680</load_address>
         <run_address>0x409680</run_address>
         <size>0x80</size>
         <input_file_ref idref="fl-88"/>
      </object_component>
      <object_component id="oc-108">
         <name>.text:_fopen</name>
         <load_address>0x409700</load_address>
         <run_address>0x409700</run_address>
         <size>0x80</size>
         <input_file_ref idref="fl-8b"/>
      </object_component>
      <object_component id="oc-148">
         <name>.text:_memccpy</name>
         <load_address>0x409780</load_address>
         <run_address>0x409780</run_address>
         <size>0x80</size>
         <input_file_ref idref="fl-b7"/>
      </object_component>
      <object_component id="oc-107">
         <name>.text:_readmsg</name>
         <load_address>0x409800</load_address>
         <run_address>0x409800</run_address>
         <size>0x80</size>
         <input_file_ref idref="fl-9b"/>
      </object_component>
      <object_component id="oc-14a">
         <name>.text:_unlink</name>
         <load_address>0x409880</load_address>
         <run_address>0x409880</run_address>
         <size>0x80</size>
         <input_file_ref idref="fl-8f"/>
      </object_component>
      <object_component id="oc-115">
         <name>.text:__cvtfd</name>
         <load_address>0x409900</load_address>
         <run_address>0x409900</run_address>
         <size>0x60</size>
         <input_file_ref idref="fl-81"/>
      </object_component>
      <object_component id="oc-112">
         <name>.text:__fltif</name>
         <load_address>0x409960</load_address>
         <run_address>0x409960</run_address>
         <size>0x60</size>
         <input_file_ref idref="fl-89"/>
      </object_component>
      <object_component id="oc-12f">
         <name>.text:__frcmpyf</name>
         <load_address>0x4099c0</load_address>
         <run_address>0x4099c0</run_address>
         <size>0x60</size>
         <input_file_ref idref="fl-b0"/>
      </object_component>
      <object_component id="oc-16b">
         <name>.text:__llshru</name>
         <load_address>0x409a20</load_address>
         <run_address>0x409a20</run_address>
         <size>0x60</size>
         <input_file_ref idref="fl-b5"/>
      </object_component>
      <object_component id="oc-167">
         <name>.text:__remli</name>
         <load_address>0x409a80</load_address>
         <run_address>0x409a80</run_address>
         <size>0x60</size>
         <input_file_ref idref="fl-b2"/>
      </object_component>
      <object_component id="oc-16a">
         <name>.text:__subcull</name>
         <load_address>0x409ae0</load_address>
         <run_address>0x409ae0</run_address>
         <size>0x60</size>
         <input_file_ref idref="fl-b3"/>
      </object_component>
      <object_component id="oc-17">
         <name>.text:_c_int00</name>
         <load_address>0x409b40</load_address>
         <run_address>0x409b40</run_address>
         <size>0x60</size>
         <input_file_ref idref="fl-7e"/>
      </object_component>
      <object_component id="oc-106">
         <name>.text:_writemsg</name>
         <load_address>0x409ba0</load_address>
         <run_address>0x409ba0</run_address>
         <size>0x60</size>
         <input_file_ref idref="fl-9b"/>
      </object_component>
      <object_component id="oc-14e">
         <name>.text:___isinf</name>
         <load_address>0x409c00</load_address>
         <run_address>0x409c00</run_address>
         <size>0x40</size>
         <input_file_ref idref="fl-b4"/>
      </object_component>
      <object_component id="oc-14d">
         <name>.text:___isnan</name>
         <load_address>0x409c40</load_address>
         <run_address>0x409c40</run_address>
         <size>0x40</size>
         <input_file_ref idref="fl-9f"/>
      </object_component>
      <object_component id="oc-f7">
         <name>.text:__args_main</name>
         <load_address>0x409c80</load_address>
         <run_address>0x409c80</run_address>
         <size>0x40</size>
         <input_file_ref idref="fl-a1"/>
      </object_component>
      <object_component id="oc-119">
         <name>.text:__fltuf</name>
         <load_address>0x409cc0</load_address>
         <run_address>0x409cc0</run_address>
         <size>0x40</size>
         <input_file_ref idref="fl-8a"/>
      </object_component>
      <object_component id="oc-12e">
         <name>.text:__frcmpyf_div</name>
         <load_address>0x409d00</load_address>
         <run_address>0x409d00</run_address>
         <size>0x40</size>
         <input_file_ref idref="fl-8c"/>
      </object_component>
      <object_component id="oc-14f">
         <name>.text:__negd</name>
         <load_address>0x409d40</load_address>
         <run_address>0x409d40</run_address>
         <size>0x40</size>
         <input_file_ref idref="fl-ba"/>
      </object_component>
      <object_component id="oc-132">
         <name>.text:__subd</name>
         <load_address>0x409d80</load_address>
         <run_address>0x409d80</run_address>
         <size>0x40</size>
         <input_file_ref idref="fl-98"/>
      </object_component>
      <object_component id="oc-11a">
         <name>.text:__subf</name>
         <load_address>0x409dc0</load_address>
         <run_address>0x409dc0</run_address>
         <size>0x40</size>
         <input_file_ref idref="fl-99"/>
      </object_component>
      <object_component id="oc-154">
         <name>.text:__negll</name>
         <load_address>0x409e00</load_address>
         <run_address>0x409e00</run_address>
         <size>0x20</size>
         <input_file_ref idref="fl-bb"/>
      </object_component>
      <object_component id="oc-100">
         <name>.text:__nop</name>
         <load_address>0x409e20</load_address>
         <run_address>0x409e20</run_address>
         <size>0x20</size>
         <input_file_ref idref="fl-9e"/>
      </object_component>
      <object_component id="oc-126">
         <name>.text:__outc</name>
         <load_address>0x409e40</load_address>
         <run_address>0x409e40</run_address>
         <size>0x20</size>
         <input_file_ref idref="fl-95"/>
      </object_component>
      <object_component id="oc-124">
         <name>.text:__outs</name>
         <load_address>0x409e60</load_address>
         <run_address>0x409e60</run_address>
         <size>0x20</size>
         <input_file_ref idref="fl-95"/>
      </object_component>
      <object_component id="oc-105">
         <name>.text:_abort</name>
         <load_address>0x409e80</load_address>
         <run_address>0x409e80</run_address>
         <size>0x20</size>
         <input_file_ref idref="fl-83"/>
      </object_component>
      <object_component id="oc-142">
         <name>.text:_remove</name>
         <load_address>0x409ea0</load_address>
         <run_address>0x409ea0</run_address>
         <size>0x20</size>
         <input_file_ref idref="fl-96"/>
      </object_component>
      <object_component id="oc-10d">
         <name>.text:_rewind</name>
         <load_address>0x409ec0</load_address>
         <run_address>0x409ec0</run_address>
         <size>0x20</size>
         <input_file_ref idref="fl-97"/>
      </object_component>
      <object_component id="oc-21">
         <name>.stack</name>
         <uninitialized>true</uninitialized>
         <run_address>0x0</run_address>
         <size>0x8</size>
         <input_file_ref idref="fl-7e"/>
      </object_component>
      <object_component id="oc-18a">
         <name>.stack</name>
         <uninitialized>true</uninitialized>
         <run_address>0x0</run_address>
         <size>0x0</size>
      </object_component>
      <object_component id="oc-83">
         <name>.cio</name>
         <uninitialized>true</uninitialized>
         <run_address>0x40a630</run_address>
         <size>0x120</size>
         <input_file_ref idref="fl-9b"/>
      </object_component>
      <object_component id="oc-14c">
         <name>.const:.string:__ctypes_</name>
         <load_address>0x40a348</load_address>
         <run_address>0x40a348</run_address>
         <size>0x101</size>
         <input_file_ref idref="fl-a6"/>
      </object_component>
      <object_component id="oc-bd">
         <name>.const:.string</name>
         <load_address>0x40a449</load_address>
         <run_address>0x40a449</run_address>
         <size>0x2</size>
         <input_file_ref idref="fl-ad"/>
      </object_component>
      <object_component id="oc-19">
         <name>.const:.string</name>
         <load_address>0x40a44c</load_address>
         <run_address>0x40a44c</run_address>
         <size>0x30</size>
         <input_file_ref idref="fl-2"/>
      </object_component>
      <object_component id="oc-92">
         <name>.const:.string</name>
         <load_address>0x40a47c</load_address>
         <run_address>0x40a47c</run_address>
         <size>0x23</size>
         <input_file_ref idref="fl-9f"/>
      </object_component>
      <object_component id="oc-109">
         <name>.const:.string:_iFileName</name>
         <load_address>0x40a4a0</load_address>
         <run_address>0x40a4a0</run_address>
         <size>0xc</size>
         <input_file_ref idref="fl-2"/>
      </object_component>
      <object_component id="oc-10a">
         <name>.const:.string:_oFileName</name>
         <load_address>0x40a4b0</load_address>
         <run_address>0x40a4b0</run_address>
         <size>0xb</size>
         <input_file_ref idref="fl-2"/>
      </object_component>
      <object_component id="oc-163">
         <name>.const:.string:_initial_approx$1</name>
         <load_address>0x40a4c0</load_address>
         <run_address>0x40a4c0</run_address>
         <size>0x8</size>
         <input_file_ref idref="fl-a8"/>
      </object_component>
      <object_component id="oc-12d">
         <name>.const:.string:_initial_approx$1</name>
         <load_address>0x40a4c8</load_address>
         <run_address>0x40a4c8</run_address>
         <size>0x8</size>
         <input_file_ref idref="fl-82"/>
      </object_component>
      <object_component id="oc-10e">
         <name>.const:_output_size</name>
         <load_address>0x40a4d0</load_address>
         <run_address>0x40a4d0</run_address>
         <size>0x8</size>
         <input_file_ref idref="fl-2"/>
      </object_component>
      <object_component id="oc-63">
         <name>.sysmem</name>
         <uninitialized>true</uninitialized>
         <run_address>0x200000</run_address>
         <size>0x8</size>
         <input_file_ref idref="fl-91"/>
      </object_component>
      <object_component id="oc-18b">
         <name>.sysmem</name>
         <uninitialized>true</uninitialized>
         <run_address>0x200000</run_address>
         <size>0x0</size>
      </object_component>
      <object_component id="oc-32">
         <name>.far</name>
         <uninitialized>true</uninitialized>
         <run_address>0x40a324</run_address>
         <size>0xc</size>
         <input_file_ref idref="fl-83"/>
      </object_component>
      <object_component id="oc-4c">
         <name>.far</name>
         <uninitialized>true</uninitialized>
         <run_address>0x40a204</run_address>
         <size>0x4</size>
         <input_file_ref idref="fl-8b"/>
      </object_component>
      <object_component id="oc-5a">
         <name>.far</name>
         <uninitialized>true</uninitialized>
         <run_address>0x40a208</run_address>
         <size>0x11c</size>
         <input_file_ref idref="fl-8f"/>
      </object_component>
      <object_component id="oc-62">
         <name>.far</name>
         <uninitialized>true</uninitialized>
         <run_address>0x40a338</run_address>
         <size>0x8</size>
         <input_file_ref idref="fl-91"/>
      </object_component>
      <object_component id="oc-7f">
         <name>.far</name>
         <uninitialized>true</uninitialized>
         <run_address>0x40a340</run_address>
         <size>0x8</size>
         <input_file_ref idref="fl-9a"/>
      </object_component>
      <object_component id="oc-8e">
         <name>.far</name>
         <uninitialized>true</uninitialized>
         <run_address>0x40a330</run_address>
         <size>0x8</size>
         <input_file_ref idref="fl-9e"/>
      </object_component>
      <object_component id="oc-ab">
         <name>.far</name>
         <uninitialized>true</uninitialized>
         <run_address>0x409ee0</run_address>
         <size>0x324</size>
         <input_file_ref idref="fl-a7"/>
      </object_component>
      <object_component id="oc-aa">
         <name>.cinit</name>
         <load_address>0x40a4d8</load_address>
         <run_address>0x40a4d8</run_address>
         <size>0x5c</size>
         <input_file_ref idref="fl-a7"/>
      </object_component>
      <object_component id="oc-59">
         <name>.cinit</name>
         <load_address>0x40a538</load_address>
         <run_address>0x40a538</run_address>
         <size>0x5c</size>
         <input_file_ref idref="fl-8f"/>
      </object_component>
      <object_component id="oc-31">
         <name>.cinit</name>
         <load_address>0x40a598</load_address>
         <run_address>0x40a598</run_address>
         <size>0x2c</size>
         <input_file_ref idref="fl-83"/>
      </object_component>
      <object_component id="oc-61">
         <name>.cinit</name>
         <load_address>0x40a5c8</load_address>
         <run_address>0x40a5c8</run_address>
         <size>0x2c</size>
         <input_file_ref idref="fl-91"/>
      </object_component>
      <object_component id="oc-8d">
         <name>.cinit</name>
         <load_address>0x40a5f8</load_address>
         <run_address>0x40a5f8</run_address>
         <size>0x1c</size>
         <input_file_ref idref="fl-9e"/>
      </object_component>
      <object_component id="oc-4b">
         <name>.cinit</name>
         <load_address>0x40a618</load_address>
         <run_address>0x40a618</run_address>
         <size>0xc</size>
         <input_file_ref idref="fl-8b"/>
      </object_component>
      <object_component id="oc-18">
         <name>.debug_info</name>
         <load_address>0x0</load_address>
         <run_address>0x0</run_address>
         <size>0x1204</size>
         <input_file_ref idref="fl-2"/>
      </object_component>
      <object_component id="oc-1d">
         <name>.debug_info</name>
         <load_address>0x1204</load_address>
         <run_address>0x1204</run_address>
         <size>0x6b1</size>
         <input_file_ref idref="fl-7d"/>
      </object_component>
      <object_component id="oc-20">
         <name>.debug_info</name>
         <load_address>0x18b5</load_address>
         <run_address>0x18b5</run_address>
         <size>0x6f5</size>
         <input_file_ref idref="fl-7e"/>
      </object_component>
      <object_component id="oc-24">
         <name>.debug_info</name>
         <load_address>0x1faa</load_address>
         <run_address>0x1faa</run_address>
         <size>0x64e</size>
         <input_file_ref idref="fl-7f"/>
      </object_component>
      <object_component id="oc-27">
         <name>.debug_info</name>
         <load_address>0x25f8</load_address>
         <run_address>0x25f8</run_address>
         <size>0x68f</size>
         <input_file_ref idref="fl-80"/>
      </object_component>
      <object_component id="oc-2a">
         <name>.debug_info</name>
         <load_address>0x2c87</load_address>
         <run_address>0x2c87</run_address>
         <size>0x688</size>
         <input_file_ref idref="fl-81"/>
      </object_component>
      <object_component id="oc-2d">
         <name>.debug_info</name>
         <load_address>0x330f</load_address>
         <run_address>0x330f</run_address>
         <size>0x993</size>
         <input_file_ref idref="fl-82"/>
      </object_component>
      <object_component id="oc-30">
         <name>.debug_info</name>
         <load_address>0x3ca2</load_address>
         <run_address>0x3ca2</run_address>
         <size>0x7c2</size>
         <input_file_ref idref="fl-83"/>
      </object_component>
      <object_component id="oc-35">
         <name>.debug_info</name>
         <load_address>0x4464</load_address>
         <run_address>0x4464</run_address>
         <size>0x86a</size>
         <input_file_ref idref="fl-84"/>
      </object_component>
      <object_component id="oc-38">
         <name>.debug_info</name>
         <load_address>0x4cce</load_address>
         <run_address>0x4cce</run_address>
         <size>0x76b</size>
         <input_file_ref idref="fl-85"/>
      </object_component>
      <object_component id="oc-3b">
         <name>.debug_info</name>
         <load_address>0x5439</load_address>
         <run_address>0x5439</run_address>
         <size>0x67e</size>
         <input_file_ref idref="fl-86"/>
      </object_component>
      <object_component id="oc-3e">
         <name>.debug_info</name>
         <load_address>0x5ab7</load_address>
         <run_address>0x5ab7</run_address>
         <size>0x630</size>
         <input_file_ref idref="fl-87"/>
      </object_component>
      <object_component id="oc-41">
         <name>.debug_info</name>
         <load_address>0x60e7</load_address>
         <run_address>0x60e7</run_address>
         <size>0x653</size>
         <input_file_ref idref="fl-88"/>
      </object_component>
      <object_component id="oc-44">
         <name>.debug_info</name>
         <load_address>0x673a</load_address>
         <run_address>0x673a</run_address>
         <size>0x649</size>
         <input_file_ref idref="fl-89"/>
      </object_component>
      <object_component id="oc-47">
         <name>.debug_info</name>
         <load_address>0x6d83</load_address>
         <run_address>0x6d83</run_address>
         <size>0x649</size>
         <input_file_ref idref="fl-8a"/>
      </object_component>
      <object_component id="oc-4a">
         <name>.debug_info</name>
         <load_address>0x73cc</load_address>
         <run_address>0x73cc</run_address>
         <size>0xa95</size>
         <input_file_ref idref="fl-8b"/>
      </object_component>
      <object_component id="oc-4f">
         <name>.debug_info</name>
         <load_address>0x7e61</load_address>
         <run_address>0x7e61</run_address>
         <size>0x656</size>
         <input_file_ref idref="fl-8c"/>
      </object_component>
      <object_component id="oc-52">
         <name>.debug_info</name>
         <load_address>0x84b7</load_address>
         <run_address>0x84b7</run_address>
         <size>0x931</size>
         <input_file_ref idref="fl-8d"/>
      </object_component>
      <object_component id="oc-55">
         <name>.debug_info</name>
         <load_address>0x8de8</load_address>
         <run_address>0x8de8</run_address>
         <size>0xac9</size>
         <input_file_ref idref="fl-8e"/>
      </object_component>
      <object_component id="oc-58">
         <name>.debug_info</name>
         <load_address>0x98b1</load_address>
         <run_address>0x98b1</run_address>
         <size>0x10c7</size>
         <input_file_ref idref="fl-8f"/>
      </object_component>
      <object_component id="oc-5d">
         <name>.debug_info</name>
         <load_address>0xa978</load_address>
         <run_address>0xa978</run_address>
         <size>0xcb</size>
         <input_file_ref idref="fl-90"/>
      </object_component>
      <object_component id="oc-60">
         <name>.debug_info</name>
         <load_address>0xaa43</load_address>
         <run_address>0xaa43</run_address>
         <size>0xac2</size>
         <input_file_ref idref="fl-91"/>
      </object_component>
      <object_component id="oc-66">
         <name>.debug_info</name>
         <load_address>0xb505</load_address>
         <run_address>0xb505</run_address>
         <size>0x7a0</size>
         <input_file_ref idref="fl-92"/>
      </object_component>
      <object_component id="oc-69">
         <name>.debug_info</name>
         <load_address>0xbca5</load_address>
         <run_address>0xbca5</run_address>
         <size>0x671</size>
         <input_file_ref idref="fl-93"/>
      </object_component>
      <object_component id="oc-6c">
         <name>.debug_info</name>
         <load_address>0xc316</load_address>
         <run_address>0xc316</run_address>
         <size>0x69c</size>
         <input_file_ref idref="fl-94"/>
      </object_component>
      <object_component id="oc-6f">
         <name>.debug_info</name>
         <load_address>0xc9b2</load_address>
         <run_address>0xc9b2</run_address>
         <size>0x8ec</size>
         <input_file_ref idref="fl-95"/>
      </object_component>
      <object_component id="oc-72">
         <name>.debug_info</name>
         <load_address>0xd29e</load_address>
         <run_address>0xd29e</run_address>
         <size>0x64e</size>
         <input_file_ref idref="fl-96"/>
      </object_component>
      <object_component id="oc-75">
         <name>.debug_info</name>
         <load_address>0xd8ec</load_address>
         <run_address>0xd8ec</run_address>
         <size>0x6ce</size>
         <input_file_ref idref="fl-97"/>
      </object_component>
      <object_component id="oc-78">
         <name>.debug_info</name>
         <load_address>0xdfba</load_address>
         <run_address>0xdfba</run_address>
         <size>0x62e</size>
         <input_file_ref idref="fl-98"/>
      </object_component>
      <object_component id="oc-7b">
         <name>.debug_info</name>
         <load_address>0xe5e8</load_address>
         <run_address>0xe5e8</run_address>
         <size>0x62e</size>
         <input_file_ref idref="fl-99"/>
      </object_component>
      <object_component id="oc-7e">
         <name>.debug_info</name>
         <load_address>0xec16</load_address>
         <run_address>0xec16</run_address>
         <size>0xdc6</size>
         <input_file_ref idref="fl-9a"/>
      </object_component>
      <object_component id="oc-82">
         <name>.debug_info</name>
         <load_address>0xf9dc</load_address>
         <run_address>0xf9dc</run_address>
         <size>0x853</size>
         <input_file_ref idref="fl-9b"/>
      </object_component>
      <object_component id="oc-86">
         <name>.debug_info</name>
         <load_address>0x1022f</load_address>
         <run_address>0x1022f</run_address>
         <size>0x7d0</size>
         <input_file_ref idref="fl-9c"/>
      </object_component>
      <object_component id="oc-89">
         <name>.debug_info</name>
         <load_address>0x109ff</load_address>
         <run_address>0x109ff</run_address>
         <size>0x7b7</size>
         <input_file_ref idref="fl-9d"/>
      </object_component>
      <object_component id="oc-8c">
         <name>.debug_info</name>
         <load_address>0x111b6</load_address>
         <run_address>0x111b6</run_address>
         <size>0x636</size>
         <input_file_ref idref="fl-9e"/>
      </object_component>
      <object_component id="oc-91">
         <name>.debug_info</name>
         <load_address>0x117ec</load_address>
         <run_address>0x117ec</run_address>
         <size>0x292c</size>
         <input_file_ref idref="fl-9f"/>
      </object_component>
      <object_component id="oc-95">
         <name>.debug_info</name>
         <load_address>0x14118</load_address>
         <run_address>0x14118</run_address>
         <size>0x6d4</size>
         <input_file_ref idref="fl-a0"/>
      </object_component>
      <object_component id="oc-98">
         <name>.debug_info</name>
         <load_address>0x147ec</load_address>
         <run_address>0x147ec</run_address>
         <size>0x6cb</size>
         <input_file_ref idref="fl-a1"/>
      </object_component>
      <object_component id="oc-9b">
         <name>.debug_info</name>
         <load_address>0x14eb7</load_address>
         <run_address>0x14eb7</run_address>
         <size>0x6d8</size>
         <input_file_ref idref="fl-a2"/>
      </object_component>
      <object_component id="oc-9e">
         <name>.debug_info</name>
         <load_address>0x1558f</load_address>
         <run_address>0x1558f</run_address>
         <size>0x841</size>
         <input_file_ref idref="fl-a3"/>
      </object_component>
      <object_component id="oc-a1">
         <name>.debug_info</name>
         <load_address>0x15dd0</load_address>
         <run_address>0x15dd0</run_address>
         <size>0x6b9</size>
         <input_file_ref idref="fl-a4"/>
      </object_component>
      <object_component id="oc-a4">
         <name>.debug_info</name>
         <load_address>0x16489</load_address>
         <run_address>0x16489</run_address>
         <size>0x7af</size>
         <input_file_ref idref="fl-a5"/>
      </object_component>
      <object_component id="oc-a7">
         <name>.debug_info</name>
         <load_address>0x16c38</load_address>
         <run_address>0x16c38</run_address>
         <size>0x5e4</size>
         <input_file_ref idref="fl-a6"/>
      </object_component>
      <object_component id="oc-a9">
         <name>.debug_info</name>
         <load_address>0x1721c</load_address>
         <run_address>0x1721c</run_address>
         <size>0x6d1</size>
         <input_file_ref idref="fl-a7"/>
      </object_component>
      <object_component id="oc-ad">
         <name>.debug_info</name>
         <load_address>0x178ed</load_address>
         <run_address>0x178ed</run_address>
         <size>0x993</size>
         <input_file_ref idref="fl-a8"/>
      </object_component>
      <object_component id="oc-b0">
         <name>.debug_info</name>
         <load_address>0x18280</load_address>
         <run_address>0x18280</run_address>
         <size>0xbc</size>
         <input_file_ref idref="fl-a9"/>
      </object_component>
      <object_component id="oc-b3">
         <name>.debug_info</name>
         <load_address>0x1833c</load_address>
         <run_address>0x1833c</run_address>
         <size>0x681</size>
         <input_file_ref idref="fl-aa"/>
      </object_component>
      <object_component id="oc-b6">
         <name>.debug_info</name>
         <load_address>0x189bd</load_address>
         <run_address>0x189bd</run_address>
         <size>0x69a</size>
         <input_file_ref idref="fl-ab"/>
      </object_component>
      <object_component id="oc-b9">
         <name>.debug_info</name>
         <load_address>0x19057</load_address>
         <run_address>0x19057</run_address>
         <size>0x814</size>
         <input_file_ref idref="fl-ac"/>
      </object_component>
      <object_component id="oc-bc">
         <name>.debug_info</name>
         <load_address>0x1986b</load_address>
         <run_address>0x1986b</run_address>
         <size>0xab3</size>
         <input_file_ref idref="fl-ad"/>
      </object_component>
      <object_component id="oc-c0">
         <name>.debug_info</name>
         <load_address>0x1a31e</load_address>
         <run_address>0x1a31e</run_address>
         <size>0x6e0</size>
         <input_file_ref idref="fl-ae"/>
      </object_component>
      <object_component id="oc-c3">
         <name>.debug_info</name>
         <load_address>0x1a9fe</load_address>
         <run_address>0x1a9fe</run_address>
         <size>0x68e</size>
         <input_file_ref idref="fl-af"/>
      </object_component>
      <object_component id="oc-c6">
         <name>.debug_info</name>
         <load_address>0x1b08c</load_address>
         <run_address>0x1b08c</run_address>
         <size>0x685</size>
         <input_file_ref idref="fl-b0"/>
      </object_component>
      <object_component id="oc-c9">
         <name>.debug_info</name>
         <load_address>0x1b711</load_address>
         <run_address>0x1b711</run_address>
         <size>0x7a3</size>
         <input_file_ref idref="fl-b1"/>
      </object_component>
      <object_component id="oc-cc">
         <name>.debug_info</name>
         <load_address>0x1beb4</load_address>
         <run_address>0x1beb4</run_address>
         <size>0x78d</size>
         <input_file_ref idref="fl-b2"/>
      </object_component>
      <object_component id="oc-cf">
         <name>.debug_info</name>
         <load_address>0x1c641</load_address>
         <run_address>0x1c641</run_address>
         <size>0x788</size>
         <input_file_ref idref="fl-b3"/>
      </object_component>
      <object_component id="oc-d2">
         <name>.debug_info</name>
         <load_address>0x1cdc9</load_address>
         <run_address>0x1cdc9</run_address>
         <size>0x800</size>
         <input_file_ref idref="fl-b4"/>
      </object_component>
      <object_component id="oc-d5">
         <name>.debug_info</name>
         <load_address>0x1d5c9</load_address>
         <run_address>0x1d5c9</run_address>
         <size>0x6eb</size>
         <input_file_ref idref="fl-b5"/>
      </object_component>
      <object_component id="oc-d8">
         <name>.debug_info</name>
         <load_address>0x1dcb4</load_address>
         <run_address>0x1dcb4</run_address>
         <size>0x719</size>
         <input_file_ref idref="fl-b6"/>
      </object_component>
      <object_component id="oc-db">
         <name>.debug_info</name>
         <load_address>0x1e3cd</load_address>
         <run_address>0x1e3cd</run_address>
         <size>0x6bc</size>
         <input_file_ref idref="fl-b7"/>
      </object_component>
      <object_component id="oc-de">
         <name>.debug_info</name>
         <load_address>0x1ea89</load_address>
         <run_address>0x1ea89</run_address>
         <size>0x6cf</size>
         <input_file_ref idref="fl-b8"/>
      </object_component>
      <object_component id="oc-e1">
         <name>.debug_info</name>
         <load_address>0x1f158</load_address>
         <run_address>0x1f158</run_address>
         <size>0x6a1</size>
         <input_file_ref idref="fl-b9"/>
      </object_component>
      <object_component id="oc-e4">
         <name>.debug_info</name>
         <load_address>0x1f7f9</load_address>
         <run_address>0x1f7f9</run_address>
         <size>0x607</size>
         <input_file_ref idref="fl-ba"/>
      </object_component>
      <object_component id="oc-e7">
         <name>.debug_info</name>
         <load_address>0x1fe00</load_address>
         <run_address>0x1fe00</run_address>
         <size>0x602</size>
         <input_file_ref idref="fl-bb"/>
      </object_component>
      <object_component id="oc-ea">
         <name>.debug_info</name>
         <load_address>0x20402</load_address>
         <run_address>0x20402</run_address>
         <size>0x6f8</size>
         <input_file_ref idref="fl-bc"/>
      </object_component>
      <object_component id="oc-ed">
         <name>.debug_info</name>
         <load_address>0x20afa</load_address>
         <run_address>0x20afa</run_address>
         <size>0x7f6</size>
         <input_file_ref idref="fl-bd"/>
      </object_component>
      <object_component id="oc-f0">
         <name>.debug_info</name>
         <load_address>0x212f0</load_address>
         <run_address>0x212f0</run_address>
         <size>0x5b6</size>
         <input_file_ref idref="fl-be"/>
      </object_component>
      <object_component id="oc-f3">
         <name>.debug_info</name>
         <load_address>0x218a6</load_address>
         <run_address>0x218a6</run_address>
         <size>0x71c</size>
         <input_file_ref idref="fl-bf"/>
      </object_component>
      <object_component id="oc-1d9">
         <name>.debug_info</name>
         <load_address>0x21fc2</load_address>
         <run_address>0x21fc2</run_address>
         <size>0x6d</size>
      </object_component>
      <object_component id="oc-1a">
         <name>.debug_frame</name>
         <load_address>0x0</load_address>
         <run_address>0x0</run_address>
         <size>0x26a</size>
         <input_file_ref idref="fl-2"/>
      </object_component>
      <object_component id="oc-1b">
         <name>.debug_line</name>
         <load_address>0x0</load_address>
         <run_address>0x0</run_address>
         <size>0xc7</size>
         <input_file_ref idref="fl-2"/>
      </object_component>
      <object_component id="oc-1e">
         <name>.debug_line</name>
         <load_address>0xc7</load_address>
         <run_address>0xc7</run_address>
         <size>0x59</size>
         <input_file_ref idref="fl-7d"/>
      </object_component>
      <object_component id="oc-22">
         <name>.debug_line</name>
         <load_address>0x120</load_address>
         <run_address>0x120</run_address>
         <size>0x3d</size>
         <input_file_ref idref="fl-7e"/>
      </object_component>
      <object_component id="oc-25">
         <name>.debug_line</name>
         <load_address>0x15d</load_address>
         <run_address>0x15d</run_address>
         <size>0x37</size>
         <input_file_ref idref="fl-7f"/>
      </object_component>
      <object_component id="oc-28">
         <name>.debug_line</name>
         <load_address>0x194</load_address>
         <run_address>0x194</run_address>
         <size>0x37</size>
         <input_file_ref idref="fl-80"/>
      </object_component>
      <object_component id="oc-2b">
         <name>.debug_line</name>
         <load_address>0x1cb</load_address>
         <run_address>0x1cb</run_address>
         <size>0x3d</size>
         <input_file_ref idref="fl-81"/>
      </object_component>
      <object_component id="oc-2e">
         <name>.debug_line</name>
         <load_address>0x208</load_address>
         <run_address>0x208</run_address>
         <size>0x5a</size>
         <input_file_ref idref="fl-82"/>
      </object_component>
      <object_component id="oc-33">
         <name>.debug_line</name>
         <load_address>0x262</load_address>
         <run_address>0x262</run_address>
         <size>0x4f</size>
         <input_file_ref idref="fl-83"/>
      </object_component>
      <object_component id="oc-36">
         <name>.debug_line</name>
         <load_address>0x2b1</load_address>
         <run_address>0x2b1</run_address>
         <size>0x53</size>
         <input_file_ref idref="fl-84"/>
      </object_component>
      <object_component id="oc-39">
         <name>.debug_line</name>
         <load_address>0x304</load_address>
         <run_address>0x304</run_address>
         <size>0x3e</size>
         <input_file_ref idref="fl-85"/>
      </object_component>
      <object_component id="oc-3c">
         <name>.debug_line</name>
         <load_address>0x342</load_address>
         <run_address>0x342</run_address>
         <size>0x3d</size>
         <input_file_ref idref="fl-86"/>
      </object_component>
      <object_component id="oc-3f">
         <name>.debug_line</name>
         <load_address>0x37f</load_address>
         <run_address>0x37f</run_address>
         <size>0x3d</size>
         <input_file_ref idref="fl-87"/>
      </object_component>
      <object_component id="oc-42">
         <name>.debug_line</name>
         <load_address>0x3bc</load_address>
         <run_address>0x3bc</run_address>
         <size>0x38</size>
         <input_file_ref idref="fl-88"/>
      </object_component>
      <object_component id="oc-45">
         <name>.debug_line</name>
         <load_address>0x3f4</load_address>
         <run_address>0x3f4</run_address>
         <size>0x3d</size>
         <input_file_ref idref="fl-89"/>
      </object_component>
      <object_component id="oc-48">
         <name>.debug_line</name>
         <load_address>0x431</load_address>
         <run_address>0x431</run_address>
         <size>0x3d</size>
         <input_file_ref idref="fl-8a"/>
      </object_component>
      <object_component id="oc-4d">
         <name>.debug_line</name>
         <load_address>0x46e</load_address>
         <run_address>0x46e</run_address>
         <size>0x91</size>
         <input_file_ref idref="fl-8b"/>
      </object_component>
      <object_component id="oc-50">
         <name>.debug_line</name>
         <load_address>0x4ff</load_address>
         <run_address>0x4ff</run_address>
         <size>0x40</size>
         <input_file_ref idref="fl-8c"/>
      </object_component>
      <object_component id="oc-53">
         <name>.debug_line</name>
         <load_address>0x53f</load_address>
         <run_address>0x53f</run_address>
         <size>0x4e</size>
         <input_file_ref idref="fl-8d"/>
      </object_component>
      <object_component id="oc-56">
         <name>.debug_line</name>
         <load_address>0x58d</load_address>
         <run_address>0x58d</run_address>
         <size>0x93</size>
         <input_file_ref idref="fl-8e"/>
      </object_component>
      <object_component id="oc-5b">
         <name>.debug_line</name>
         <load_address>0x620</load_address>
         <run_address>0x620</run_address>
         <size>0x145</size>
         <input_file_ref idref="fl-8f"/>
      </object_component>
      <object_component id="oc-5e">
         <name>.debug_line</name>
         <load_address>0x765</load_address>
         <run_address>0x765</run_address>
         <size>0x4f</size>
         <input_file_ref idref="fl-90"/>
      </object_component>
      <object_component id="oc-64">
         <name>.debug_line</name>
         <load_address>0x7b4</load_address>
         <run_address>0x7b4</run_address>
         <size>0xa7</size>
         <input_file_ref idref="fl-91"/>
      </object_component>
      <object_component id="oc-67">
         <name>.debug_line</name>
         <load_address>0x85b</load_address>
         <run_address>0x85b</run_address>
         <size>0x46</size>
         <input_file_ref idref="fl-92"/>
      </object_component>
      <object_component id="oc-6a">
         <name>.debug_line</name>
         <load_address>0x8a1</load_address>
         <run_address>0x8a1</run_address>
         <size>0x37</size>
         <input_file_ref idref="fl-93"/>
      </object_component>
      <object_component id="oc-6d">
         <name>.debug_line</name>
         <load_address>0x8d8</load_address>
         <run_address>0x8d8</run_address>
         <size>0x3c</size>
         <input_file_ref idref="fl-94"/>
      </object_component>
      <object_component id="oc-70">
         <name>.debug_line</name>
         <load_address>0x914</load_address>
         <run_address>0x914</run_address>
         <size>0x6a</size>
         <input_file_ref idref="fl-95"/>
      </object_component>
      <object_component id="oc-73">
         <name>.debug_line</name>
         <load_address>0x97e</load_address>
         <run_address>0x97e</run_address>
         <size>0x39</size>
         <input_file_ref idref="fl-96"/>
      </object_component>
      <object_component id="oc-76">
         <name>.debug_line</name>
         <load_address>0x9b7</load_address>
         <run_address>0x9b7</run_address>
         <size>0x39</size>
         <input_file_ref idref="fl-97"/>
      </object_component>
      <object_component id="oc-79">
         <name>.debug_line</name>
         <load_address>0x9f0</load_address>
         <run_address>0x9f0</run_address>
         <size>0x37</size>
         <input_file_ref idref="fl-98"/>
      </object_component>
      <object_component id="oc-7c">
         <name>.debug_line</name>
         <load_address>0xa27</load_address>
         <run_address>0xa27</run_address>
         <size>0x37</size>
         <input_file_ref idref="fl-99"/>
      </object_component>
      <object_component id="oc-80">
         <name>.debug_line</name>
         <load_address>0xa5e</load_address>
         <run_address>0xa5e</run_address>
         <size>0x122</size>
         <input_file_ref idref="fl-9a"/>
      </object_component>
      <object_component id="oc-84">
         <name>.debug_line</name>
         <load_address>0xb80</load_address>
         <run_address>0xb80</run_address>
         <size>0x60</size>
         <input_file_ref idref="fl-9b"/>
      </object_component>
      <object_component id="oc-87">
         <name>.debug_line</name>
         <load_address>0xbe0</load_address>
         <run_address>0xbe0</run_address>
         <size>0x4a</size>
         <input_file_ref idref="fl-9c"/>
      </object_component>
      <object_component id="oc-8a">
         <name>.debug_line</name>
         <load_address>0xc2a</load_address>
         <run_address>0xc2a</run_address>
[...]
         <used_space>0x0</used_space>
         <unused_space>0x10000000</unused_space>
         <attributes>RWIX</attributes>
         <usage_details>
         </usage_details>
      </memory_area>
   </placement_map>
   <symbol_table>
      <symbol id="sm-0">
         <name>cinit</name>
         <value>0x40a4d8</value>
      </symbol>
      <symbol id="sm-1">
         <name>___cinit__</name>
         <value>0x40a4d8</value>
      </symbol>
      <symbol id="sm-2">
         <name>pinit</name>
         <value>0xffffffff</value>
      </symbol>
      <symbol id="sm-3">
         <name>___pinit__</name>
         <value>0xffffffff</value>
      </symbol>
      <symbol id="sm-4">
         <name>binit</name>
         <value>0xffffffff</value>
      </symbol>
      <symbol id="sm-5">
         <name>___binit__</name>
         <value>0xffffffff</value>
      </symbol>
      <symbol id="sm-6">
         <name>__STACK_SIZE</name>
         <value>0x200000</value>
      </symbol>
      <symbol id="sm-7">
         <name>__STACK_END</name>
         <value>0x200000</value>
      </symbol>
      <symbol id="sm-8">
         <name>__SYSMEM_SIZE</name>
         <value>0x200000</value>
      </symbol>
      <symbol id="sm-9">
         <name>___c_args__</name>
         <value>0xffffffff</value>
      </symbol>
      <symbol id="sm-a">
         <name>.text</name>
         <value>0x400000</value>
      </symbol>
      <symbol id="sm-b">
         <name>___text__</name>
         <value>0x400000</value>
      </symbol>
      <symbol id="sm-c">
         <name>etext</name>
         <value>0x409ee0</value>
      </symbol>
      <symbol id="sm-d">
         <name>___etext__</name>
         <value>0x409ee0</value>
      </symbol>
      <symbol id="sm-e">
         <name>.data</name>
         <value>0x0</value>
      </symbol>
      <symbol id="sm-f">
         <name>___data__</name>
         <value>0x0</value>
      </symbol>
      <symbol id="sm-10">
         <name>edata</name>
         <value>0x0</value>
      </symbol>
      <symbol id="sm-11">
         <name>___edata__</name>
         <value>0x0</value>
      </symbol>
      <symbol id="sm-12">
         <name>.bss</name>
         <value>0x0</value>
      </symbol>
      <symbol id="sm-13">
         <name>___bss__</name>
         <value>0x0</value>
      </symbol>
      <symbol id="sm-14">
         <name>end</name>
         <value>0x0</value>
      </symbol>
      <symbol id="sm-15">
         <name>___end__</name>
         <value>0x0</value>
      </symbol>
      <symbol id="sm-16">
         <name>___TI_pprof_out_hndl</name>
         <value>0xffffffff</value>
      </symbol>
      <symbol id="sm-17">
         <name>___TI_prof_data_start</name>
         <value>0xffffffff</value>
      </symbol>
      <symbol id="sm-18">
         <name>___TI_prof_data_size</name>
         <value>0xffffffff</value>
      </symbol>
      <symbol id="sm-19">
         <name>$bss</name>
         <value>0x0</value>
      </symbol>
      <symbol id="sm-af">
         <name>_main</name>
         <value>0x400000</value>
         <object_component_ref idref="oc-104"/>
      </symbol>
      <symbol id="sm-b0">
         <name>_iFileName</name>
         <value>0x40a4a0</value>
         <object_component_ref idref="oc-109"/>
      </symbol>
      <symbol id="sm-b1">
         <name>_output_size</name>
         <value>0x40a4d0</value>
         <object_component_ref idref="oc-10e"/>
      </symbol>
      <symbol id="sm-b2">
         <name>_oFileName</name>
         <value>0x40a4b0</value>
         <object_component_ref idref="oc-10a"/>
      </symbol>
      <symbol id="sm-bc">
         <name>__addf</name>
         <value>0x403620</value>
         <object_component_ref idref="oc-11b"/>
      </symbol>
      <symbol id="sm-c8">
         <name>_c_int00</name>
         <value>0x409b40</value>
         <object_component_ref idref="oc-17"/>
      </symbol>
      <symbol id="sm-c9">
         <name>__stack</name>
         <value>0x0</value>
         <object_component_ref idref="oc-21"/>
      </symbol>
      <symbol id="sm-d3">
         <name>_ceil</name>
         <value>0x409580</value>
         <object_component_ref idref="oc-118"/>
      </symbol>
      <symbol id="sm-dd">
         <name>__cmpd</name>
         <value>0x407f40</value>
         <object_component_ref idref="oc-131"/>
      </symbol>
      <symbol id="sm-e7">
         <name>__cvtfd</name>
         <value>0x409900</value>
         <object_component_ref idref="oc-115"/>
      </symbol>
      <symbol id="sm-f3">
         <name>__divf</name>
         <value>0x403280</value>
         <object_component_ref idref="oc-113"/>
      </symbol>
      <symbol id="sm-103">
         <name>C$$EXIT</name>
         <value>0x409e80</value>
         <object_component_ref idref="oc-105"/>
      </symbol>
      <symbol id="sm-104">
         <name>_exit</name>
         <value>0x408ac0</value>
         <object_component_ref idref="oc-f8"/>
      </symbol>
      <symbol id="sm-105">
         <name>___TI_enable_exit_profile_output</name>
         <value>0x40a32c</value>
         <object_component_ref idref="oc-32"/>
      </symbol>
      <symbol id="sm-106">
         <name>_abort</name>
         <value>0x409e80</value>
         <object_component_ref idref="oc-105"/>
      </symbol>
      <symbol id="sm-107">
         <name>__cleanup_ptr</name>
         <value>0x40a324</value>
         <object_component_ref idref="oc-32"/>
      </symbol>
      <symbol id="sm-108">
         <name>__dtors_ptr</name>
         <value>0x40a328</value>
         <object_component_ref idref="oc-32"/>
      </symbol>
      <symbol id="sm-114">
         <name>__closefile</name>
         <value>0x406e60</value>
         <object_component_ref idref="oc-134"/>
      </symbol>
      <symbol id="sm-115">
         <name>_fclose</name>
         <value>0x409600</value>
         <object_component_ref idref="oc-11d"/>
      </symbol>
      <symbol id="sm-11f">
         <name>__doflush</name>
         <value>0x408100</value>
         <object_component_ref idref="oc-129"/>
      </symbol>
      <symbol id="sm-129">
         <name>__fixdi</name>
         <value>0x408f20</value>
         <object_component_ref idref="oc-117"/>
      </symbol>
      <symbol id="sm-133">
         <name>__fixfu</name>
         <value>0x409060</value>
         <object_component_ref idref="oc-11c"/>
      </symbol>
      <symbol id="sm-13d">
         <name>_floor</name>
         <value>0x409680</value>
         <object_component_ref idref="oc-116"/>
      </symbol>
      <symbol id="sm-147">
         <name>__fltif</name>
         <value>0x409960</value>
         <object_component_ref idref="oc-112"/>
      </symbol>
      <symbol id="sm-151">
         <name>__fltuf</name>
         <value>0x409cc0</value>
         <object_component_ref idref="oc-119"/>
      </symbol>
      <symbol id="sm-165">
         <name>__cleanup</name>
         <value>0x408700</value>
         <object_component_ref idref="oc-135"/>
      </symbol>
      <symbol id="sm-166">
         <name>_fopen</name>
         <value>0x409700</value>
         <object_component_ref idref="oc-108"/>
      </symbol>
      <symbol id="sm-170">
         <name>__frcmpyf_div</name>
         <value>0x409d00</value>
         <object_component_ref idref="oc-12e"/>
      </symbol>
      <symbol id="sm-17a">
         <name>_fread</name>
         <value>0x403fc0</value>
         <object_component_ref idref="oc-10b"/>
      </symbol>
      <symbol id="sm-184">
         <name>_fwrite</name>
         <value>0x4013a0</value>
         <object_component_ref idref="oc-10f"/>
      </symbol>
      <symbol id="sm-1a2">
         <name>_read</name>
         <value>0x408d00</value>
         <object_component_ref idref="oc-123"/>
      </symbol>
      <symbol id="sm-1a3">
         <name>_unlink</name>
         <value>0x409880</value>
         <object_component_ref idref="oc-14a"/>
      </symbol>
      <symbol id="sm-1a4">
         <name>_open</name>
         <value>0x406540</value>
         <object_component_ref idref="oc-136"/>
      </symbol>
      <symbol id="sm-1a5">
         <name>_lseek</name>
         <value>0x408b80</value>
         <object_component_ref idref="oc-13e"/>
      </symbol>
      <symbol id="sm-1a6">
         <name>_close</name>
         <value>0x407a80</value>
         <object_component_ref idref="oc-141"/>
      </symbol>
      <symbol id="sm-1a7">
         <name>_write</name>
         <value>0x408dc0</value>
         <object_component_ref idref="oc-12a"/>
      </symbol>
      <symbol id="sm-1af">
         <name>_memcpy</name>
         <value>0x4082c0</value>
         <object_component_ref idref="oc-102"/>
      </symbol>
      <symbol id="sm-1c5">
         <name>__sys_memory</name>
         <value>0x200000</value>
         <object_component_ref idref="oc-63"/>
      </symbol>
      <symbol id="sm-1c6">
         <name>_free</name>
         <value>0x4042c0</value>
         <object_component_ref idref="oc-140"/>
      </symbol>
      <symbol id="sm-1c7">
         <name>_malloc</name>
         <value>0x406380</value>
         <object_component_ref idref="oc-110"/>
      </symbol>
      <symbol id="sm-1d1">
         <name>_memset</name>
         <value>0x407c80</value>
         <object_component_ref idref="oc-111"/>
      </symbol>
      <symbol id="sm-1db">
         <name>_modf</name>
         <value>0x4083a0</value>
         <object_component_ref idref="oc-130"/>
      </symbol>
      <symbol id="sm-1e5">
         <name>__mpyf</name>
         <value>0x4056e0</value>
         <object_component_ref idref="oc-114"/>
      </symbol>
      <symbol id="sm-1f3">
         <name>_printf</name>
         <value>0x408560</value>
         <object_component_ref idref="oc-10c"/>
      </symbol>
      <symbol id="sm-1fd">
         <name>_remove</name>
         <value>0x409ea0</value>
         <object_component_ref idref="oc-142"/>
      </symbol>
      <symbol id="sm-207">
         <name>_rewind</name>
         <value>0x409ec0</value>
         <object_component_ref idref="oc-10d"/>
      </symbol>
      <symbol id="sm-211">
         <name>__subd</name>
         <value>0x409d80</value>
         <object_component_ref idref="oc-132"/>
      </symbol>
      <symbol id="sm-21b">
         <name>__subf</name>
         <value>0x409dc0</value>
         <object_component_ref idref="oc-11a"/>
      </symbol>
      <symbol id="sm-233">
         <name>_HOSTopen</name>
         <value>0x407680</value>
         <object_component_ref idref="oc-f9"/>
      </symbol>
      <symbol id="sm-234">
         <name>_HOSTread</name>
         <value>0x407780</value>
         <object_component_ref idref="oc-fb"/>
      </symbol>
      <symbol id="sm-235">
         <name>_HOSTrename</name>
         <value>0x405da0</value>
         <object_component_ref idref="oc-ff"/>
      </symbol>
      <symbol id="sm-236">
         <name>_HOSTwrite</name>
         <value>0x407880</value>
         <object_component_ref idref="oc-fc"/>
      </symbol>
      <symbol id="sm-237">
         <name>_HOSTlseek</name>
         <value>0x4070e0</value>
         <object_component_ref idref="oc-fd"/>
      </symbol>
      <symbol id="sm-238">
         <name>_HOSTunlink</name>
         <value>0x407d80</value>
         <object_component_ref idref="oc-fe"/>
      </symbol>
      <symbol id="sm-239">
         <name>_HOSTclose</name>
         <value>0x408640</value>
         <object_component_ref idref="oc-fa"/>
      </symbol>
      <symbol id="sm-247">
         <name>C$$IO$$</name>
         <value>0x409bf8</value>
         <object_component_ref idref="oc-106"/>
      </symbol>
      <symbol id="sm-248">
         <name>__CIOBUF_</name>
         <value>0x40a630</value>
         <object_component_ref idref="oc-83"/>
      </symbol>
      <symbol id="sm-249">
         <name>_readmsg</name>
         <value>0x409800</value>
         <object_component_ref idref="oc-107"/>
      </symbol>
      <symbol id="sm-24a">
         <name>_writemsg</name>
         <value>0x409ba0</value>
         <object_component_ref idref="oc-106"/>
      </symbol>
      <symbol id="sm-254">
         <name>__buff_read</name>
         <value>0x407200</value>
         <object_component_ref idref="oc-121"/>
      </symbol>
      <symbol id="sm-260">
         <name>__rd_ok</name>
         <value>0x408a00</value>
         <object_component_ref idref="oc-120"/>
      </symbol>
      <symbol id="sm-261">
         <name>__wrt_ok</name>
         <value>0x407440</value>
         <object_component_ref idref="oc-128"/>
      </symbol>
      <symbol id="sm-26f">
         <name>__unlock</name>
         <value>0x40a334</value>
         <object_component_ref idref="oc-8e"/>
      </symbol>
      <symbol id="sm-270">
         <name>__lock</name>
         <value>0x40a330</value>
         <object_component_ref idref="oc-8e"/>
      </symbol>
      <symbol id="sm-271">
         <name>__nop</name>
         <value>0x409e20</value>
         <object_component_ref idref="oc-100"/>
      </symbol>
      <symbol id="sm-2a1">
         <name>__printfi</name>
         <value>0x401e00</value>
         <object_component_ref idref="oc-125"/>
      </symbol>
      <symbol id="sm-2ab">
         <name>__addd</name>
         <value>0x4054a0</value>
         <object_component_ref idref="oc-133"/>
      </symbol>
      <symbol id="sm-2b5">
         <name>__args_main</name>
         <value>0x409c80</value>
         <object_component_ref idref="oc-f7"/>
      </symbol>
      <symbol id="sm-2b6">
         <name>__TI_args_main</name>
         <value>0x1</value>
      </symbol>
      <symbol id="sm-2c0">
         <name>_atoi</name>
         <value>0x407560</value>
         <object_component_ref idref="oc-145"/>
      </symbol>
      <symbol id="sm-2ca">
         <name>__auto_init</name>
         <value>0x407e60</value>
         <object_component_ref idref="oc-f6"/>
      </symbol>
      <symbol id="sm-2d4">
         <name>___TI_cpp_init</name>
         <value>0x409380</value>
         <object_component_ref idref="oc-103"/>
      </symbol>
      <symbol id="sm-2de">
         <name>_copy_in</name>
         <value>0x4091a0</value>
         <object_component_ref idref="oc-101"/>
      </symbol>
      <symbol id="sm-2e6">
         <name>__ctypes_</name>
         <value>0x40a348</value>
         <object_component_ref idref="oc-14c"/>
      </symbol>
      <symbol id="sm-2f0">
         <name>__tmpnams</name>
         <value>0x40a0c0</value>
         <object_component_ref idref="oc-ab"/>
      </symbol>
      <symbol id="sm-2f1">
         <name>__ft_end</name>
         <value>0x40a200</value>
         <object_component_ref idref="oc-ab"/>
      </symbol>
      <symbol id="sm-2f2">
         <name>__ftable</name>
         <value>0x409ee0</value>
         <object_component_ref idref="oc-ab"/>
      </symbol>
      <symbol id="sm-2fe">
         <name>__divd</name>
         <value>0x400de0</value>
         <object_component_ref idref="oc-15c"/>
      </symbol>
      <symbol id="sm-306">
         <name>__c6xabi_divu</name>
         <value>0x4087c0</value>
         <object_component_ref idref="oc-122"/>
      </symbol>
      <symbol id="sm-307">
         <name>__divu</name>
         <value>0x4087c0</value>
         <object_component_ref idref="oc-122"/>
      </symbol>
      <symbol id="sm-311">
         <name>__fixdli</name>
         <value>0x408fc0</value>
         <object_component_ref idref="oc-15f"/>
      </symbol>
      <symbol id="sm-31b">
         <name>__fltlid</name>
         <value>0x409400</value>
         <object_component_ref idref="oc-161"/>
      </symbol>
      <symbol id="sm-325">
         <name>_putc</name>
         <value>0x405240</value>
         <object_component_ref idref="oc-13d"/>
      </symbol>
      <symbol id="sm-326">
         <name>_fputc</name>
         <value>0x405240</value>
         <object_component_ref idref="oc-13d"/>
      </symbol>
      <symbol id="sm-332">
         <name>_fputs</name>
         <value>0x4022c0</value>
         <object_component_ref idref="oc-138"/>
      </symbol>
      <symbol id="sm-33c">
         <name>__frcaddd</name>
         <value>0x404d80</value>
         <object_component_ref idref="oc-13f"/>
      </symbol>
      <symbol id="sm-346">
         <name>__frcmpyd_div</name>
         <value>0x407980</value>
         <object_component_ref idref="oc-164"/>
      </symbol>
      <symbol id="sm-350">
         <name>__frcmpyf</name>
         <value>0x4099c0</value>
         <object_component_ref idref="oc-12f"/>
      </symbol>
      <symbol id="sm-35a">
         <name>_fseek</name>
         <value>0x4068a0</value>
         <object_component_ref idref="oc-127"/>
      </symbol>
      <symbol id="sm-368">
         <name>__divul</name>
         <value>0x406700</value>
         <object_component_ref idref="oc-165"/>
      </symbol>
      <symbol id="sm-369">
         <name>__remli</name>
         <value>0x409a80</value>
         <object_component_ref idref="oc-167"/>
      </symbol>
      <symbol id="sm-36a">
         <name>__divli</name>
         <value>0x408e80</value>
         <object_component_ref idref="oc-168"/>
      </symbol>
      <symbol id="sm-376">
         <name>__subcull</name>
         <value>0x409ae0</value>
         <object_component_ref idref="oc-16a"/>
      </symbol>
      <symbol id="sm-377">
         <name>__divull</name>
         <value>0x4045a0</value>
         <object_component_ref idref="oc-166"/>
      </symbol>
      <symbol id="sm-381">
         <name>___isinf</name>
         <value>0x409c00</value>
         <object_component_ref idref="oc-14e"/>
      </symbol>
      <symbol id="sm-38d">
         <name>__llshl</name>
         <value>0x409480</value>
         <object_component_ref idref="oc-169"/>
      </symbol>
      <symbol id="sm-38e">
         <name>__llshru</name>
         <value>0x409a20</value>
         <object_component_ref idref="oc-16b"/>
      </symbol>
      <symbol id="sm-398">
         <name>_ltoa</name>
         <value>0x407b80</value>
         <object_component_ref idref="oc-160"/>
      </symbol>
      <symbol id="sm-3a2">
         <name>_memccpy</name>
         <value>0x409780</value>
         <object_component_ref idref="oc-148"/>
      </symbol>
      <symbol id="sm-3ac">
         <name>__mpyd</name>
         <value>0x404b00</value>
         <object_component_ref idref="oc-15b"/>
      </symbol>
      <symbol id="sm-3b6">
         <name>__mpyll</name>
         <value>0x409500</value>
         <object_component_ref idref="oc-15e"/>
      </symbol>
      <symbol id="sm-3c0">
         <name>__negd</name>
         <value>0x409d40</value>
         <object_component_ref idref="oc-14f"/>
      </symbol>
      <symbol id="sm-3ca">
         <name>__negll</name>
         <value>0x409e00</value>
         <object_component_ref idref="oc-154"/>
      </symbol>
      <symbol id="sm-3d4">
         <name>__renormd</name>
         <value>0x409100</value>
         <object_component_ref idref="oc-149"/>
      </symbol>
      <symbol id="sm-3de">
         <name>_setvbuf</name>
         <value>0x405b60</value>
         <object_component_ref idref="oc-137"/>
      </symbol>
      <symbol id="sm-3ef">
         <name>__frcmpyd</name>
         <value>0x407320</value>
         <object_component_ref idref="oc-162"/>
      </symbol>
   </symbol_table>
</link_info>
